<html>
<body>
<pre>
<h1>µVision Build Log</h1>
<h2>Tool Versions:</h2>
IDE-Version: ¦ÌVision V5.40.0.0
Copyright (C) 2024 ARM Ltd and ARM Germany GmbH. All rights reserved.
License Information: Super Chen, Hainan university, LIC=YA39H-WF6E9-SBNEJ-U14WY-Y4SUR-8JSXL
 
Tool Versions:
Toolchain:       MDK-ARM Plus  Version: 5.40.0.3
Toolchain Path:  D:\Keil_v5\ARM\ARMCLANG\Bin
C Compiler:      ArmClang.exe V6.22
Assembler:       Armasm.exe V6.22
Linker/Locator:  ArmLink.exe V6.22
Library Manager: ArmAr.exe V6.22
Hex Converter:   FromElf.exe V6.22
CPU DLL:         SARMCM3.DLL V5.40.0.3
Dialog DLL:      DARMCM1.DLL V1.19.6.0
Target DLL:      CMSIS_AGDI.dll V1.33.18.0
Dialog DLL:      TARMCM1.DLL V1.14.6.0
 
<h2>Project:</h2>
D:\Car_Control_Final\Car_Control_Summary_1-2Completed\Car_Control_Summary_1-2Completed\keil\empty_LP_MSPM0G3507_nortos_keil.uvprojx
Project File Date:  08/05/2024

<h2>Output:</h2>
*** Using Compiler 'V6.22', folder: 'D:\Keil_v5\ARM\ARMCLANG\Bin'
Build target 'empty_LP_MSPM0G3507_nortos_keil'
Before Build - User command #1: cmd.exe /C "C:/ti/mspm0_sdk_2_01_00_03/tools/keil/syscfg.bat 'D:\Car_Control_Final\Car_Control_Summary_1-2Completed\Car_Control_Summary_1-2Completed\keil\' empty.syscfg"
Using Sysconfig Tool from "C:\ti\sysconfig_1.20.0\sysconfig_cli.bat"
"Update the file located at <sdk path>/tools/keil/syscfg.bat to use a different version"
"Couldn't find .metadata\product.json"
Invalid argument '-s': File "D:\.metadata\product.json" does not exist
compiling empty.c...
compiling dl_rtc_common.c...
compiling dl_spi.c...
compiling ti_msp_dl_config.c...
compiling dl_vref.c...
compiling dl_trng.c...
compiling board.c...
compiling dl_timer.c...
assembling startup_mspm0g350x_uvision.s...
compiling dl_uart.c...
compiling dl_opa.c...
compiling inv_mpu_dmp_motion_driver.c...
compiling motor.c...
compiling bsp_mpu6050.c...
compiling dl_lfss.c...
compiling dl_mathacl.c...
compiling dl_lcd.c...
compiling dl_keystorectl.c...
compiling dl_i2c.c...
compiling inv_mpu.c...
compiling dl_common.c...
compiling dl_aesadv.c...
compiling dl_crc.c...
compiling dl_crcp.c...
compiling dl_dma.c...
compiling dl_mcan.c...
compiling dl_dac12.c...
compiling dl_aes.c...
compiling dl_adc12.c...
compiling dl_flashctl.c...
linking...
Program Size: Code=20092 RO-data=4060 RW-data=64 ZI-data=2312  
FromELF: creating hex file...
".\Objects\empty_LP_MSPM0G3507_nortos_keil.axf" - 0 Error(s), 0 Warning(s).

<h2>Software Packages used:</h2>

Package Vendor: TexasInstruments
                https://software-dl.ti.com/msp430/esd/MSPM0-CMSIS/MSPM0G1X0X_G3X0X/latest/exports/TexasInstruments.MSPM0G1X0X_G3X0X_DFP.1.3.1.pack
                TexasInstruments::MSPM0G1X0X_G3X0X_DFP@1.3.1
                Device Family Pack for Texas Instruments MSPM0G1X0X_G3X0X Series

<h2>Collection of Component include folders:</h2>

<h2>Collection of Component Files used:</h2>
Build Time Elapsed:  00:00:05
</pre>
</body>
</html>
