Component: Arm Compiler for Embedded 6.22 Tool: armlink [5ee90200]

==============================================================================

Section Cross References

    empty.o(.text) refers (Special) to _printf_percent.o(.ARM.Collect$$_printf_percent$$00000000) for _printf_percent
    empty.o(.text) refers (Special) to _printf_d.o(.ARM.Collect$$_printf_percent$$00000009) for _printf_d
    empty.o(.text) refers (Special) to _printf_f.o(.ARM.Collect$$_printf_percent$$00000003) for _printf_f
    empty.o(.text) refers (Special) to _printf_dec.o(.text) for _printf_int_dec
    empty.o(.text) refers (Special) to printf1.o(x$fpl$printf1) for _printf_fp_dec
    empty.o(.text.MPU_task) refers (Special) to _printf_percent.o(.ARM.Collect$$_printf_percent$$00000000) for _printf_percent
    empty.o(.text.MPU_task) refers (Special) to _printf_d.o(.ARM.Collect$$_printf_percent$$00000009) for _printf_d
    empty.o(.text.MPU_task) refers (Special) to _printf_f.o(.ARM.Collect$$_printf_percent$$00000003) for _printf_f
    empty.o(.text.MPU_task) refers (Special) to _printf_dec.o(.text) for _printf_int_dec
    empty.o(.text.MPU_task) refers (Special) to printf1.o(x$fpl$printf1) for _printf_fp_dec
    empty.o(.text.MPU_task) refers to mpu6050.o(.text.MPU6050_GetData) for MPU6050_GetData
    empty.o(.text.MPU_task) refers to mpu6050.o(.text.MPU6050_Read) for MPU6050_Read
    empty.o(.text.MPU_task) refers to mpu6050.o(.text.ComputeEulerAngles) for ComputeEulerAngles
    empty.o(.text.MPU_task) refers to empty.o(.bss.GyroZ) for GyroZ
    empty.o(.text.MPU_task) refers to empty.o(.bss.GyroY) for GyroY
    empty.o(.text.MPU_task) refers to empty.o(.bss.AccX) for AccX
    empty.o(.text.MPU_task) refers to empty.o(.bss.AccY) for AccY
    empty.o(.text.MPU_task) refers to empty.o(.bss.AccZ) for AccZ
    empty.o(.text.MPU_task) refers to empty.o(.bss.GyroX) for GyroX
    empty.o(.text.MPU_task) refers to empty.o(.bss.pitch) for pitch
    empty.o(.text.MPU_task) refers to empty.o(.bss.roll) for roll
    empty.o(.text.MPU_task) refers to empty.o(.bss.yaw) for yaw
    empty.o(.ARM.exidx.text.MPU_task) refers (Special) to _printf_percent.o(.ARM.Collect$$_printf_percent$$00000000) for _printf_percent
    empty.o(.ARM.exidx.text.MPU_task) refers (Special) to _printf_d.o(.ARM.Collect$$_printf_percent$$00000009) for _printf_d
    empty.o(.ARM.exidx.text.MPU_task) refers (Special) to _printf_f.o(.ARM.Collect$$_printf_percent$$00000003) for _printf_f
    empty.o(.ARM.exidx.text.MPU_task) refers (Special) to _printf_dec.o(.text) for _printf_int_dec
    empty.o(.ARM.exidx.text.MPU_task) refers (Special) to printf1.o(x$fpl$printf1) for _printf_fp_dec
    empty.o(.ARM.exidx.text.MPU_task) refers to empty.o(.text.MPU_task) for [Anonymous Symbol]
    empty.o(.text.set_PID) refers (Special) to _printf_percent.o(.ARM.Collect$$_printf_percent$$00000000) for _printf_percent
    empty.o(.text.set_PID) refers (Special) to _printf_d.o(.ARM.Collect$$_printf_percent$$00000009) for _printf_d
    empty.o(.text.set_PID) refers (Special) to _printf_f.o(.ARM.Collect$$_printf_percent$$00000003) for _printf_f
    empty.o(.text.set_PID) refers (Special) to _printf_dec.o(.text) for _printf_int_dec
    empty.o(.text.set_PID) refers (Special) to printf1.o(x$fpl$printf1) for _printf_fp_dec
    empty.o(.text.set_PID) refers to empty.o(.bss.Kp) for Kp
    empty.o(.text.set_PID) refers to empty.o(.bss.Kd) for Kd
    empty.o(.text.set_PID) refers to empty.o(.bss.Ki) for Ki
    empty.o(.ARM.exidx.text.set_PID) refers (Special) to _printf_percent.o(.ARM.Collect$$_printf_percent$$00000000) for _printf_percent
    empty.o(.ARM.exidx.text.set_PID) refers (Special) to _printf_d.o(.ARM.Collect$$_printf_percent$$00000009) for _printf_d
    empty.o(.ARM.exidx.text.set_PID) refers (Special) to _printf_f.o(.ARM.Collect$$_printf_percent$$00000003) for _printf_f
    empty.o(.ARM.exidx.text.set_PID) refers (Special) to _printf_dec.o(.text) for _printf_int_dec
    empty.o(.ARM.exidx.text.set_PID) refers (Special) to printf1.o(x$fpl$printf1) for _printf_fp_dec
    empty.o(.ARM.exidx.text.set_PID) refers to empty.o(.text.set_PID) for [Anonymous Symbol]
    empty.o(.text.detect_Pid_Cal) refers (Special) to _printf_percent.o(.ARM.Collect$$_printf_percent$$00000000) for _printf_percent
    empty.o(.text.detect_Pid_Cal) refers (Special) to _printf_d.o(.ARM.Collect$$_printf_percent$$00000009) for _printf_d
    empty.o(.text.detect_Pid_Cal) refers (Special) to _printf_f.o(.ARM.Collect$$_printf_percent$$00000003) for _printf_f
    empty.o(.text.detect_Pid_Cal) refers (Special) to _printf_dec.o(.text) for _printf_int_dec
    empty.o(.text.detect_Pid_Cal) refers (Special) to printf1.o(x$fpl$printf1) for _printf_fp_dec
    empty.o(.text.detect_Pid_Cal) refers to faddsub.o(x$fpl$fsub) for __aeabi_fsub
    empty.o(.text.detect_Pid_Cal) refers to fcmp.o(i._fgeq) for __aeabi_fcmpge
    empty.o(.text.detect_Pid_Cal) refers to faddsub.o(x$fpl$fadd) for __aeabi_fadd
[...]
    [Anonymous Symbol]                       0x000021cc   Section        0  dl_uart.o(.text.DL_UART_init)
    __arm_cp.0_0                             0x0000220c   Number         4  dl_uart.o(.text.DL_UART_init)
    __arm_cp.0_1                             0x00002210   Number         4  dl_uart.o(.text.DL_UART_init)
    [Anonymous Symbol]                       0x00002214   Section        0  dl_uart.o(.text.DL_UART_setClockConfig)
    [Anonymous Symbol]                       0x00002228   Section        0  motor.o(.text.GROUP1_IRQHandler)
    __arm_cp.23_0                            0x000022e8   Number         4  motor.o(.text.GROUP1_IRQHandler)
    __arm_cp.23_1                            0x000022ec   Number         4  motor.o(.text.GROUP1_IRQHandler)
    __arm_cp.23_2                            0x000022f0   Number         4  motor.o(.text.GROUP1_IRQHandler)
    __arm_cp.23_3                            0x000022f4   Number         4  motor.o(.text.GROUP1_IRQHandler)
    __arm_cp.23_4                            0x000022f8   Number         4  motor.o(.text.GROUP1_IRQHandler)
    __arm_cp.23_5                            0x000022fc   Number         4  motor.o(.text.GROUP1_IRQHandler)
    [Anonymous Symbol]                       0x00002300   Section        0  mpu6050.o(.text.MPU6050_GetData)
    [Anonymous Symbol]                       0x000025dc   Section        0  mpu6050.o(.text.MPU6050_Read)
    __arm_cp.6_0                             0x000026e0   Number         4  mpu6050.o(.text.MPU6050_Read)
    __arm_cp.6_1                             0x000026e4   Number         4  mpu6050.o(.text.MPU6050_Read)
    __arm_cp.6_2                             0x000026e8   Number         4  mpu6050.o(.text.MPU6050_Read)
    __arm_cp.6_3                             0x000026ec   Number         4  mpu6050.o(.text.MPU6050_Read)
    __arm_cp.6_4                             0x000026f0   Number         4  mpu6050.o(.text.MPU6050_Read)
    __arm_cp.6_5                             0x000026f4   Number         4  mpu6050.o(.text.MPU6050_Read)
    __arm_cp.6_6                             0x000026f8   Number         4  mpu6050.o(.text.MPU6050_Read)
    __arm_cp.6_7                             0x000026fc   Number         4  mpu6050.o(.text.MPU6050_Read)
    __arm_cp.6_8                             0x00002700   Number         4  mpu6050.o(.text.MPU6050_Read)
    __arm_cp.6_9                             0x00002704   Number         4  mpu6050.o(.text.MPU6050_Read)
    [Anonymous Symbol]                       0x00002708   Section        0  myi2c.o(.text.MyI2C_ReceiveAck)
    [Anonymous Symbol]                       0x00002800   Section        0  myi2c.o(.text.MyI2C_ReceiveByte)
    __arm_cp.10_2                            0x0000291c   Number         4  myi2c.o(.text.MyI2C_ReceiveByte)
    __arm_cp.10_3                            0x00002920   Number         4  myi2c.o(.text.MyI2C_ReceiveByte)
    [Anonymous Symbol]                       0x00002924   Section        0  myi2c.o(.text.MyI2C_SendAck)
    [Anonymous Symbol]                       0x000029e4   Section        0  myi2c.o(.text.MyI2C_SendByte)
    __arm_cp.9_0                             0x00002ac0   Number         4  myi2c.o(.text.MyI2C_SendByte)
    __arm_cp.9_1                             0x00002ac4   Number         4  myi2c.o(.text.MyI2C_SendByte)
    [Anonymous Symbol]                       0x00002ac8   Section        0  myi2c.o(.text.MyI2C_Start)
    __arm_cp.7_0                             0x00002bbc   Number         4  myi2c.o(.text.MyI2C_Start)
    __arm_cp.7_1                             0x00002bc0   Number         4  myi2c.o(.text.MyI2C_Start)
    [Anonymous Symbol]                       0x00002bc4   Section        0  myi2c.o(.text.MyI2C_Stop)
    __arm_cp.8_0                             0x00002c84   Number         4  myi2c.o(.text.MyI2C_Stop)
    __arm_cp.8_1                             0x00002c88   Number         4  myi2c.o(.text.MyI2C_Stop)
    [Anonymous Symbol]                       0x00002c8c   Section        0  oled.o(.text.OLED_Clear)
    [Anonymous Symbol]                       0x00002da0   Section        0  oled.o(.text.OLED_I2C_SendByte)
    __arm_cp.4_0                             0x00002ed4   Number         4  oled.o(.text.OLED_I2C_SendByte)
    [Anonymous Symbol]                       0x00002ed8   Section        0  oled.o(.text.OLED_Init)
    [Anonymous Symbol]                       0x00002f6c   Section        0  oled.o(.text.OLED_ShowChar)
    __arm_cp.9_0                             0x00003028   Number         4  oled.o(.text.OLED_ShowChar)
    __arm_cp.9_1                             0x0000302c   Number         4  oled.o(.text.OLED_ShowChar)
    [Anonymous Symbol]                       0x00003030   Section        0  oled.o(.text.OLED_ShowNum)
    __arm_cp.12_0                            0x000030bc   Number         4  oled.o(.text.OLED_ShowNum)
    [Anonymous Symbol]                       0x000030c0   Section        0  oled.o(.text.OLED_ShowString)
    [Anonymous Symbol]                       0x000030ec   Section        0  oled.o(.text.OLED_WriteCommand)
    __arm_cp.5_0                             0x00003148   Number         4  oled.o(.text.OLED_WriteCommand)
    [Anonymous Symbol]                       0x0000314c   Section        0  oled.o(.text.OLED_WriteData)
    __arm_cp.6_0                             0x000031a8   Number         4  oled.o(.text.OLED_WriteData)
    [Anonymous Symbol]                       0x000031ac   Section        0  ti_msp_dl_config.o(.text.SYSCFG_DL_GPIO_init)
    __arm_cp.2_0                             0x00003240   Number         4  ti_msp_dl_config.o(.text.SYSCFG_DL_GPIO_init)
    __arm_cp.2_1                             0x00003244   Number         4  ti_msp_dl_config.o(.text.SYSCFG_DL_GPIO_init)
    __arm_cp.2_2                             0x00003248   Number         4  ti_msp_dl_config.o(.text.SYSCFG_DL_GPIO_init)
    __arm_cp.2_3                             0x0000324c   Number         4  ti_msp_dl_config.o(.text.SYSCFG_DL_GPIO_init)
    __arm_cp.2_4                             0x00003250   Number         4  ti_msp_dl_config.o(.text.SYSCFG_DL_GPIO_init)
    __arm_cp.2_5                             0x00003254   Number         4  ti_msp_dl_config.o(.text.SYSCFG_DL_GPIO_init)
    __arm_cp.2_6                             0x00003258   Number         4  ti_msp_dl_config.o(.text.SYSCFG_DL_GPIO_init)
    __arm_cp.2_7                             0x0000325c   Number         4  ti_msp_dl_config.o(.text.SYSCFG_DL_GPIO_init)
    __arm_cp.2_8                             0x00003260   Number         4  ti_msp_dl_config.o(.text.SYSCFG_DL_GPIO_init)
    __arm_cp.2_9                             0x00003264   Number         4  ti_msp_dl_config.o(.text.SYSCFG_DL_GPIO_init)
    __arm_cp.2_10                            0x00003268   Number         4  ti_msp_dl_config.o(.text.SYSCFG_DL_GPIO_init)
    [Anonymous Symbol]                       0x0000326c   Section        0  ti_msp_dl_config.o(.text.SYSCFG_DL_PWM_AB_init)
    __arm_cp.4_0                             0x000032dc   Number         4  ti_msp_dl_config.o(.text.SYSCFG_DL_PWM_AB_init)
    __arm_cp.4_1                             0x000032e0   Number         4  ti_msp_dl_config.o(.text.SYSCFG_DL_PWM_AB_init)
    __arm_cp.4_2                             0x000032e4   Number         4  ti_msp_dl_config.o(.text.SYSCFG_DL_PWM_AB_init)
    __arm_cp.4_3                             0x000032e8   Number         4  ti_msp_dl_config.o(.text.SYSCFG_DL_PWM_AB_init)
    [Anonymous Symbol]                       0x000032ec   Section        0  ti_msp_dl_config.o(.text.SYSCFG_DL_SYSCTL_init)
    __arm_cp.3_0                             0x00003354   Number         4  ti_msp_dl_config.o(.text.SYSCFG_DL_SYSCTL_init)
    __arm_cp.3_1                             0x00003358   Number         4  ti_msp_dl_config.o(.text.SYSCFG_DL_SYSCTL_init)
    __arm_cp.3_2                             0x0000335c   Number         4  ti_msp_dl_config.o(.text.SYSCFG_DL_SYSCTL_init)
    __arm_cp.3_3                             0x00003360   Number         4  ti_msp_dl_config.o(.text.SYSCFG_DL_SYSCTL_init)
    [Anonymous Symbol]                       0x00003364   Section        0  ti_msp_dl_config.o(.text.SYSCFG_DL_SYSTICK_init)
    __arm_cp.7_0                             0x0000337c   Number         4  ti_msp_dl_config.o(.text.SYSCFG_DL_SYSTICK_init)
    [Anonymous Symbol]                       0x00003380   Section        0  ti_msp_dl_config.o(.text.SYSCFG_DL_TIMER_0_init)
    __arm_cp.5_0                             0x000033a4   Number         4  ti_msp_dl_config.o(.text.SYSCFG_DL_TIMER_0_init)
    __arm_cp.5_1                             0x000033a8   Number         4  ti_msp_dl_config.o(.text.SYSCFG_DL_TIMER_0_init)
    __arm_cp.5_2                             0x000033ac   Number         4  ti_msp_dl_config.o(.text.SYSCFG_DL_TIMER_0_init)
    __arm_cp.5_3                             0x000033b0   Number         4  ti_msp_dl_config.o(.text.SYSCFG_DL_TIMER_0_init)
    __arm_cp.5_4                             0x000033b4   Number         4  ti_msp_dl_config.o(.text.SYSCFG_DL_TIMER_0_init)
    [Anonymous Symbol]                       0x000033b8   Section        0  ti_msp_dl_config.o(.text.SYSCFG_DL_UART_0_init)
    __arm_cp.6_0                             0x00003410   Number         4  ti_msp_dl_config.o(.text.SYSCFG_DL_UART_0_init)
    __arm_cp.6_1                             0x00003414   Number         4  ti_msp_dl_config.o(.text.SYSCFG_DL_UART_0_init)
    __arm_cp.6_2                             0x00003418   Number         4  ti_msp_dl_config.o(.text.SYSCFG_DL_UART_0_init)
    __arm_cp.6_3                             0x0000341c   Number         4  ti_msp_dl_config.o(.text.SYSCFG_DL_UART_0_init)
    __arm_cp.6_4                             0x00003420   Number         4  ti_msp_dl_config.o(.text.SYSCFG_DL_UART_0_init)
    __arm_cp.6_5                             0x00003424   Number         4  ti_msp_dl_config.o(.text.SYSCFG_DL_UART_0_init)
    [Anonymous Symbol]                       0x00003428   Section        0  ti_msp_dl_config.o(.text.SYSCFG_DL_init)
    __arm_cp.0_0                             0x00003454   Number         4  ti_msp_dl_config.o(.text.SYSCFG_DL_init)
    __arm_cp.0_1                             0x00003458   Number         4  ti_msp_dl_config.o(.text.SYSCFG_DL_init)
    [Anonymous Symbol]                       0x0000345c   Section        0  ti_msp_dl_config.o(.text.SYSCFG_DL_initPower)
    __arm_cp.1_0                             0x00003488   Number         4  ti_msp_dl_config.o(.text.SYSCFG_DL_initPower)
    __arm_cp.1_1                             0x0000348c   Number         4  ti_msp_dl_config.o(.text.SYSCFG_DL_initPower)
    __arm_cp.1_2                             0x00003490   Number         4  ti_msp_dl_config.o(.text.SYSCFG_DL_initPower)
    __arm_cp.1_3                             0x00003494   Number         4  ti_msp_dl_config.o(.text.SYSCFG_DL_initPower)
    __arm_cp.1_4                             0x00003498   Number         4  ti_msp_dl_config.o(.text.SYSCFG_DL_initPower)
    __arm_cp.1_5                             0x0000349c   Number         4  ti_msp_dl_config.o(.text.SYSCFG_DL_initPower)
    __arm_cp.1_6                             0x000034a0   Number         4  ti_msp_dl_config.o(.text.SYSCFG_DL_initPower)
    [Anonymous Symbol]                       0x000034a4   Section        0  empty.o(.text.Search_Trace)
    __arm_cp.4_0                             0x00003794   Number         4  empty.o(.text.Search_Trace)
    __arm_cp.4_1                             0x00003798   Number         4  empty.o(.text.Search_Trace)
    __arm_cp.4_2                             0x0000379c   Number         4  empty.o(.text.Search_Trace)
    __arm_cp.4_3                             0x000037a0   Number         4  empty.o(.text.Search_Trace)
    __arm_cp.4_4                             0x000037a4   Number         4  empty.o(.text.Search_Trace)
    __arm_cp.4_5                             0x000037a8   Number         4  empty.o(.text.Search_Trace)
    __arm_cp.4_6                             0x000037ac   Number         4  empty.o(.text.Search_Trace)
    __arm_cp.4_7                             0x000037b0   Number         4  empty.o(.text.Search_Trace)
    __arm_cp.4_8                             0x000037b4   Number         4  empty.o(.text.Search_Trace)
    __arm_cp.4_9                             0x000037b8   Number         4  empty.o(.text.Search_Trace)
    __arm_cp.4_10                            0x000037bc   Number         4  empty.o(.text.Search_Trace)
    __arm_cp.4_11                            0x000037c0   Number         4  empty.o(.text.Search_Trace)
    __arm_cp.4_13                            0x000037d8   Number         4  empty.o(.text.Search_Trace)
    __arm_cp.4_14                            0x000037dc   Number         4  empty.o(.text.Search_Trace)
    __arm_cp.4_15                            0x000037e0   Number         4  empty.o(.text.Search_Trace)
    __arm_cp.4_16                            0x000037e4   Number         4  empty.o(.text.Search_Trace)
    __arm_cp.4_17                            0x000037e8   Number         4  empty.o(.text.Search_Trace)
    __arm_cp.4_18                            0x000037ec   Number         4  empty.o(.text.Search_Trace)
    __arm_cp.4_19                            0x000037f0   Number         4  empty.o(.text.Search_Trace)
    __arm_cp.4_20                            0x000037f4   Number         4  empty.o(.text.Search_Trace)
    __arm_cp.4_21                            0x000037f8   Number         4  empty.o(.text.Search_Trace)
    __arm_cp.4_22                            0x000037fc   Number         4  empty.o(.text.Search_Trace)
    __arm_cp.4_23                            0x00003800   Number         4  empty.o(.text.Search_Trace)
    __arm_cp.4_24                            0x00003804   Number         4  empty.o(.text.Search_Trace)
    __arm_cp.4_25                            0x00003808   Number         4  empty.o(.text.Search_Trace)
    __arm_cp.4_28                            0x00003834   Number         4  empty.o(.text.Search_Trace)
    __arm_cp.4_29                            0x00003838   Number         4  empty.o(.text.Search_Trace)
    __arm_cp.4_30                            0x0000383c   Number         4  empty.o(.text.Search_Trace)
    __arm_cp.4_31                            0x00003840   Number         4  empty.o(.text.Search_Trace)
    __arm_cp.4_32                            0x00003844   Number         4  empty.o(.text.Search_Trace)
    [Anonymous Symbol]                       0x00003868   Section        0  motor.o(.text.TIMA0_IRQHandler)
    __arm_cp.25_0                            0x000038e4   Number         4  motor.o(.text.TIMA0_IRQHandler)
    __arm_cp.25_1                            0x000038e8   Number         4  motor.o(.text.TIMA0_IRQHandler)
    __arm_cp.25_2                            0x000038ec   Number         4  motor.o(.text.TIMA0_IRQHandler)
    __arm_cp.25_3                            0x000038f0   Number         4  motor.o(.text.TIMA0_IRQHandler)
    __arm_cp.25_4                            0x000038f4   Number         4  motor.o(.text.TIMA0_IRQHandler)
    [Anonymous Symbol]                       0x00003918   Section        0  board.o(.text.UART0_IRQHandler)
    __arm_cp.9_0                             0x00003964   Number         4  board.o(.text.UART0_IRQHandler)
    __arm_cp.9_2                             0x00003968   Number         4  board.o(.text.UART0_IRQHandler)
    __arm_cp.9_3                             0x0000396c   Number         4  board.o(.text.UART0_IRQHandler)
    __arm_cp.9_4                             0x00003970   Number         4  board.o(.text.UART0_IRQHandler)
    [Anonymous Symbol]                       0x00003974   Section        0  board.o(.text._sys_exit)
    [Anonymous Symbol]                       0x00003978   Section        0  board.o(.text.board_init)
    __arm_cp.0_0                             0x00003994   Number         4  board.o(.text.board_init)
    __arm_cp.0_1                             0x00003998   Number         4  board.o(.text.board_init)
    [Anonymous Symbol]                       0x000039bc   Section        0  board.o(.text.delay_us)
    [Anonymous Symbol]                       0x000039c8   Section        0  board.o(.text.fputc)
    __arm_cp.8_0                             0x000039e8   Number         4  board.o(.text.fputc)
    [Anonymous Symbol]                       0x000039ec   Section        0  empty.o(.text.main)
    __arm_cp.6_0                             0x00003a80   Number         4  empty.o(.text.main)
    __arm_cp.6_1                             0x00003a84   Number         4  empty.o(.text.main)
    __arm_cp.6_2                             0x00003a88   Number         4  empty.o(.text.main)
    __arm_cp.6_3                             0x00003a8c   Number         4  empty.o(.text.main)
    __arm_cp.6_4                             0x00003a90   Number         4  empty.o(.text.main)
    __arm_cp.6_6                             0x00003a98   Number         4  empty.o(.text.main)
    __arm_cp.6_7                             0x00003a9c   Number         4  empty.o(.text.main)
    __arm_cp.6_8                             0x00003aa0   Number         4  empty.o(.text.main)
    __arm_cp.6_9                             0x00003aa4   Number         4  empty.o(.text.main)
    __arm_cp.6_10                            0x00003aa8   Number         4  empty.o(.text.main)
    __arm_cp.6_11                            0x00003aac   Number         4  empty.o(.text.main)
    __arm_cp.6_12                            0x00003ab0   Number         4  empty.o(.text.main)
    __arm_cp.6_13                            0x00003ab4   Number         4  empty.o(.text.main)
    __arm_cp.6_14                            0x00003ab8   Number         4  empty.o(.text.main)
    __arm_cp.6_15                            0x00003abc   Number         4  empty.o(.text.main)
    __arm_cp.6_16                            0x00003ac0   Number         4  empty.o(.text.main)
    __arm_cp.6_17                            0x00003ac4   Number         4  empty.o(.text.main)
    __arm_cp.6_18                            0x00003ac8   Number         4  empty.o(.text.main)
    [Anonymous Symbol]                       0x00003acc   Section        0  motor.o(.text.set_motor_rotateL)
    __arm_cp.11_1                            0x00003b10   Number         4  motor.o(.text.set_motor_rotateL)
    [Anonymous Symbol]                       0x00003b14   Section        0  motor.o(.text.set_motor_rotateR)
    __arm_cp.12_0                            0x00003b58   Number         4  motor.o(.text.set_motor_rotateR)
    __arm_cp.12_1                            0x00003b5c   Number         4  motor.o(.text.set_motor_rotateR)
    __arm_cp.12_2                            0x00003b60   Number         4  motor.o(.text.set_motor_rotateR)
    __arm_cp.12_3                            0x00003b64   Number         4  motor.o(.text.set_motor_rotateR)
    .text_divfast                            0x00003b68   Section      502  aeabi_sdivfast.o(.text_divfast)
    i.__ARM_common_ll_muluu                  0x00003d5e   Section        0  btod.o(i.__ARM_common_ll_muluu)
    i.__ARM_fpclassify                       0x00003d90   Section        0  fpclassify.o(i.__ARM_fpclassify)
    i.__ARM_fpclassifyf                      0x00003dbc   Section        0  fpclassifyf.o(i.__ARM_fpclassifyf)
    i.__mathlib_flt_infnan                   0x00003dde   Section        0  funder.o(i.__mathlib_flt_infnan)
    i.__mathlib_flt_infnan2                  0x00003de8   Section        0  funder.o(i.__mathlib_flt_infnan2)
    i.__mathlib_flt_invalid                  0x00003df0   Section        0  funder.o(i.__mathlib_flt_invalid)
    i.__mathlib_flt_underflow                0x00003dfc   Section        0  funder.o(i.__mathlib_flt_underflow)
    i._feq                                   0x00003e0a   Section        0  fcmp.o(i._feq)
    i._fgeq                                  0x00003e20   Section        0  fcmp.o(i._fgeq)
    i._fgr                                   0x00003e36   Section        0  fcmp.o(i._fgr)
    i._fleq                                  0x00003e4c   Section        0  fcmp.o(i._fleq)
    i._fls                                   0x00003e66   Section        0  fcmp.o(i._fls)
    i.asinf                                  0x00003e7c   Section        0  asinf.o(i.asinf)
    i.atan2f                                 0x00003f94   Section        0  atan2f.o(i.atan2f)
    i.sqrtf                                  0x00004230   Section        0  sqrtf.o(i.sqrtf)
    locale$$code                             0x0000425c   Section       44  lc_numeric_c.o(locale$$code)
    x$fpl$fadd                               0x00004288   Section      140  faddsub.o(x$fpl$fadd)
    _fadd1                                   0x00004295   Thumb Code     0  faddsub.o(x$fpl$fadd)
    x$fpl$feqf                               0x00004314   Section       84  feqf.o(x$fpl$feqf)
    x$fpl$fgeqf                              0x00004368   Section       84  fgef.o(x$fpl$fgeqf)
    x$fpl$fleqf                              0x000043bc   Section       84  flef.o(x$fpl$fleqf)
    x$fpl$fmul                               0x00004410   Section      176  fmul.o(x$fpl$fmul)
    x$fpl$frsb                               0x000044c0   Section       24  faddsub.o(x$fpl$frsb)
    x$fpl$fsub                               0x000044d8   Section      208  faddsub.o(x$fpl$fsub)
    _fsub1                                   0x000044e5   Thumb Code     0  faddsub.o(x$fpl$fsub)
    x$fpl$printf1                            0x000045a8   Section       16  printf1.o(x$fpl$printf1)
    fdiv_tab                                 0x000045b8   Data          64  fdiv.o(.constdata)
    .constdata                               0x000045b8   Section       64  fdiv.o(.constdata)
    x$fpl$usenofp                            0x000045b8   Section        0  usenofp.o(x$fpl$usenofp)
    tenpwrs_x                                0x000045f8   Data          60  bigflt0.o(.constdata)
    .constdata                               0x000045f8   Section      148  bigflt0.o(.constdata)
    tenpwrs_i                                0x00004634   Data          64  bigflt0.o(.constdata)
    gPWM_ABClockConfig                       0x00004c7c   Data           3  ti_msp_dl_config.o(.rodata.gPWM_ABClockConfig)
    [Anonymous Symbol]                       0x00004c7c   Section        0  ti_msp_dl_config.o(.rodata.gPWM_ABClockConfig)
    gPWM_ABConfig                            0x00004c80   Data           8  ti_msp_dl_config.o(.rodata.gPWM_ABConfig)
    [Anonymous Symbol]                       0x00004c80   Section        0  ti_msp_dl_config.o(.rodata.gPWM_ABConfig)
    gSYSPLLConfig                            0x00004c88   Data          40  ti_msp_dl_config.o(.rodata.gSYSPLLConfig)
    [Anonymous Symbol]                       0x00004c88   Section        0  ti_msp_dl_config.o(.rodata.gSYSPLLConfig)
    gTIMER_0ClockConfig                      0x00004cb0   Data           3  ti_msp_dl_config.o(.rodata.gTIMER_0ClockConfig)
    [Anonymous Symbol]                       0x00004cb0   Section        0  ti_msp_dl_config.o(.rodata.gTIMER_0ClockConfig)
    gTIMER_0TimerConfig                      0x00004cb4   Data          20  ti_msp_dl_config.o(.rodata.gTIMER_0TimerConfig)
    [Anonymous Symbol]                       0x00004cb4   Section        0  ti_msp_dl_config.o(.rodata.gTIMER_0TimerConfig)
    gUART_0ClockConfig                       0x00004cc8   Data           2  ti_msp_dl_config.o(.rodata.gUART_0ClockConfig)
    [Anonymous Symbol]                       0x00004cc8   Section        0  ti_msp_dl_config.o(.rodata.gUART_0ClockConfig)
    gUART_0Config                            0x00004cca   Data          10  ti_msp_dl_config.o(.rodata.gUART_0Config)
    [Anonymous Symbol]                       0x00004cca   Section        0  ti_msp_dl_config.o(.rodata.gUART_0Config)
    [Anonymous Symbol]                       0x00004cd4   Section        0  empty.o(.rodata.str1.1)
    [Anonymous Symbol]                       0x00004d14   Section        0  motor.o(.rodata.str1.1)
    locale$$data                             0x00004d48   Section       28  lc_numeric_c.o(locale$$data)
    __lcnum_c_name                           0x00004d4c   Data           2  lc_numeric_c.o(locale$$data)
    __lcnum_c_start                          0x00004d54   Data           0  lc_numeric_c.o(locale$$data)
    __lcnum_c_point                          0x00004d60   Data           0  lc_numeric_c.o(locale$$data)
    __lcnum_c_thousands                      0x00004d62   Data           0  lc_numeric_c.o(locale$$data)
    __lcnum_c_grouping                       0x00004d63   Data           0  lc_numeric_c.o(locale$$data)
    __lcnum_c_end                            0x00004d64   Data           0  lc_numeric_c.o(locale$$data)
    .bss                                     0x20200020   Section       96  libspace.o(.bss)
    motor_encoderL                           0x202002b0   Data          24  motor.o(.bss.motor_encoderL)
    [Anonymous Symbol]                       0x202002b0   Section        0  motor.o(.bss.motor_encoderL)
    motor_encoderR                           0x202002c8   Data          24  motor.o(.bss.motor_encoderR)
    [Anonymous Symbol]                       0x202002c8   Section        0  motor.o(.bss.motor_encoderR)
    Heap_Mem                                 0x20200388   Data        1024  startup_mspm0g350x_uvision.o(HEAP)
    HEAP                                     0x20200388   Section     1024  startup_mspm0g350x_uvision.o(HEAP)
    Stack_Mem                                0x20200788   Data         512  startup_mspm0g350x_uvision.o(STACK)
    STACK                                    0x20200788   Section      512  startup_mspm0g350x_uvision.o(STACK)
    __initial_sp                             0x20200988   Data           0  startup_mspm0g350x_uvision.o(STACK)

    Global Symbols

    Symbol Name                              Value     Ov Type        Size  Object(Section)

    BuildAttributes$$THM_ISAv3M$S$PE$A:L22$X:L11$S22$IEEE1$IW$~IW$USESV6$~STKCKD$USESV7$~SHL$OTIME$ROPI$IEEEX$EBA8$UX$STANDARDLIB$REQ8$PRES8$EABIv2 0x00000000   Number         0  anon$$obj.o ABSOLUTE
    __Vectors                                0x00000000   Data           4  startup_mspm0g350x_uvision.o(RESET)
    __ARM_exceptions_init                     - Undefined Weak Reference
    __alloca_initialize                       - Undefined Weak Reference
    __arm_preinit_                            - Undefined Weak Reference
    __arm_relocate_pie_                       - Undefined Weak Reference
    __cpp_initialize__aeabi_                  - Undefined Weak Reference
    __cxa_finalize                            - Undefined Weak Reference
    __sigvec_lookup                           - Undefined Weak Reference
    _atexit_init                              - Undefined Weak Reference
    _call_atexit_fns                          - Undefined Weak Reference
    _clock_init                               - Undefined Weak Reference
    _fp_trap_init                             - Undefined Weak Reference
    _fp_trap_shutdown                         - Undefined Weak Reference
    _get_lc_collate                           - Undefined Weak Reference
    _get_lc_ctype                             - Undefined Weak Reference
    _get_lc_monetary                          - Undefined Weak Reference
    _get_lc_time                              - Undefined Weak Reference
    _getenv_init                              - Undefined Weak Reference
    _handle_redirection                       - Undefined Weak Reference
    _init_alloc                               - Undefined Weak Reference
    _init_user_alloc                          - Undefined Weak Reference
    _initio                                   - Undefined Weak Reference
    _mutex_acquire                            - Undefined Weak Reference
    _mutex_release                            - Undefined Weak Reference
    _printf_post_padding                      - Undefined Weak Reference
    _printf_pre_padding                       - Undefined Weak Reference
    _printf_truncate_signed                   - Undefined Weak Reference
    _printf_truncate_unsigned                 - Undefined Weak Reference
    _rand_init                                - Undefined Weak Reference
    _signal_finish                            - Undefined Weak Reference
    _signal_init                              - Undefined Weak Reference
    _terminate_alloc                          - Undefined Weak Reference
    _terminate_user_alloc                     - Undefined Weak Reference
    _terminateio                              - Undefined Weak Reference
    __Vectors_End                            0x000000c0   Data           0  startup_mspm0g350x_uvision.o(RESET)
    __Vectors_Size                           0x000000c0   Number         0  startup_mspm0g350x_uvision.o ABSOLUTE
    __main                                   0x000000c1   Thumb Code     8  __main.o(!!!main)
    __scatterload                            0x000000c9   Thumb Code     0  __scatter.o(!!!scatter)
    __scatterload_rt2                        0x000000c9   Thumb Code    74  __scatter.o(!!!scatter)
    __scatterload_rt2_thumb_only             0x000000c9   Thumb Code     0  __scatter.o(!!!scatter)
    __scatterload_loop                       0x000000d3   Thumb Code     0  __scatter.o(!!!scatter)
    __scatterload_copy                       0x00000121   Thumb Code    26  __scatter_copy.o(!!handler_copy)
    __scatterload_null                       0x00000141   Thumb Code     2  __scatter.o(!!handler_null)
    __scatterload_zeroinit                   0x00000149   Thumb Code    28  __scatter_zi.o(!!handler_zi)
    _printf_percent                          0x00000165   Thumb Code     0  _printf_percent.o(.ARM.Collect$$_printf_percent$$00000000)
    _printf_f                                0x00000167   Thumb Code     0  _printf_f.o(.ARM.Collect$$_printf_percent$$00000003)
    _printf_d                                0x00000171   Thumb Code     0  _printf_d.o(.ARM.Collect$$_printf_percent$$00000009)
    _printf_percent_end                      0x0000017b   Thumb Code     0  _printf_percent_end.o(.ARM.Collect$$_printf_percent$$00000017)
    __rt_lib_init                            0x0000017f   Thumb Code     0  libinit.o(.ARM.Collect$$libinit$$00000000)
    __rt_lib_init_fp_1                       0x00000181   Thumb Code     0  libinit2.o(.ARM.Collect$$libinit$$00000002)
    __rt_lib_init_heap_1                     0x00000181   Thumb Code     0  libinit2.o(.ARM.Collect$$libinit$$0000000C)
    __rt_lib_init_lc_common                  0x00000181   Thumb Code     0  libinit2.o(.ARM.Collect$$libinit$$00000011)
    __rt_lib_init_preinit_1                  0x00000181   Thumb Code     0  libinit2.o(.ARM.Collect$$libinit$$00000006)
    __rt_lib_init_rand_1                     0x00000181   Thumb Code     0  libinit2.o(.ARM.Collect$$libinit$$00000010)
    __rt_lib_init_relocate_pie_1             0x00000181   Thumb Code     0  libinit2.o(.ARM.Collect$$libinit$$00000004)
    __rt_lib_init_user_alloc_1               0x00000181   Thumb Code     0  libinit2.o(.ARM.Collect$$libinit$$0000000E)
    __rt_lib_init_lc_collate_1               0x00000187   Thumb Code     0  libinit2.o(.ARM.Collect$$libinit$$00000013)
    __rt_lib_init_lc_ctype_1                 0x00000187   Thumb Code     0  libinit2.o(.ARM.Collect$$libinit$$00000015)
    __rt_lib_init_lc_monetary_1              0x00000187   Thumb Code     0  libinit2.o(.ARM.Collect$$libinit$$00000017)
    __rt_lib_init_lc_numeric_2               0x00000187   Thumb Code     0  libinit2.o(.ARM.Collect$$libinit$$00000018)
    __rt_lib_init_alloca_1                   0x00000191   Thumb Code     0  libinit2.o(.ARM.Collect$$libinit$$00000030)
    __rt_lib_init_argv_1                     0x00000191   Thumb Code     0  libinit2.o(.ARM.Collect$$libinit$$0000002E)
    __rt_lib_init_atexit_1                   0x00000191   Thumb Code     0  libinit2.o(.ARM.Collect$$libinit$$0000001D)
    __rt_lib_init_clock_1                    0x00000191   Thumb Code     0  libinit2.o(.ARM.Collect$$libinit$$00000023)
    __rt_lib_init_cpp_1                      0x00000191   Thumb Code     0  libinit2.o(.ARM.Collect$$libinit$$00000034)
    __rt_lib_init_exceptions_1               0x00000191   Thumb Code     0  libinit2.o(.ARM.Collect$$libinit$$00000032)
    __rt_lib_init_fp_trap_1                  0x00000191   Thumb Code     0  libinit2.o(.ARM.Collect$$libinit$$00000021)
    __rt_lib_init_getenv_1                   0x00000191   Thumb Code     0  libinit2.o(.ARM.Collect$$libinit$$00000025)
    __rt_lib_init_lc_numeric_1               0x00000191   Thumb Code     0  libinit2.o(.ARM.Collect$$libinit$$00000019)
    __rt_lib_init_lc_time_1                  0x00000191   Thumb Code     0  libinit2.o(.ARM.Collect$$libinit$$0000001B)
    __rt_lib_init_return                     0x00000191   Thumb Code     0  libinit2.o(.ARM.Collect$$libinit$$00000035)
    __rt_lib_init_signal_1                   0x00000191   Thumb Code     0  libinit2.o(.ARM.Collect$$libinit$$0000001F)
    __rt_lib_init_stdio_1                    0x00000191   Thumb Code     0  libinit2.o(.ARM.Collect$$libinit$$00000027)
    __rt_lib_shutdown                        0x00000193   Thumb Code     0  libshutdown.o(.ARM.Collect$$libshutdown$$00000000)
    __rt_lib_shutdown_cpp_1                  0x00000195   Thumb Code     0  libshutdown2.o(.ARM.Collect$$libshutdown$$00000002)
    __rt_lib_shutdown_fp_trap_1              0x00000195   Thumb Code     0  libshutdown2.o(.ARM.Collect$$libshutdown$$00000007)
    __rt_lib_shutdown_heap_1                 0x00000195   Thumb Code     0  libshutdown2.o(.ARM.Collect$$libshutdown$$0000000F)
    __rt_lib_shutdown_return                 0x00000195   Thumb Code     0  libshutdown2.o(.ARM.Collect$$libshutdown$$00000010)
    __rt_lib_shutdown_signal_1               0x00000195   Thumb Code     0  libshutdown2.o(.ARM.Collect$$libshutdown$$0000000A)
    __rt_lib_shutdown_stdio_1                0x00000195   Thumb Code     0  libshutdown2.o(.ARM.Collect$$libshutdown$$00000004)
    __rt_lib_shutdown_user_alloc_1           0x00000195   Thumb Code     0  libshutdown2.o(.ARM.Collect$$libshutdown$$0000000C)
    __rt_entry                               0x00000197   Thumb Code     0  __rtentry.o(.ARM.Collect$$rtentry$$00000000)
    __rt_entry_presh_1                       0x00000197   Thumb Code     0  __rtentry2.o(.ARM.Collect$$rtentry$$00000002)
    __rt_entry_sh                            0x00000197   Thumb Code     0  __rtentry4.o(.ARM.Collect$$rtentry$$00000004)
    __rt_entry_li                            0x0000019d   Thumb Code     0  __rtentry2.o(.ARM.Collect$$rtentry$$0000000A)
    __rt_entry_postsh_1                      0x0000019d   Thumb Code     0  __rtentry2.o(.ARM.Collect$$rtentry$$00000009)
    __rt_entry_main                          0x000001a1   Thumb Code     0  __rtentry2.o(.ARM.Collect$$rtentry$$0000000D)
    __rt_entry_postli_1                      0x000001a1   Thumb Code     0  __rtentry2.o(.ARM.Collect$$rtentry$$0000000C)
    __rt_exit                                0x000001a9   Thumb Code     0  rtexit.o(.ARM.Collect$$rtexit$$00000000)
    __rt_exit_ls                             0x000001ab   Thumb Code     0  rtexit2.o(.ARM.Collect$$rtexit$$00000003)
    __rt_exit_prels_1                        0x000001ab   Thumb Code     0  rtexit2.o(.ARM.Collect$$rtexit$$00000002)
    __rt_exit_exit                           0x000001af   Thumb Code     0  rtexit2.o(.ARM.Collect$$rtexit$$00000004)
    Reset_Handler                            0x000001b5   Thumb Code     4  startup_mspm0g350x_uvision.o(.text)
    NMI_Handler                              0x000001b9   Thumb Code     2  startup_mspm0g350x_uvision.o(.text)
    HardFault_Handler                        0x000001bb   Thumb Code     2  startup_mspm0g350x_uvision.o(.text)
    SVC_Handler                              0x000001bd   Thumb Code     2  startup_mspm0g350x_uvision.o(.text)
    PendSV_Handler                           0x000001bf   Thumb Code     2  startup_mspm0g350x_uvision.o(.text)
    SysTick_Handler                          0x000001c1   Thumb Code     2  startup_mspm0g350x_uvision.o(.text)
    ADC0_IRQHandler                          0x000001c3   Thumb Code     0  startup_mspm0g350x_uvision.o(.text)
    ADC1_IRQHandler                          0x000001c3   Thumb Code     0  startup_mspm0g350x_uvision.o(.text)
    AES_IRQHandler                           0x000001c3   Thumb Code     0  startup_mspm0g350x_uvision.o(.text)
    CANFD0_IRQHandler                        0x000001c3   Thumb Code     0  startup_mspm0g350x_uvision.o(.text)
    DAC0_IRQHandler                          0x000001c3   Thumb Code     0  startup_mspm0g350x_uvision.o(.text)
    DMA_IRQHandler                           0x000001c3   Thumb Code     0  startup_mspm0g350x_uvision.o(.text)
    Default_Handler                          0x000001c3   Thumb Code     2  startup_mspm0g350x_uvision.o(.text)
    GROUP0_IRQHandler                        0x000001c3   Thumb Code     0  startup_mspm0g350x_uvision.o(.text)
    I2C0_IRQHandler                          0x000001c3   Thumb Code     0  startup_mspm0g350x_uvision.o(.text)
    I2C1_IRQHandler                          0x000001c3   Thumb Code     0  startup_mspm0g350x_uvision.o(.text)
    RTC_IRQHandler                           0x000001c3   Thumb Code     0  startup_mspm0g350x_uvision.o(.text)
    SPI0_IRQHandler                          0x000001c3   Thumb Code     0  startup_mspm0g350x_uvision.o(.text)
    SPI1_IRQHandler                          0x000001c3   Thumb Code     0  startup_mspm0g350x_uvision.o(.text)
    TIMA1_IRQHandler                         0x000001c3   Thumb Code     0  startup_mspm0g350x_uvision.o(.text)
    TIMG0_IRQHandler                         0x000001c3   Thumb Code     0  startup_mspm0g350x_uvision.o(.text)
    TIMG12_IRQHandler                        0x000001c3   Thumb Code     0  startup_mspm0g350x_uvision.o(.text)
    TIMG6_IRQHandler                         0x000001c3   Thumb Code     0  startup_mspm0g350x_uvision.o(.text)
    TIMG7_IRQHandler                         0x000001c3   Thumb Code     0  startup_mspm0g350x_uvision.o(.text)
    TIMG8_IRQHandler                         0x000001c3   Thumb Code     0  startup_mspm0g350x_uvision.o(.text)
    UART1_IRQHandler                         0x000001c3   Thumb Code     0  startup_mspm0g350x_uvision.o(.text)
    UART2_IRQHandler                         0x000001c3   Thumb Code     0  startup_mspm0g350x_uvision.o(.text)
    UART3_IRQHandler                         0x000001c3   Thumb Code     0  startup_mspm0g350x_uvision.o(.text)
    __user_initial_stackheap                 0x000001c5   Thumb Code    10  startup_mspm0g350x_uvision.o(.text)
    __2printf                                0x000001e5   Thumb Code    22  noretval__2printf.o(.text)
    __printf                                 0x00000201   Thumb Code   108  __printf.o(.text)
    _printf_int_dec                          0x0000026d   Thumb Code    90  _printf_dec.o(.text)
    puts                                     0x000002d9   Thumb Code    38  puts.o(.text)
    __aeabi_uidivmod                         0x00000305   Thumb Code    28  aeabi_sdivfast.o(.text)
    __aeabi_idivmod                          0x00000321   Thumb Code   472  aeabi_sdivfast.o(.text)
    __use_two_region_memory                  0x000004fd   Thumb Code     2  heapauxi.o(.text)
    __rt_heap_escrow$2region                 0x000004ff   Thumb Code     2  heapauxi.o(.text)
    __rt_heap_expand$2region                 0x00000501   Thumb Code     2  heapauxi.o(.text)
    __aeabi_d2f                              0x00000505   Thumb Code     0  d2f.o(.text)
    __truncdfsf2                             0x00000505   Thumb Code     0  d2f.o(.text)
    _d2f                                     0x00000505   Thumb Code   120  d2f.o(.text)
    __aeabi_i2d_normalise                    0x00000581   Thumb Code    66  dflti.o(.text)
    __aeabi_i2d                              0x000005c3   Thumb Code    16  dflti.o(.text)
    _dflt                                    0x000005c3   Thumb Code     0  dflti.o(.text)
    __aeabi_ui2d                             0x000005d3   Thumb Code     6  dflti.o(.text)
    _dfltu                                   0x000005d3   Thumb Code     0  dflti.o(.text)
    __aeabi_dmul                             0x000005d9   Thumb Code     0  dmul.o(.text)
    __muldf3                                 0x000005d9   Thumb Code     0  dmul.o(.text)
    _dmul                                    0x000005d9   Thumb Code   558  dmul.o(.text)
    __aeabi_f2d                              0x00000821   Thumb Code     0  f2d.o(.text)
    __extendsfdf2                            0x00000821   Thumb Code     0  f2d.o(.text)
    _f2d                                     0x00000821   Thumb Code    80  f2d.o(.text)
    __aeabi_fdiv                             0x00000875   Thumb Code     0  fdiv.o(.text)
    __divsf3                                 0x00000875   Thumb Code     0  fdiv.o(.text)
    _fdiv                                    0x00000875   Thumb Code   334  fdiv.o(.text)
    _frdiv                                   0x000009c3   Thumb Code     8  fdiv.o(.text)
    __aeabi_f2iz                             0x000009d5   Thumb Code     0  ffixi.o(.text)
    _ffix                                    0x000009d5   Thumb Code    76  ffixi.o(.text)
    __aeabi_i2f_normalise                    0x00000a21   Thumb Code    72  fflti.o(.text)
    __aeabi_i2f                              0x00000a69   Thumb Code    16  fflti.o(.text)
    _fflt                                    0x00000a69   Thumb Code     0  fflti.o(.text)
    __aeabi_ui2f                             0x00000a79   Thumb Code     6  fflti.o(.text)
    _ffltu                                   0x00000a79   Thumb Code     0  fflti.o(.text)
    __read_errno                             0x00000a7f   Thumb Code    10  _rserrno.o(.text)
    __set_errno                              0x00000a89   Thumb Code    12  _rserrno.o(.text)
    _printf_int_common                       0x00000a95   Thumb Code   176  _printf_intcommon.o(.text)
    _printf_fp_dec_real                      0x00000ce1   Thumb Code   620  _printf_fp_dec.o(.text)
    _printf_char_file                        0x00000f59   Thumb Code    34  _printf_char_file.o(.text)
    __rt_udiv10                              0x00000f81   Thumb Code    40  rtudiv10.o(.text)
    __ARM_scalbnf                            0x00000fa9   Thumb Code    64  fscalbn.o(.text)
    _fsqrt                                   0x00000fed   Thumb Code   140  fsqrt.o(.text)
    __rt_locale                              0x0000107d   Thumb Code     8  rt_locale_intlibspace.o(.text)
    __aeabi_errno_addr                       0x00001085   Thumb Code     8  rt_errno_addr_intlibspace.o(.text)
    __errno$intlibspace                      0x00001085   Thumb Code     0  rt_errno_addr_intlibspace.o(.text)
    __rt_errno_addr$intlibspace              0x00001085   Thumb Code     0  rt_errno_addr_intlibspace.o(.text)
    _ll_udiv10                               0x0000108d   Thumb Code   122  lludiv10.o(.text)
    _printf_char_common                      0x00001113   Thumb Code    32  _printf_char_common.o(.text)
    _printf_fp_infnan                        0x00001139   Thumb Code   120  _printf_fp_infnan.o(.text)
    _btod_etento                             0x000011c1   Thumb Code   210  bigflt0.o(.text)
    _btod_d2e                                0x00001299   Thumb Code    64  btod.o(.text)
    _btod_emul                               0x000016cd   Thumb Code    28  btod.o(.text)
    _btod_emuld                              0x000016e9   Thumb Code   144  btod.o(.text)
    _btod_ediv                               0x00001779   Thumb Code    26  btod.o(.text)
    _btod_edivd                              0x00001793   Thumb Code   124  btod.o(.text)
    ferror                                   0x00001819   Thumb Code     8  ferror.o(.text)
    __fpl_fcmp_InfNaN                        0x00001821   Thumb Code    96  fcmpin.o(.text)
    __user_libspace                          0x00001885   Thumb Code     8  libspace.o(.text)
    __user_perproc_libspace                  0x00001885   Thumb Code     0  libspace.o(.text)
    __user_perthread_libspace                0x00001885   Thumb Code     0  libspace.o(.text)
    __user_setup_stackheap                   0x0000188d   Thumb Code    62  sys_stackheap_outer.o(.text)
    exit                                     0x000018cb   Thumb Code    16  exit.o(.text)
    strcmp                                   0x000018dd   Thumb Code   176  strcmpv6m.o(.text)
    __fpl_cmpreturn                          0x0000198d   Thumb Code    46  cmpret.o(.text)
    __fpl_fcheck_NaN2                        0x000019bd   Thumb Code    10  fnan2.o(.text)
    __fpl_return_NaN                         0x000019cd   Thumb Code    94  retnan.o(.text)
    ComputeEulerAngles                       0x00001a2d   Thumb Code  1012  mpu6050.o(.text.ComputeEulerAngles)
    DL_Common_delayCycles                    0x00001e31   Thumb Code    10  dl_common.o(.text.DL_Common_delayCycles)
    DL_SYSCTL_configSYSPLL                   0x00001e3d   Thumb Code   196  dl_sysctl_mspm0g1x0x_g3x0x.o(.text.DL_SYSCTL_configSYSPLL)
    DL_SYSCTL_switchMCLKfromSYSOSCtoHSCLK    0x00001f01   Thumb Code    40  dl_sysctl_mspm0g1x0x_g3x0x.o(.text.DL_SYSCTL_switchMCLKfromSYSOSCtoHSCLK)
    DL_TimerA_initPWMMode                    0x00001f29   Thumb Code   120  dl_timer.o(.text.DL_TimerA_initPWMMode)
    DL_Timer_initPWMMode                     0x00001fad   Thumb Code   188  dl_timer.o(.text.DL_Timer_initPWMMode)
    DL_Timer_initTimerMode                   0x00002081   Thumb Code   224  dl_timer.o(.text.DL_Timer_initTimerMode)
    DL_Timer_setCaptCompUpdateMethod         0x0000216d   Thumb Code    24  dl_timer.o(.text.DL_Timer_setCaptCompUpdateMethod)
    DL_Timer_setCaptureCompareOutCtl         0x00002189   Thumb Code    20  dl_timer.o(.text.DL_Timer_setCaptureCompareOutCtl)
    DL_Timer_setCaptureCompareValue          0x000021a1   Thumb Code    12  dl_timer.o(.text.DL_Timer_setCaptureCompareValue)
    DL_Timer_setClockConfig                  0x000021b1   Thumb Code    24  dl_timer.o(.text.DL_Timer_setClockConfig)
    DL_UART_init                             0x000021cd   Thumb Code    64  dl_uart.o(.text.DL_UART_init)
    DL_UART_setClockConfig                   0x00002215   Thumb Code    18  dl_uart.o(.text.DL_UART_setClockConfig)
    GROUP1_IRQHandler                        0x00002229   Thumb Code   192  motor.o(.text.GROUP1_IRQHandler)
    MPU6050_GetData                          0x00002301   Thumb Code   732  mpu6050.o(.text.MPU6050_GetData)
    MPU6050_Read                             0x000025dd   Thumb Code   260  mpu6050.o(.text.MPU6050_Read)
    MyI2C_ReceiveAck                         0x00002709   Thumb Code   248  myi2c.o(.text.MyI2C_ReceiveAck)
    MyI2C_ReceiveByte                        0x00002801   Thumb Code   284  myi2c.o(.text.MyI2C_ReceiveByte)
    MyI2C_SendAck                            0x00002925   Thumb Code   192  myi2c.o(.text.MyI2C_SendAck)
    MyI2C_SendByte                           0x000029e5   Thumb Code   220  myi2c.o(.text.MyI2C_SendByte)
    MyI2C_Start                              0x00002ac9   Thumb Code   244  myi2c.o(.text.MyI2C_Start)
    MyI2C_Stop                               0x00002bc5   Thumb Code   192  myi2c.o(.text.MyI2C_Stop)
    OLED_Clear                               0x00002c8d   Thumb Code   276  oled.o(.text.OLED_Clear)
    OLED_I2C_SendByte                        0x00002da1   Thumb Code   308  oled.o(.text.OLED_I2C_SendByte)
    OLED_Init                                0x00002ed9   Thumb Code   146  oled.o(.text.OLED_Init)
    OLED_ShowChar                            0x00002f6d   Thumb Code   188  oled.o(.text.OLED_ShowChar)
    OLED_ShowNum                             0x00003031   Thumb Code   140  oled.o(.text.OLED_ShowNum)
    OLED_ShowString                          0x000030c1   Thumb Code    44  oled.o(.text.OLED_ShowString)
    OLED_WriteCommand                        0x000030ed   Thumb Code    92  oled.o(.text.OLED_WriteCommand)
    OLED_WriteData                           0x0000314d   Thumb Code    92  oled.o(.text.OLED_WriteData)
    SYSCFG_DL_GPIO_init                      0x000031ad   Thumb Code   148  ti_msp_dl_config.o(.text.SYSCFG_DL_GPIO_init)
    SYSCFG_DL_PWM_AB_init                    0x0000326d   Thumb Code   112  ti_msp_dl_config.o(.text.SYSCFG_DL_PWM_AB_init)
    SYSCFG_DL_SYSCTL_init                    0x000032ed   Thumb Code   104  ti_msp_dl_config.o(.text.SYSCFG_DL_SYSCTL_init)
    SYSCFG_DL_SYSTICK_init                   0x00003365   Thumb Code    24  ti_msp_dl_config.o(.text.SYSCFG_DL_SYSTICK_init)
    SYSCFG_DL_TIMER_0_init                   0x00003381   Thumb Code    36  ti_msp_dl_config.o(.text.SYSCFG_DL_TIMER_0_init)
    SYSCFG_DL_UART_0_init                    0x000033b9   Thumb Code    88  ti_msp_dl_config.o(.text.SYSCFG_DL_UART_0_init)
    SYSCFG_DL_init                           0x00003429   Thumb Code    44  ti_msp_dl_config.o(.text.SYSCFG_DL_init)
    SYSCFG_DL_initPower                      0x0000345d   Thumb Code    44  ti_msp_dl_config.o(.text.SYSCFG_DL_initPower)
    Search_Trace                             0x000034a5   Thumb Code   752  empty.o(.text.Search_Trace)
    TIMA0_IRQHandler                         0x00003869   Thumb Code   124  motor.o(.text.TIMA0_IRQHandler)
    UART0_IRQHandler                         0x00003919   Thumb Code    76  board.o(.text.UART0_IRQHandler)
    _sys_exit                                0x00003975   Thumb Code     2  board.o(.text._sys_exit)
    board_init                               0x00003979   Thumb Code    28  board.o(.text.board_init)
    delay_us                                 0x000039bd   Thumb Code    12  board.o(.text.delay_us)
    fputc                                    0x000039c9   Thumb Code    32  board.o(.text.fputc)
    main                                     0x000039ed   Thumb Code   148  empty.o(.text.main)
    set_motor_rotateL                        0x00003acd   Thumb Code    68  motor.o(.text.set_motor_rotateL)
    set_motor_rotateR                        0x00003b15   Thumb Code    68  motor.o(.text.set_motor_rotateR)
    __aeabi_uidiv                            0x00003b69   Thumb Code    68  aeabi_sdivfast.o(.text_divfast)
    __aeabi_idiv                             0x00003bad   Thumb Code   434  aeabi_sdivfast.o(.text_divfast)
    __ARM_common_ll_muluu                    0x00003d5f   Thumb Code    48  btod.o(i.__ARM_common_ll_muluu)
    __ARM_fpclassify                         0x00003d91   Thumb Code    40  fpclassify.o(i.__ARM_fpclassify)
    __ARM_fpclassifyf                        0x00003dbd   Thumb Code    34  fpclassifyf.o(i.__ARM_fpclassifyf)
    __mathlib_flt_infnan                     0x00003ddf   Thumb Code    10  funder.o(i.__mathlib_flt_infnan)
    __mathlib_flt_infnan2                    0x00003de9   Thumb Code     8  funder.o(i.__mathlib_flt_infnan2)
    __mathlib_flt_invalid                    0x00003df1   Thumb Code    12  funder.o(i.__mathlib_flt_invalid)
    __mathlib_flt_underflow                  0x00003dfd   Thumb Code    14  funder.o(i.__mathlib_flt_underflow)
    __aeabi_fcmpeq                           0x00003e0b   Thumb Code     0  fcmp.o(i._feq)
    _feq                                     0x00003e0b   Thumb Code    22  fcmp.o(i._feq)
    __aeabi_fcmpge                           0x00003e21   Thumb Code     0  fcmp.o(i._fgeq)
    _fgeq                                    0x00003e21   Thumb Code    22  fcmp.o(i._fgeq)
    __aeabi_fcmpgt                           0x00003e37   Thumb Code     0  fcmp.o(i._fgr)
    _fgr                                     0x00003e37   Thumb Code    22  fcmp.o(i._fgr)
    __aeabi_fcmple                           0x00003e4d   Thumb Code     0  fcmp.o(i._fleq)
    _fleq                                    0x00003e4d   Thumb Code    26  fcmp.o(i._fleq)
    __aeabi_fcmplt                           0x00003e67   Thumb Code     0  fcmp.o(i._fls)
    _fls                                     0x00003e67   Thumb Code    22  fcmp.o(i._fls)
    asinf                                    0x00003e7d   Thumb Code   242  asinf.o(i.asinf)
    atan2f                                   0x00003f95   Thumb Code   592  atan2f.o(i.atan2f)
    sqrtf                                    0x00004231   Thumb Code    44  sqrtf.o(i.sqrtf)
    _get_lc_numeric                          0x0000425d   Thumb Code    44  lc_numeric_c.o(locale$$code)
    __aeabi_fadd                             0x00004289   Thumb Code     0  faddsub.o(x$fpl$fadd)
    _fadd                                    0x00004289   Thumb Code   134  faddsub.o(x$fpl$fadd)
    __aeabi_cfcmpeq                          0x00004315   Thumb Code     0  feqf.o(x$fpl$feqf)
    _fcmpeq                                  0x00004315   Thumb Code    78  feqf.o(x$fpl$feqf)
    _fcmpge                                  0x00004369   Thumb Code    78  fgef.o(x$fpl$fgeqf)
    __aeabi_cfcmple                          0x000043bd   Thumb Code     0  flef.o(x$fpl$fleqf)
    _fcmple                                  0x000043bd   Thumb Code    78  flef.o(x$fpl$fleqf)
    __aeabi_fmul                             0x00004411   Thumb Code     0  fmul.o(x$fpl$fmul)
    _fmul                                    0x00004411   Thumb Code   172  fmul.o(x$fpl$fmul)
    __aeabi_frsub                            0x000044c1   Thumb Code     0  faddsub.o(x$fpl$frsb)
    _frsb                                    0x000044c1   Thumb Code    24  faddsub.o(x$fpl$frsb)
    __aeabi_fsub                             0x000044d9   Thumb Code     0  faddsub.o(x$fpl$fsub)
    _fsub                                    0x000044d9   Thumb Code   204  faddsub.o(x$fpl$fsub)
    _printf_fp_dec                           0x000045a9   Thumb Code    16  printf1.o(x$fpl$printf1)
    __I$use$fp                               0x000045b8   Number         0  usenofp.o(x$fpl$usenofp)
    OLED_F8x16                               0x0000468c   Data        1520  oled.o(.rodata.OLED_F8x16)
    Region$$Table$$Base                      0x00004d28   Number         0  anon$$obj.o(Region$$Table)
    Region$$Table$$Limit                     0x00004d48   Number         0  anon$$obj.o(Region$$Table)
    q                                        0x20200000   Data          28  mpu6050.o(.data.q)
    __libspace_start                         0x20200020   Data          96  libspace.o(.bss)
    AX                                       0x20200080   Data           2  mpu6050.o(.bss.AX)
    __temporary_stack_top$libspace           0x20200080   Data           0  libspace.o(.bss)
    AY                                       0x20200082   Data           2  mpu6050.o(.bss.AY)
    AZ                                       0x20200084   Data           2  mpu6050.o(.bss.AZ)
    AccX                                     0x20200086   Data           2  empty.o(.bss.AccX)
    AccY                                     0x20200088   Data           2  empty.o(.bss.AccY)
    AccZ                                     0x2020008a   Data           2  empty.o(.bss.AccZ)
    GX                                       0x2020008c   Data           2  mpu6050.o(.bss.GX)
    GY                                       0x2020008e   Data           2  mpu6050.o(.bss.GY)
    GZ                                       0x20200090   Data           2  mpu6050.o(.bss.GZ)
    GyroX                                    0x20200092   Data           2  empty.o(.bss.GyroX)
    GyroY                                    0x20200094   Data           2  empty.o(.bss.GyroY)
    GyroZ                                    0x20200096   Data           2  empty.o(.bss.GyroZ)
    Kd                                       0x20200098   Data           4  empty.o(.bss.Kd)
    Ki                                       0x2020009c   Data           4  empty.o(.bss.Ki)
    Kp                                       0x202000a0   Data           4  empty.o(.bss.Kp)
    __stdout                                 0x202000a4   Data          84  board.o(.bss.__stdout)
    a                                        0x202000f8   Data           4  empty.o(.bss.a)
    cnt                                      0x202000fc   Data           4  empty.o(.bss.cnt)
    d                                        0x20200100   Data          28  mpu6050.o(.bss.d)
    detect_value                             0x2020011c   Data           4  empty.o(.bss.detect_value)
    err_last                                 0x20200120   Data           4  empty.o(.bss.err_last)
    error                                    0x20200124   Data           4  empty.o(.bss.error)
    gPWM_ABBackup                            0x20200128   Data         188  ti_msp_dl_config.o(.bss.gPWM_ABBackup)
    gTIMER_0Backup                           0x202001e4   Data         188  ti_msp_dl_config.o(.bss.gTIMER_0Backup)
    integral                                 0x202002a0   Data           4  empty.o(.bss.integral)
    last_a                                   0x202002a4   Data           4  empty.o(.bss.last_a)
    last_detect_value                        0x202002a8   Data           4  empty.o(.bss.last_detect_value)
    left_1                                   0x202002ac   Data           1  empty.o(.bss.left_1)
    left_2                                   0x202002ad   Data           1  empty.o(.bss.left_2)
    left_3                                   0x202002ae   Data           1  empty.o(.bss.left_3)
    output_val                               0x202002e0   Data           4  empty.o(.bss.output_val)
    pitch                                    0x202002e4   Data           4  empty.o(.bss.pitch)
    pwm_set_L                                0x202002e8   Data           4  empty.o(.bss.pwm_set_L)
    pwm_set_R                                0x202002ec   Data           4  empty.o(.bss.pwm_set_R)
    recv0_buff                               0x202002f0   Data         128  board.o(.bss.recv0_buff)
    recv0_flag                               0x20200370   Data           1  board.o(.bss.recv0_flag)
    recv0_length                             0x20200372   Data           2  board.o(.bss.recv0_length)
    right_1                                  0x20200374   Data           1  empty.o(.bss.right_1)
    right_2                                  0x20200375   Data           1  empty.o(.bss.right_2)
    right_3                                  0x20200376   Data           1  empty.o(.bss.right_3)
    roll                                     0x20200378   Data           4  empty.o(.bss.roll)
    set_circle                               0x2020037c   Data           4  empty.o(.bss.set_circle)
    yaw                                      0x20200380   Data           4  empty.o(.bss.yaw)



==============================================================================

Memory Map of the image

  Image Entry point : 0x000000c1

  Load Region LR_IROM1 (Base: 0x00000000, Size: 0x00004d88, Max: 0x00020000, ABSOLUTE)

    Execution Region ER_IROM1 (Exec base: 0x00000000, Load base: 0x00000000, Size: 0x00004d64, Max: 0x00020000, ABSOLUTE)

    Exec Addr    Load Addr    Size         Type   Attr      Idx    E Section Name        Object

    0x00000000   0x00000000   0x000000c0   Data   RO           87    RESET               startup_mspm0g350x_uvision.o
    0x000000c0   0x000000c0   0x00000008   Code   RO         1127  * !!!main             c_p.l(__main.o)
    0x000000c8   0x000000c8   0x00000054   Code   RO         1453    !!!scatter          c_p.l(__scatter.o)
    0x0000011c   0x0000011c   0x00000004   PAD
    0x00000120   0x00000120   0x0000001a   Code   RO         1457    !!handler_copy      c_p.l(__scatter_copy.o)
    0x0000013a   0x0000013a   0x00000006   PAD
    0x00000140   0x00000140   0x00000002   Code   RO         1454    !!handler_null      c_p.l(__scatter.o)
    0x00000142   0x00000142   0x00000006   PAD
    0x00000148   0x00000148   0x0000001c   Code   RO         1459    !!handler_zi        c_p.l(__scatter_zi.o)
    0x00000164   0x00000164   0x00000002   Code   RO         1114    .ARM.Collect$$_printf_percent$$00000000  c_p.l(_printf_percent.o)
    0x00000166   0x00000166   0x0000000a   Code   RO         1113    .ARM.Collect$$_printf_percent$$00000003  c_p.l(_printf_f.o)
    0x00000170   0x00000170   0x0000000a   Code   RO         1112    .ARM.Collect$$_printf_percent$$00000009  c_p.l(_printf_d.o)
    0x0000017a   0x0000017a   0x00000004   Code   RO         1205    .ARM.Collect$$_printf_percent$$00000017  c_p.l(_printf_percent_end.o)
    0x0000017e   0x0000017e   0x00000002   Code   RO         1313    .ARM.Collect$$libinit$$00000000  c_p.l(libinit.o)
    0x00000180   0x00000180   0x00000000   Code   RO         1315    .ARM.Collect$$libinit$$00000002  c_p.l(libinit2.o)
    0x00000180   0x00000180   0x00000000   Code   RO         1317    .ARM.Collect$$libinit$$00000004  c_p.l(libinit2.o)
    0x00000180   0x00000180   0x00000000   Code   RO         1319    .ARM.Collect$$libinit$$00000006  c_p.l(libinit2.o)
    0x00000180   0x00000180   0x00000000   Code   RO         1322    .ARM.Collect$$libinit$$0000000C  c_p.l(libinit2.o)
    0x00000180   0x00000180   0x00000000   Code   RO         1324    .ARM.Collect$$libinit$$0000000E  c_p.l(libinit2.o)
    0x00000180   0x00000180   0x00000000   Code   RO         1326    .ARM.Collect$$libinit$$00000010  c_p.l(libinit2.o)
    0x00000180   0x00000180   0x00000006   Code   RO         1327    .ARM.Collect$$libinit$$00000011  c_p.l(libinit2.o)
    0x00000186   0x00000186   0x00000000   Code   RO         1329    .ARM.Collect$$libinit$$00000013  c_p.l(libinit2.o)
    0x00000186   0x00000186   0x00000000   Code   RO         1331    .ARM.Collect$$libinit$$00000015  c_p.l(libinit2.o)
    0x00000186   0x00000186   0x00000000   Code   RO         1333    .ARM.Collect$$libinit$$00000017  c_p.l(libinit2.o)
    0x00000186   0x00000186   0x0000000a   Code   RO         1334    .ARM.Collect$$libinit$$00000018  c_p.l(libinit2.o)
    0x00000190   0x00000190   0x00000000   Code   RO         1335    .ARM.Collect$$libinit$$00000019  c_p.l(libinit2.o)
    0x00000190   0x00000190   0x00000000   Code   RO         1337    .ARM.Collect$$libinit$$0000001B  c_p.l(libinit2.o)
    0x00000190   0x00000190   0x00000000   Code   RO         1339    .ARM.Collect$$libinit$$0000001D  c_p.l(libinit2.o)
    0x00000190   0x00000190   0x00000000   Code   RO         1341    .ARM.Collect$$libinit$$0000001F  c_p.l(libinit2.o)
    0x00000190   0x00000190   0x00000000   Code   RO         1343    .ARM.Collect$$libinit$$00000021  c_p.l(libinit2.o)
    0x00000190   0x00000190   0x00000000   Code   RO         1345    .ARM.Collect$$libinit$$00000023  c_p.l(libinit2.o)
    0x00000190   0x00000190   0x00000000   Code   RO         1347    .ARM.Collect$$libinit$$00000025  c_p.l(libinit2.o)
    0x00000190   0x00000190   0x00000000   Code   RO         1349    .ARM.Collect$$libinit$$00000027  c_p.l(libinit2.o)
    0x00000190   0x00000190   0x00000000   Code   RO         1353    .ARM.Collect$$libinit$$0000002E  c_p.l(libinit2.o)
    0x00000190   0x00000190   0x00000000   Code   RO         1355    .ARM.Collect$$libinit$$00000030  c_p.l(libinit2.o)
    0x00000190   0x00000190   0x00000000   Code   RO         1357    .ARM.Collect$$libinit$$00000032  c_p.l(libinit2.o)
    0x00000190   0x00000190   0x00000000   Code   RO         1359    .ARM.Collect$$libinit$$00000034  c_p.l(libinit2.o)
    0x00000190   0x00000190   0x00000002   Code   RO         1360    .ARM.Collect$$libinit$$00000035  c_p.l(libinit2.o)
    0x00000192   0x00000192   0x00000002   Code   RO         1415    .ARM.Collect$$libshutdown$$00000000  c_p.l(libshutdown.o)
    0x00000194   0x00000194   0x00000000   Code   RO         1436    .ARM.Collect$$libshutdown$$00000002  c_p.l(libshutdown2.o)
    0x00000194   0x00000194   0x00000000   Code   RO         1438    .ARM.Collect$$libshutdown$$00000004  c_p.l(libshutdown2.o)
    0x00000194   0x00000194   0x00000000   Code   RO         1441    .ARM.Collect$$libshutdown$$00000007  c_p.l(libshutdown2.o)
    0x00000194   0x00000194   0x00000000   Code   RO         1444    .ARM.Collect$$libshutdown$$0000000A  c_p.l(libshutdown2.o)
    0x00000194   0x00000194   0x00000000   Code   RO         1446    .ARM.Collect$$libshutdown$$0000000C  c_p.l(libshutdown2.o)
    0x00000194   0x00000194   0x00000000   Code   RO         1449    .ARM.Collect$$libshutdown$$0000000F  c_p.l(libshutdown2.o)
    0x00000194   0x00000194   0x00000002   Code   RO         1450    .ARM.Collect$$libshutdown$$00000010  c_p.l(libshutdown2.o)
    0x00000196   0x00000196   0x00000000   Code   RO         1190    .ARM.Collect$$rtentry$$00000000  c_p.l(__rtentry.o)
    0x00000196   0x00000196   0x00000000   Code   RO         1236    .ARM.Collect$$rtentry$$00000002  c_p.l(__rtentry2.o)
    0x00000196   0x00000196   0x00000006   Code   RO         1248    .ARM.Collect$$rtentry$$00000004  c_p.l(__rtentry4.o)
    0x0000019c   0x0000019c   0x00000000   Code   RO         1238    .ARM.Collect$$rtentry$$00000009  c_p.l(__rtentry2.o)
    0x0000019c   0x0000019c   0x00000004   Code   RO         1239    .ARM.Collect$$rtentry$$0000000A  c_p.l(__rtentry2.o)
    0x000001a0   0x000001a0   0x00000000   Code   RO         1241    .ARM.Collect$$rtentry$$0000000C  c_p.l(__rtentry2.o)
    0x000001a0   0x000001a0   0x00000008   Code   RO         1242    .ARM.Collect$$rtentry$$0000000D  c_p.l(__rtentry2.o)
    0x000001a8   0x000001a8   0x00000002   Code   RO         1366    .ARM.Collect$$rtexit$$00000000  c_p.l(rtexit.o)
    0x000001aa   0x000001aa   0x00000000   Code   RO         1383    .ARM.Collect$$rtexit$$00000002  c_p.l(rtexit2.o)
    0x000001aa   0x000001aa   0x00000004   Code   RO         1384    .ARM.Collect$$rtexit$$00000003  c_p.l(rtexit2.o)
    0x000001ae   0x000001ae   0x00000006   Code   RO         1385    .ARM.Collect$$rtexit$$00000004  c_p.l(rtexit2.o)
    0x000001b4   0x000001b4   0x00000030   Code   RO           88    .text               startup_mspm0g350x_uvision.o
    0x000001e4   0x000001e4   0x0000001c   Code   RO         1086    .text               c_p.l(noretval__2printf.o)
    0x00000200   0x00000200   0x0000006c   Code   RO         1088    .text               c_p.l(__printf.o)
    0x0000026c   0x0000026c   0x0000006c   Code   RO         1090    .text               c_p.l(_printf_dec.o)
    0x000002d8   0x000002d8   0x0000002c   Code   RO         1115    .text               c_p.l(puts.o)
    0x00000304   0x00000304   0x000001f8   Code   RO         1117    .text               c_p.l(aeabi_sdivfast.o)
    0x000004fc   0x000004fc   0x00000006   Code   RO         1125    .text               c_p.l(heapauxi.o)
    0x00000502   0x00000502   0x00000002   PAD
    0x00000504   0x00000504   0x0000007c   Code   RO         1129    .text               fz_ps.l(d2f.o)
    0x00000580   0x00000580   0x00000058   Code   RO         1131    .text               fz_ps.l(dflti.o)
    0x000005d8   0x000005d8   0x00000248   Code   RO         1133    .text               fz_ps.l(dmul.o)
    0x00000820   0x00000820   0x00000054   Code   RO         1135    .text               fz_ps.l(f2d.o)
    0x00000874   0x00000874   0x00000160   Code   RO         1167    .text               fz_ps.l(fdiv.o)
    0x000009d4   0x000009d4   0x0000004c   Code   RO         1170    .text               fz_ps.l(ffixi.o)
    0x00000a20   0x00000a20   0x0000005e   Code   RO         1172    .text               fz_ps.l(fflti.o)
    0x00000a7e   0x00000a7e   0x00000016   Code   RO         1195    .text               c_p.l(_rserrno.o)
    0x00000a94   0x00000a94   0x000000b0   Code   RO         1197    .text               c_p.l(_printf_intcommon.o)
    0x00000b44   0x00000b44   0x00000414   Code   RO         1199    .text               c_p.l(_printf_fp_dec.o)
    0x00000f58   0x00000f58   0x00000028   Code   RO         1203    .text               c_p.l(_printf_char_file.o)
    0x00000f80   0x00000f80   0x00000028   Code   RO         1206    .text               c_p.l(rtudiv10.o)
    0x00000fa8   0x00000fa8   0x00000044   Code   RO         1214    .text               fz_ps.l(fscalbn.o)
    0x00000fec   0x00000fec   0x00000090   Code   RO         1216    .text               fz_ps.l(fsqrt.o)
    0x0000107c   0x0000107c   0x00000008   Code   RO         1255    .text               c_p.l(rt_locale_intlibspace.o)
    0x00001084   0x00001084   0x00000008   Code   RO         1260    .text               c_p.l(rt_errno_addr_intlibspace.o)
    0x0000108c   0x0000108c   0x0000007a   Code   RO         1262    .text               c_p.l(lludiv10.o)
    0x00001106   0x00001106   0x00000002   PAD
    0x00001108   0x00001108   0x00000030   Code   RO         1264    .text               c_p.l(_printf_char_common.o)
    0x00001138   0x00001138   0x00000088   Code   RO         1266    .text               c_p.l(_printf_fp_infnan.o)
    0x000011c0   0x000011c0   0x000000d8   Code   RO         1268    .text               c_p.l(bigflt0.o)
    0x00001298   0x00001298   0x00000580   Code   RO         1271    .text               c_p.l(btod.o)
    0x00001818   0x00001818   0x00000008   Code   RO         1277    .text               c_p.l(ferror.o)
    0x00001820   0x00001820   0x00000064   Code   RO         1284    .text               fz_ps.l(fcmpin.o)
    0x00001884   0x00001884   0x00000008   Code   RO         1290    .text               c_p.l(libspace.o)
    0x0000188c   0x0000188c   0x0000003e   Code   RO         1293    .text               c_p.l(sys_stackheap_outer.o)
    0x000018ca   0x000018ca   0x00000010   Code   RO         1300    .text               c_p.l(exit.o)
    0x000018da   0x000018da   0x00000002   PAD
    0x000018dc   0x000018dc   0x000000b0   Code   RO         1306    .text               c_p.l(strcmpv6m.o)
    0x0000198c   0x0000198c   0x0000002e   Code   RO         1361    .text               fz_ps.l(cmpret.o)
    0x000019ba   0x000019ba   0x00000002   PAD
    0x000019bc   0x000019bc   0x00000010   Code   RO         1363    .text               fz_ps.l(fnan2.o)
    0x000019cc   0x000019cc   0x0000005e   Code   RO         1380    .text               fz_ps.l(retnan.o)
    0x00001a2a   0x00001a2a   0x00000002   PAD
    0x00001a2c   0x00001a2c   0x00000404   Code   RO          955    .text.ComputeEulerAngles  mpu6050.o
    0x00001e30   0x00001e30   0x0000000a   Code   RO          882    .text.DL_Common_delayCycles  dl_common.o
    0x00001e3a   0x00001e3a   0x00000002   PAD
    0x00001e3c   0x00001e3c   0x000000c4   Code   RO         1051    .text.DL_SYSCTL_configSYSPLL  driverlib.a(dl_sysctl_mspm0g1x0x_g3x0x.o)
    0x00001f00   0x00001f00   0x00000028   Code   RO         1059    .text.DL_SYSCTL_switchMCLKfromSYSOSCtoHSCLK  driverlib.a(dl_sysctl_mspm0g1x0x_g3x0x.o)
    0x00001f28   0x00001f28   0x00000084   Code   RO          356    .text.DL_TimerA_initPWMMode  dl_timer.o
    0x00001fac   0x00001fac   0x000000d4   Code   RO          316    .text.DL_Timer_initPWMMode  dl_timer.o
    0x00002080   0x00002080   0x000000ec   Code   RO          298    .text.DL_Timer_initTimerMode  dl_timer.o
    0x0000216c   0x0000216c   0x0000001c   Code   RO          330    .text.DL_Timer_setCaptCompUpdateMethod  dl_timer.o
    0x00002188   0x00002188   0x00000018   Code   RO          320    .text.DL_Timer_setCaptureCompareOutCtl  dl_timer.o
    0x000021a0   0x000021a0   0x00000010   Code   RO          300    .text.DL_Timer_setCaptureCompareValue  dl_timer.o
    0x000021b0   0x000021b0   0x0000001c   Code   RO          294    .text.DL_Timer_setClockConfig  dl_timer.o
    0x000021cc   0x000021cc   0x00000048   Code   RO          242    .text.DL_UART_init  dl_uart.o
    0x00002214   0x00002214   0x00000012   Code   RO          244    .text.DL_UART_setClockConfig  dl_uart.o
    0x00002226   0x00002226   0x00000002   PAD
    0x00002228   0x00002228   0x000000d8   Code   RO          210    .text.GROUP1_IRQHandler  motor.o
    0x00002300   0x00002300   0x000002dc   Code   RO          949    .text.MPU6050_GetData  mpu6050.o
    0x000025dc   0x000025dc   0x0000012c   Code   RO          953    .text.MPU6050_Read  mpu6050.o
    0x00002708   0x00002708   0x000000f8   Code   RO          997    .text.MyI2C_ReceiveAck  myi2c.o
    0x00002800   0x00002800   0x00000124   Code   RO          993    .text.MyI2C_ReceiveByte  myi2c.o
    0x00002924   0x00002924   0x000000c0   Code   RO          995    .text.MyI2C_SendAck  myi2c.o
    0x000029e4   0x000029e4   0x000000e4   Code   RO          991    .text.MyI2C_SendByte  myi2c.o
    0x00002ac8   0x00002ac8   0x000000fc   Code   RO          987    .text.MyI2C_Start   myi2c.o
    0x00002bc4   0x00002bc4   0x000000c8   Code   RO          989    .text.MyI2C_Stop    myi2c.o
    0x00002c8c   0x00002c8c   0x00000114   Code   RO         1024    .text.OLED_Clear    oled.o
    0x00002da0   0x00002da0   0x00000138   Code   RO         1016    .text.OLED_I2C_SendByte  oled.o
    0x00002ed8   0x00002ed8   0x00000092   Code   RO         1040    .text.OLED_Init     oled.o
    0x00002f6a   0x00002f6a   0x00000002   PAD
    0x00002f6c   0x00002f6c   0x000000c4   Code   RO         1026    .text.OLED_ShowChar  oled.o
    0x00003030   0x00003030   0x00000090   Code   RO         1032    .text.OLED_ShowNum  oled.o
    0x000030c0   0x000030c0   0x0000002c   Code   RO         1028    .text.OLED_ShowString  oled.o
    0x000030ec   0x000030ec   0x00000060   Code   RO         1018    .text.OLED_WriteCommand  oled.o
    0x0000314c   0x0000314c   0x00000060   Code   RO         1020    .text.OLED_WriteData  oled.o
    0x000031ac   0x000031ac   0x000000c0   Code   RO           99    .text.SYSCFG_DL_GPIO_init  ti_msp_dl_config.o
    0x0000326c   0x0000326c   0x00000080   Code   RO          103    .text.SYSCFG_DL_PWM_AB_init  ti_msp_dl_config.o
    0x000032ec   0x000032ec   0x00000078   Code   RO          101    .text.SYSCFG_DL_SYSCTL_init  ti_msp_dl_config.o
    0x00003364   0x00003364   0x0000001c   Code   RO          109    .text.SYSCFG_DL_SYSTICK_init  ti_msp_dl_config.o
    0x00003380   0x00003380   0x00000038   Code   RO          105    .text.SYSCFG_DL_TIMER_0_init  ti_msp_dl_config.o
    0x000033b8   0x000033b8   0x00000070   Code   RO          107    .text.SYSCFG_DL_UART_0_init  ti_msp_dl_config.o
    0x00003428   0x00003428   0x00000034   Code   RO           95    .text.SYSCFG_DL_init  ti_msp_dl_config.o
    0x0000345c   0x0000345c   0x00000048   Code   RO           97    .text.SYSCFG_DL_initPower  ti_msp_dl_config.o
    0x000034a4   0x000034a4   0x000003c4   Code   RO           10    .text.Search_Trace  empty.o
    0x00003868   0x00003868   0x000000b0   Code   RO          214    .text.TIMA0_IRQHandler  motor.o
    0x00003918   0x00003918   0x0000005c   Code   RO          150    .text.UART0_IRQHandler  board.o
    0x00003974   0x00003974   0x00000002   Code   RO          146    .text._sys_exit     board.o
    0x00003976   0x00003976   0x00000002   PAD
    0x00003978   0x00003978   0x00000044   Code   RO          132    .text.board_init    board.o
    0x000039bc   0x000039bc   0x0000000c   Code   RO          134    .text.delay_us      board.o
    0x000039c8   0x000039c8   0x00000024   Code   RO          148    .text.fputc         board.o
    0x000039ec   0x000039ec   0x000000e0   Code   RO           14    .text.main          empty.o
    0x00003acc   0x00003acc   0x00000048   Code   RO          186    .text.set_motor_rotateL  motor.o
    0x00003b14   0x00003b14   0x00000054   Code   RO          188    .text.set_motor_rotateR  motor.o
    0x00003b68   0x00003b68   0x000001f6   Code   RO         1118    .text_divfast       c_p.l(aeabi_sdivfast.o)
    0x00003d5e   0x00003d5e   0x00000030   Code   RO         1273    i.__ARM_common_ll_muluu  c_p.l(btod.o)
    0x00003d8e   0x00003d8e   0x00000002   PAD
    0x00003d90   0x00003d90   0x0000002c   Code   RO         1288    i.__ARM_fpclassify  m_ps.l(fpclassify.o)
    0x00003dbc   0x00003dbc   0x00000022   Code   RO         1219    i.__ARM_fpclassifyf  m_ps.l(fpclassifyf.o)
    0x00003dde   0x00003dde   0x0000000a   Code   RO         1222    i.__mathlib_flt_infnan  m_ps.l(funder.o)
    0x00003de8   0x00003de8   0x00000008   Code   RO         1223    i.__mathlib_flt_infnan2  m_ps.l(funder.o)
    0x00003df0   0x00003df0   0x0000000c   Code   RO         1224    i.__mathlib_flt_invalid  m_ps.l(funder.o)
    0x00003dfc   0x00003dfc   0x0000000e   Code   RO         1227    i.__mathlib_flt_underflow  m_ps.l(funder.o)
    0x00003e0a   0x00003e0a   0x00000016   Code   RO         1149    i._feq              fz_ps.l(fcmp.o)
    0x00003e20   0x00003e20   0x00000016   Code   RO         1150    i._fgeq             fz_ps.l(fcmp.o)
    0x00003e36   0x00003e36   0x00000016   Code   RO         1151    i._fgr              fz_ps.l(fcmp.o)
    0x00003e4c   0x00003e4c   0x0000001a   Code   RO         1152    i._fleq             fz_ps.l(fcmp.o)
    0x00003e66   0x00003e66   0x00000016   Code   RO         1153    i._fls              fz_ps.l(fcmp.o)
    0x00003e7c   0x00003e7c   0x00000118   Code   RO         1179    i.asinf             m_ps.l(asinf.o)
    0x00003f94   0x00003f94   0x0000029c   Code   RO         1183    i.atan2f            m_ps.l(atan2f.o)
    0x00004230   0x00004230   0x0000002c   Code   RO         1187    i.sqrtf             m_ps.l(sqrtf.o)
    0x0000425c   0x0000425c   0x0000002c   Code   RO         1282    locale$$code        c_p.l(lc_numeric_c.o)
    0x00004288   0x00004288   0x0000008c   Code   RO         1137    x$fpl$fadd          fz_ps.l(faddsub.o)
    0x00004314   0x00004314   0x00000054   Code   RO         1208    x$fpl$feqf          fz_ps.l(feqf.o)
    0x00004368   0x00004368   0x00000054   Code   RO         1210    x$fpl$fgeqf         fz_ps.l(fgef.o)
    0x000043bc   0x000043bc   0x00000054   Code   RO         1212    x$fpl$fleqf         fz_ps.l(flef.o)
    0x00004410   0x00004410   0x000000b0   Code   RO         1174    x$fpl$fmul          fz_ps.l(fmul.o)
    0x000044c0   0x000044c0   0x00000018   Code   RO         1138    x$fpl$frsb          fz_ps.l(faddsub.o)
    0x000044d8   0x000044d8   0x000000d0   Code   RO         1139    x$fpl$fsub          fz_ps.l(faddsub.o)
    0x000045a8   0x000045a8   0x00000010   Code   RO         1176    x$fpl$printf1       fz_ps.l(printf1.o)
    0x000045b8   0x000045b8   0x00000000   Code   RO         1218    x$fpl$usenofp       fz_ps.l(usenofp.o)
    0x000045b8   0x000045b8   0x00000040   Data   RO         1168    .constdata          fz_ps.l(fdiv.o)
    0x000045f8   0x000045f8   0x00000094   Data   RO         1269    .constdata          c_p.l(bigflt0.o)
    0x0000468c   0x0000468c   0x000005f0   Data   RO         1042    .rodata.OLED_F8x16  oled.o
    0x00004c7c   0x00004c7c   0x00000003   Data   RO          118    .rodata.gPWM_ABClockConfig  ti_msp_dl_config.o
    0x00004c7f   0x00004c7f   0x00000001   PAD
    0x00004c80   0x00004c80   0x00000008   Data   RO          119    .rodata.gPWM_ABConfig  ti_msp_dl_config.o
    0x00004c88   0x00004c88   0x00000028   Data   RO          117    .rodata.gSYSPLLConfig  ti_msp_dl_config.o
    0x00004cb0   0x00004cb0   0x00000003   Data   RO          120    .rodata.gTIMER_0ClockConfig  ti_msp_dl_config.o
    0x00004cb3   0x00004cb3   0x00000001   PAD
    0x00004cb4   0x00004cb4   0x00000014   Data   RO          121    .rodata.gTIMER_0TimerConfig  ti_msp_dl_config.o
    0x00004cc8   0x00004cc8   0x00000002   Data   RO          122    .rodata.gUART_0ClockConfig  ti_msp_dl_config.o
    0x00004cca   0x00004cca   0x0000000a   Data   RO          123    .rodata.gUART_0Config  ti_msp_dl_config.o
    0x00004cd4   0x00004cd4   0x00000040   Data   RO           58    .rodata.str1.1      empty.o
    0x00004d14   0x00004d14   0x00000011   Data   RO          219    .rodata.str1.1      motor.o
    0x00004d25   0x00004d25   0x00000003   PAD
    0x00004d28   0x00004d28   0x00000020   Data   RO         1452    Region$$Table       anon$$obj.o
    0x00004d48   0x00004d48   0x0000001c   Data   RO         1281    locale$$data        c_p.l(lc_numeric_c.o)


    Execution Region RW_IRAM2 (Exec base: 0x20200000, Load base: 0x00004d68, Size: 0x00000988, Max: 0x00008000, ABSOLUTE)

    Exec Addr    Load Addr    Size         Type   Attr      Idx    E Section Name        Object

    0x20200000   0x00004d68   0x0000001c   Data   RW          957    .data.q             mpu6050.o
    0x2020001c   0x00004d84   0x00000004   PAD
    0x20200020        -       0x00000060   Zero   RW         1291    .bss                c_p.l(libspace.o)
    0x20200080        -       0x00000002   Zero   RW          958    .bss.AX             mpu6050.o
    0x20200082        -       0x00000002   Zero   RW          959    .bss.AY             mpu6050.o
    0x20200084        -       0x00000002   Zero   RW          960    .bss.AZ             mpu6050.o
    0x20200086        -       0x00000002   Zero   RW           34    .bss.AccX           empty.o
    0x20200088        -       0x00000002   Zero   RW           35    .bss.AccY           empty.o
    0x2020008a        -       0x00000002   Zero   RW           36    .bss.AccZ           empty.o
    0x2020008c        -       0x00000002   Zero   RW          961    .bss.GX             mpu6050.o
    0x2020008e        -       0x00000002   Zero   RW          962    .bss.GY             mpu6050.o
    0x20200090        -       0x00000002   Zero   RW          963    .bss.GZ             mpu6050.o
    0x20200092        -       0x00000002   Zero   RW           37    .bss.GyroX          empty.o
    0x20200094        -       0x00000002   Zero   RW           38    .bss.GyroY          empty.o
    0x20200096        -       0x00000002   Zero   RW           39    .bss.GyroZ          empty.o
    0x20200098        -       0x00000004   Zero   RW           42    .bss.Kd             empty.o
    0x2020009c        -       0x00000004   Zero   RW           41    .bss.Ki             empty.o
    0x202000a0        -       0x00000004   Zero   RW           40    .bss.Kp             empty.o
    0x202000a4        -       0x00000054   Zero   RW          155    .bss.__stdout       board.o
    0x202000f8        -       0x00000004   Zero   RW           59    .bss.a              empty.o
    0x202000fc        -       0x00000004   Zero   RW           47    .bss.cnt            empty.o
    0x20200100        -       0x0000001c   Zero   RW          964    .bss.d              mpu6050.o
    0x2020011c        -       0x00000004   Zero   RW           48    .bss.detect_value   empty.o
    0x20200120        -       0x00000004   Zero   RW           45    .bss.err_last       empty.o
    0x20200124        -       0x00000004   Zero   RW           43    .bss.error          empty.o
    0x20200128        -       0x000000bc   Zero   RW          115    .bss.gPWM_ABBackup  ti_msp_dl_config.o
    0x202001e4        -       0x000000bc   Zero   RW          116    .bss.gTIMER_0Backup  ti_msp_dl_config.o
    0x202002a0        -       0x00000004   Zero   RW           44    .bss.integral       empty.o
    0x202002a4        -       0x00000004   Zero   RW           60    .bss.last_a         empty.o
    0x202002a8        -       0x00000004   Zero   RW           49    .bss.last_detect_value  empty.o
    0x202002ac        -       0x00000001   Zero   RW           52    .bss.left_1         empty.o
    0x202002ad        -       0x00000001   Zero   RW           53    .bss.left_2         empty.o
    0x202002ae        -       0x00000001   Zero   RW           54    .bss.left_3         empty.o
    0x202002af   0x00004d84   0x00000001   PAD
    0x202002b0        -       0x00000018   Zero   RW          217    .bss.motor_encoderL  motor.o
    0x202002c8        -       0x00000018   Zero   RW          218    .bss.motor_encoderR  motor.o
    0x202002e0        -       0x00000004   Zero   RW           46    .bss.output_val     empty.o
    0x202002e4        -       0x00000004   Zero   RW           32    .bss.pitch          empty.o
    0x202002e8        -       0x00000004   Zero   RW           51    .bss.pwm_set_L      empty.o
    0x202002ec        -       0x00000004   Zero   RW           50    .bss.pwm_set_R      empty.o
    0x202002f0        -       0x00000080   Zero   RW          152    .bss.recv0_buff     board.o
    0x20200370        -       0x00000001   Zero   RW          154    .bss.recv0_flag     board.o
    0x20200371   0x00004d84   0x00000001   PAD
    0x20200372        -       0x00000002   Zero   RW          153    .bss.recv0_length   board.o
    0x20200374        -       0x00000001   Zero   RW           55    .bss.right_1        empty.o
    0x20200375        -       0x00000001   Zero   RW           56    .bss.right_2        empty.o
    0x20200376        -       0x00000001   Zero   RW           57    .bss.right_3        empty.o
    0x20200377   0x00004d84   0x00000001   PAD
    0x20200378        -       0x00000004   Zero   RW           33    .bss.roll           empty.o
    0x2020037c        -       0x00000004   Zero   RW           61    .bss.set_circle     empty.o
    0x20200380        -       0x00000004   Zero   RW           31    .bss.yaw            empty.o
    0x20200384   0x00004d84   0x00000004   PAD
    0x20200388        -       0x00000400   Zero   RW           86    HEAP                startup_mspm0g350x_uvision.o
    0x20200788        -       0x00000200   Zero   RW           85    STACK               startup_mspm0g350x_uvision.o



  Load Region LR_BCR (Base: 0x41c00000, Size: 0x00000000, Max: 0x00000100, ABSOLUTE)

    Execution Region BCR_CONFIG (Exec base: 0x41c00000, Load base: 0x41c00000, Size: 0x00000000, Max: 0x00000080, ABSOLUTE)

    **** No section assigned to this execution region ****



  Load Region LR_BSL (Base: 0x41c00100, Size: 0x00000000, Max: 0x00000100, ABSOLUTE)

    Execution Region BSL_CONFIG (Exec base: 0x41c00100, Load base: 0x41c00100, Size: 0x00000000, Max: 0x00000080, ABSOLUTE)

    **** No section assigned to this execution region ****


==============================================================================

Image component sizes


      Code (inc. data)   RO Data    RW Data    ZI Data      Debug   Object Name

       210         60          0          0        215       7765   board.o
        10          0          0          0          0        630   dl_common.o
       676        204          0          0          0      32062   dl_timer.o
        90          8          0          0          0      14592   dl_uart.o
      1188        288         64          0         90      10089   empty.o
       548         96         17          0         48      14564   motor.o
      2060         56          0         28         40       5494   mpu6050.o
      1412         32          0          0          0      15508   myi2c.o
      1310         24       1520          0          0      12712   oled.o
        48         22        192          0       1536        736   startup_mspm0g350x_uvision.o
       760        160         86          0        376      30754   ti_msp_dl_config.o

    ----------------------------------------------------------------------
      8320        950       1916         28       2316     144906   Object Totals
         0          0         32          0          0          0   (incl. Generated)
         8          0          5          0         11          0   (incl. Padding)

    ----------------------------------------------------------------------

      Code (inc. data)   RO Data    RW Data    ZI Data      Debug   Library Member Name

         8          0          0          0          0         68   __main.o
       108          0          0          0          0         76   __printf.o
         0          0          0          0          0          0   __rtentry.o
        12          0          0          0          0          0   __rtentry2.o
         6          0          0          0          0          0   __rtentry4.o
        86         10          0          0          0          0   __scatter.o
        26          0          0          0          0          0   __scatter_copy.o
        28          0          0          0          0          0   __scatter_zi.o
        48          6          0          0          0         88   _printf_char_common.o
        40          6          0          0          0         72   _printf_char_file.o
        10          0          0          0          0          0   _printf_d.o
       108         18          0          0          0         76   _printf_dec.o
        10          0          0          0          0          0   _printf_f.o
      1044         12          0          0          0        116   _printf_fp_dec.o
       136         16          0          0          0         76   _printf_fp_infnan.o
       176          0          0          0          0         84   _printf_intcommon.o
         2          0          0          0          0          0   _printf_percent.o
         4          0          0          0          0          0   _printf_percent_end.o
        22          0          0          0          0         92   _rserrno.o
      1006          4          0          0          0        184   aeabi_sdivfast.o
       216          6        148          0          0         80   bigflt0.o
      1456         30          0          0          0        336   btod.o
        16          0          0          0          0         68   exit.o
         8          0          0          0          0         60   ferror.o
         6          0          0          0          0        136   heapauxi.o
        44         10         28          0          0         76   lc_numeric_c.o
         2          0          0          0          0          0   libinit.o
        18          0          0          0          0          0   libinit2.o
         2          0          0          0          0          0   libshutdown.o
         2          0          0          0          0          0   libshutdown2.o
         8          4          0          0         96         68   libspace.o
       122          0          0          0          0         72   lludiv10.o
        28          6          0          0          0         84   noretval__2printf.o
        44          6          0          0          0         68   puts.o
         8          4          0          0          0         68   rt_errno_addr_intlibspace.o
         8          4          0          0          0         68   rt_locale_intlibspace.o
         2          0          0          0          0          0   rtexit.o
        10          0          0          0          0          0   rtexit2.o
        40          0          0          0          0         60   rtudiv10.o
       176          4          0          0          0         80   strcmpv6m.o
        62          0          0          0          0         80   sys_stackheap_outer.o
       236         24          0          0          0      18490   dl_sysctl_mspm0g1x0x_g3x0x.o
        46          0          0          0          0         60   cmpret.o
       124          4          0          0          0         72   d2f.o
        88          0          0          0          0         92   dflti.o
       584         26          0          0          0         84   dmul.o
        84          4          0          0          0         60   f2d.o
       372          8          0          0          0        240   faddsub.o
       114          0          0          0          0        340   fcmp.o
       100          4          0          0          0         68   fcmpin.o
       352         10         64          0          0         92   fdiv.o
        84          4          0          0          0         76   feqf.o
        76          0          0          0          0         68   ffixi.o
        94          0          0          0          0         92   fflti.o
        84          4          0          0          0         76   fgef.o
        84          4          0          0          0         76   flef.o
       176          4          0          0          0         80   fmul.o
        16          6          0          0          0         68   fnan2.o
        68          4          0          0          0         68   fscalbn.o
       144          4          0          0          0         72   fsqrt.o
        16          4          0          0          0         76   printf1.o
        94          0          0          0          0         68   retnan.o
         0          0          0          0          0          0   usenofp.o
       280         38          0          0          0         76   asinf.o
       668         76          0          0          0        120   atan2f.o
        44          4          0          0          0         60   fpclassify.o
        34          0          0          0          0         60   fpclassifyf.o
        44          0          0          0          0        272   funder.o
        44          0          0          0          0         72   sqrtf.o

    ----------------------------------------------------------------------
      9336        382        240          0         96      23414   Library Totals
        28          4          0          0          0          0   (incl. Padding)

    ----------------------------------------------------------------------

      Code (inc. data)   RO Data    RW Data    ZI Data      Debug   Library Name

      5158        146        176          0         96       2336   c_p.l
       236         24          0          0          0      18490   driverlib.a
      2800         90         64          0          0       1928   fz_ps.l
      1114        118          0          0          0        660   m_ps.l

    ----------------------------------------------------------------------
      9336        382        240          0         96      23414   Library Totals

    ----------------------------------------------------------------------

==============================================================================


      Code (inc. data)   RO Data    RW Data    ZI Data      Debug   

     17656       1332       2156         28       2412     165572   Grand Totals
     17656       1332       2156         28       2412     165572   ELF Image Totals
     17656       1332       2156         28          0          0   ROM Totals

==============================================================================

    Total RO  Size (Code + RO Data)                19812 (  19.35kB)
    Total RW  Size (RW Data + ZI Data)              2440 (   2.38kB)
    Total ROM Size (Code + RO Data + RW Data)      19840 (  19.38kB)

==============================================================================

