Component: Arm Compiler for Embedded 6.22 Tool: armlink [5ee90200]

==============================================================================

Section Cross References

    empty.o(.text) refers (Special) to _printf_percent.o(.ARM.Collect$$_printf_percent$$00000000) for _printf_percent
    empty.o(.text) refers (Special) to _printf_d.o(.ARM.Collect$$_printf_percent$$00000009) for _printf_d
    empty.o(.text) refers (Special) to _printf_dec.o(.text) for _printf_int_dec
    empty.o(.text.Task1) refers (Special) to _printf_percent.o(.ARM.Collect$$_printf_percent$$00000000) for _printf_percent
    empty.o(.text.Task1) refers (Special) to _printf_d.o(.ARM.Collect$$_printf_percent$$00000009) for _printf_d
    empty.o(.text.Task1) refers (Special) to _printf_dec.o(.text) for _printf_int_dec
    empty.o(.text.Task1) refers to motor.o(.text.set_motor_rotateL) for set_motor_rotateL
    empty.o(.text.Task1) refers to motor.o(.text.set_motor_rotateR) for set_motor_rotateR
    empty.o(.text.Task1) refers to inv_mpu.o(.text.mpu_dmp_get_data) for mpu_dmp_get_data
    empty.o(.text.Task1) refers to ffixi.o(.text) for __aeabi_f2iz
    empty.o(.text.Task1) refers to noretval__2printf.o(.text) for __2printf
    empty.o(.text.Task1) refers to motor.o(.text.Motor_Back) for Motor_Back
    empty.o(.text.Task1) refers to board.o(.text.delay_ms) for delay_ms
    empty.o(.text.Task1) refers to motor.o(.text.Motor_Stop) for Motor_Stop
    empty.o(.text.Task1) refers to empty.o(.bss.flag) for flag
    empty.o(.text.Task1) refers to empty.o(.bss.pitch) for pitch
    empty.o(.text.Task1) refers to empty.o(.bss.roll) for roll
    empty.o(.text.Task1) refers to empty.o(.bss.yaw) for yaw
    empty.o(.text.Task1) refers to empty.o(.rodata.str1.1) for [Anonymous Symbol]
    empty.o(.text.Task1) refers to empty.o(.bss.sensor1) for sensor1
    empty.o(.text.Task1) refers to empty.o(.bss.sensor2) for sensor2
    empty.o(.text.Task1) refers to empty.o(.bss.sensor3) for sensor3
    empty.o(.text.Task1) refers to empty.o(.data.sensor4) for sensor4
    empty.o(.ARM.exidx.text.Task1) refers (Special) to _printf_percent.o(.ARM.Collect$$_printf_percent$$00000000) for _printf_percent
    empty.o(.ARM.exidx.text.Task1) refers (Special) to _printf_d.o(.ARM.Collect$$_printf_percent$$00000009) for _printf_d
    empty.o(.ARM.exidx.text.Task1) refers (Special) to _printf_dec.o(.text) for _printf_int_dec
    empty.o(.ARM.exidx.text.Task1) refers to empty.o(.text.Task1) for [Anonymous Symbol]
    empty.o(.text.readTrace) refers (Special) to _printf_percent.o(.ARM.Collect$$_printf_percent$$00000000) for _printf_percent
    empty.o(.text.readTrace) refers (Special) to _printf_d.o(.ARM.Collect$$_printf_percent$$00000009) for _printf_d
    empty.o(.text.readTrace) refers (Special) to _printf_dec.o(.text) for _printf_int_dec
    empty.o(.ARM.exidx.text.readTrace) refers (Special) to _printf_percent.o(.ARM.Collect$$_printf_percent$$00000000) for _printf_percent
    empty.o(.ARM.exidx.text.readTrace) refers (Special) to _printf_d.o(.ARM.Collect$$_printf_percent$$00000009) for _printf_d
    empty.o(.ARM.exidx.text.readTrace) refers (Special) to _printf_dec.o(.text) for _printf_int_dec
    empty.o(.ARM.exidx.text.readTrace) refers to empty.o(.text.readTrace) for [Anonymous Symbol]
    empty.o(.text.Task2) refers (Special) to _printf_percent.o(.ARM.Collect$$_printf_percent$$00000000) for _printf_percent
    empty.o(.text.Task2) refers (Special) to _printf_d.o(.ARM.Collect$$_printf_percent$$00000009) for _printf_d
    empty.o(.text.Task2) refers (Special) to _printf_dec.o(.text) for _printf_int_dec
    empty.o(.text.Task2) refers to inv_mpu.o(.text.mpu_dmp_get_data) for mpu_dmp_get_data
    empty.o(.text.Task2) refers to ffixi.o(.text) for __aeabi_f2iz
    empty.o(.text.Task2) refers to noretval__2printf.o(.text) for __2printf
    empty.o(.text.Task2) refers to motor.o(.text.set_motor_rotateL) for set_motor_rotateL
    empty.o(.text.Task2) refers to motor.o(.text.set_motor_rotateR) for set_motor_rotateR
    empty.o(.text.Task2) refers to board.o(.text.delay_ms) for delay_ms
    empty.o(.text.Task2) refers to empty.o(.bss.pitch) for pitch
    empty.o(.text.Task2) refers to empty.o(.bss.roll) for roll
    empty.o(.text.Task2) refers to empty.o(.bss.yaw) for yaw
    empty.o(.text.Task2) refers to empty.o(.rodata.str1.1) for [Anonymous Symbol]
    empty.o(.text.Task2) refers to empty.o(.bss.a) for a
    empty.o(.text.Task2) refers to empty.o(.data.pR) for pR
    empty.o(.text.Task2) refers to empty.o(.bss.inTrace) for inTrace
    empty.o(.text.Task2) refers to empty.o(.bss.pL) for pL
    empty.o(.text.Task2) refers to empty.o(.bss.DelayTime) for DelayTime
    empty.o(.text.Task2) refers to empty.o(.bss.RtSum) for RtSum
    empty.o(.text.Task2) refers to empty.o(.bss.InTrace) for InTrace
    empty.o(.text.Task2) refers to empty.o(.bss.BlankTimes) for BlankTimes
    empty.o(.text.Task2) refers to empty.o(.bss.BeepS) for BeepS
[...]
    __arm_cp.2_1                             0x0000210c   Number         4  motor.o(.text.Motor_Stop)
    [Anonymous Symbol]                       0x00002110   Section        0  bsp_mpu6050.o(.text.Read_Byte)
    __arm_cp.5_0                             0x0000224c   Number         4  bsp_mpu6050.o(.text.Read_Byte)
    __arm_cp.5_1                             0x00002250   Number         4  bsp_mpu6050.o(.text.Read_Byte)
    __arm_cp.5_2                             0x00002254   Number         4  bsp_mpu6050.o(.text.Read_Byte)
    __arm_cp.5_3                             0x00002258   Number         4  bsp_mpu6050.o(.text.Read_Byte)
    [Anonymous Symbol]                       0x0000225c   Section        0  ti_msp_dl_config.o(.text.SYSCFG_DL_GPIO_init)
    __arm_cp.2_0                             0x000022bc   Number         4  ti_msp_dl_config.o(.text.SYSCFG_DL_GPIO_init)
    __arm_cp.2_1                             0x000022c0   Number         4  ti_msp_dl_config.o(.text.SYSCFG_DL_GPIO_init)
    __arm_cp.2_2                             0x000022c4   Number         4  ti_msp_dl_config.o(.text.SYSCFG_DL_GPIO_init)
    __arm_cp.2_3                             0x000022c8   Number         4  ti_msp_dl_config.o(.text.SYSCFG_DL_GPIO_init)
    __arm_cp.2_4                             0x000022cc   Number         4  ti_msp_dl_config.o(.text.SYSCFG_DL_GPIO_init)
    __arm_cp.2_5                             0x000022d0   Number         4  ti_msp_dl_config.o(.text.SYSCFG_DL_GPIO_init)
    __arm_cp.2_6                             0x000022d4   Number         4  ti_msp_dl_config.o(.text.SYSCFG_DL_GPIO_init)
    __arm_cp.2_7                             0x000022d8   Number         4  ti_msp_dl_config.o(.text.SYSCFG_DL_GPIO_init)
    __arm_cp.2_8                             0x000022dc   Number         4  ti_msp_dl_config.o(.text.SYSCFG_DL_GPIO_init)
    [Anonymous Symbol]                       0x000022e0   Section        0  ti_msp_dl_config.o(.text.SYSCFG_DL_PWM_AB_init)
    __arm_cp.4_0                             0x00002350   Number         4  ti_msp_dl_config.o(.text.SYSCFG_DL_PWM_AB_init)
    __arm_cp.4_1                             0x00002354   Number         4  ti_msp_dl_config.o(.text.SYSCFG_DL_PWM_AB_init)
    __arm_cp.4_2                             0x00002358   Number         4  ti_msp_dl_config.o(.text.SYSCFG_DL_PWM_AB_init)
    __arm_cp.4_3                             0x0000235c   Number         4  ti_msp_dl_config.o(.text.SYSCFG_DL_PWM_AB_init)
    [Anonymous Symbol]                       0x00002360   Section        0  ti_msp_dl_config.o(.text.SYSCFG_DL_SYSCTL_init)
    __arm_cp.3_0                             0x00002394   Number         4  ti_msp_dl_config.o(.text.SYSCFG_DL_SYSCTL_init)
    __arm_cp.3_1                             0x00002398   Number         4  ti_msp_dl_config.o(.text.SYSCFG_DL_SYSCTL_init)
    [Anonymous Symbol]                       0x0000239c   Section        0  ti_msp_dl_config.o(.text.SYSCFG_DL_SYSTICK_init)
    __arm_cp.7_0                             0x000023b4   Number         4  ti_msp_dl_config.o(.text.SYSCFG_DL_SYSTICK_init)
    [Anonymous Symbol]                       0x000023b8   Section        0  ti_msp_dl_config.o(.text.SYSCFG_DL_TIMER_10ms_init)
    __arm_cp.5_0                             0x000023dc   Number         4  ti_msp_dl_config.o(.text.SYSCFG_DL_TIMER_10ms_init)
    __arm_cp.5_1                             0x000023e0   Number         4  ti_msp_dl_config.o(.text.SYSCFG_DL_TIMER_10ms_init)
    __arm_cp.5_2                             0x000023e4   Number         4  ti_msp_dl_config.o(.text.SYSCFG_DL_TIMER_10ms_init)
    __arm_cp.5_3                             0x000023e8   Number         4  ti_msp_dl_config.o(.text.SYSCFG_DL_TIMER_10ms_init)
    __arm_cp.5_4                             0x000023ec   Number         4  ti_msp_dl_config.o(.text.SYSCFG_DL_TIMER_10ms_init)
    [Anonymous Symbol]                       0x000023f0   Section        0  ti_msp_dl_config.o(.text.SYSCFG_DL_UART_0_init)
    __arm_cp.6_0                             0x00002444   Number         4  ti_msp_dl_config.o(.text.SYSCFG_DL_UART_0_init)
    __arm_cp.6_1                             0x00002448   Number         4  ti_msp_dl_config.o(.text.SYSCFG_DL_UART_0_init)
    __arm_cp.6_2                             0x0000244c   Number         4  ti_msp_dl_config.o(.text.SYSCFG_DL_UART_0_init)
    __arm_cp.6_3                             0x00002450   Number         4  ti_msp_dl_config.o(.text.SYSCFG_DL_UART_0_init)
    __arm_cp.6_4                             0x00002454   Number         4  ti_msp_dl_config.o(.text.SYSCFG_DL_UART_0_init)
    __arm_cp.6_5                             0x00002458   Number         4  ti_msp_dl_config.o(.text.SYSCFG_DL_UART_0_init)
    [Anonymous Symbol]                       0x0000245c   Section        0  ti_msp_dl_config.o(.text.SYSCFG_DL_init)
    __arm_cp.0_0                             0x00002488   Number         4  ti_msp_dl_config.o(.text.SYSCFG_DL_init)
    __arm_cp.0_1                             0x0000248c   Number         4  ti_msp_dl_config.o(.text.SYSCFG_DL_init)
    [Anonymous Symbol]                       0x00002490   Section        0  ti_msp_dl_config.o(.text.SYSCFG_DL_initPower)
    __arm_cp.1_0                             0x000024bc   Number         4  ti_msp_dl_config.o(.text.SYSCFG_DL_initPower)
    __arm_cp.1_1                             0x000024c0   Number         4  ti_msp_dl_config.o(.text.SYSCFG_DL_initPower)
    __arm_cp.1_2                             0x000024c4   Number         4  ti_msp_dl_config.o(.text.SYSCFG_DL_initPower)
    __arm_cp.1_3                             0x000024c8   Number         4  ti_msp_dl_config.o(.text.SYSCFG_DL_initPower)
    __arm_cp.1_4                             0x000024cc   Number         4  ti_msp_dl_config.o(.text.SYSCFG_DL_initPower)
    __arm_cp.1_5                             0x000024d0   Number         4  ti_msp_dl_config.o(.text.SYSCFG_DL_initPower)
    __arm_cp.1_6                             0x000024d4   Number         4  ti_msp_dl_config.o(.text.SYSCFG_DL_initPower)
    [Anonymous Symbol]                       0x000024d8   Section        0  bsp_mpu6050.o(.text.Send_Byte)
    __arm_cp.4_0                             0x0000261c   Number         4  bsp_mpu6050.o(.text.Send_Byte)
    __arm_cp.4_1                             0x00002620   Number         4  bsp_mpu6050.o(.text.Send_Byte)
    [Anonymous Symbol]                       0x00002624   Section        0  empty.o(.text.Task1)
    __arm_cp.0_0                             0x000026d4   Number         4  empty.o(.text.Task1)
    __arm_cp.0_6                             0x000026d8   Number         4  empty.o(.text.Task1)
    __arm_cp.0_7                             0x000026dc   Number         4  empty.o(.text.Task1)
    __arm_cp.0_9                             0x000026e0   Number         4  empty.o(.text.Task1)
    __arm_cp.0_10                            0x000026e4   Number         4  empty.o(.text.Task1)
    __arm_cp.0_11                            0x000026e8   Number         4  empty.o(.text.Task1)
    [Anonymous Symbol]                       0x000026ec   Section        0  empty.o(.text.Task2)
    __arm_cp.2_0                             0x00002914   Number         4  empty.o(.text.Task2)
    __arm_cp.2_1                             0x00002918   Number         4  empty.o(.text.Task2)
    __arm_cp.2_2                             0x0000291c   Number         4  empty.o(.text.Task2)
    __arm_cp.2_3                             0x00002920   Number         4  empty.o(.text.Task2)
    __arm_cp.2_4                             0x00002924   Number         4  empty.o(.text.Task2)
    __arm_cp.2_5                             0x00002928   Number         4  empty.o(.text.Task2)
    __arm_cp.2_6                             0x0000292c   Number         4  empty.o(.text.Task2)
    __arm_cp.2_7                             0x00002930   Number         4  empty.o(.text.Task2)
    __arm_cp.2_8                             0x00002934   Number         4  empty.o(.text.Task2)
    __arm_cp.2_9                             0x00002938   Number         4  empty.o(.text.Task2)
    __arm_cp.2_10                            0x0000293c   Number         4  empty.o(.text.Task2)
    __arm_cp.2_11                            0x00002940   Number         4  empty.o(.text.Task2)
    __arm_cp.2_13                            0x0000295c   Number         4  empty.o(.text.Task2)
    __arm_cp.2_14                            0x00002960   Number         4  empty.o(.text.Task2)
    __arm_cp.2_15                            0x00002964   Number         4  empty.o(.text.Task2)
    __arm_cp.2_16                            0x00002968   Number         4  empty.o(.text.Task2)
    [Anonymous Symbol]                       0x00002978   Section        0  board.o(.text.UART0_IRQHandler)
    __arm_cp.9_0                             0x000029c4   Number         4  board.o(.text.UART0_IRQHandler)
    __arm_cp.9_1                             0x000029c8   Number         4  board.o(.text.UART0_IRQHandler)
    __arm_cp.9_2                             0x000029cc   Number         4  board.o(.text.UART0_IRQHandler)
    __arm_cp.9_3                             0x000029d0   Number         4  board.o(.text.UART0_IRQHandler)
    __arm_cp.9_4                             0x000029d4   Number         4  board.o(.text.UART0_IRQHandler)
    [Anonymous Symbol]                       0x000029d8   Section        0  board.o(.text._sys_exit)
    [Anonymous Symbol]                       0x000029dc   Section        0  board.o(.text.delay_ms)
    [Anonymous Symbol]                       0x00002a20   Section        0  board.o(.text.delay_us)
    __arm_cp.1_0                             0x00002a60   Number         4  board.o(.text.delay_us)
    [Anonymous Symbol]                       0x00002a64   Section        0  inv_mpu_dmp_motion_driver.o(.text.dmp_enable_feature)
    __arm_cp.18_0                            0x00002ce8   Number         4  inv_mpu_dmp_motion_driver.o(.text.dmp_enable_feature)
    __arm_cp.18_1                            0x00002cec   Number         4  inv_mpu_dmp_motion_driver.o(.text.dmp_enable_feature)
    __arm_cp.18_2                            0x00002cf0   Number         4  inv_mpu_dmp_motion_driver.o(.text.dmp_enable_feature)
    __arm_cp.18_3                            0x00002cf4   Number         4  inv_mpu_dmp_motion_driver.o(.text.dmp_enable_feature)
    __arm_cp.18_4                            0x00002cf8   Number         4  inv_mpu_dmp_motion_driver.o(.text.dmp_enable_feature)
    __arm_cp.18_5                            0x00002cfc   Number         4  inv_mpu_dmp_motion_driver.o(.text.dmp_enable_feature)
    __arm_cp.18_6                            0x00002d00   Number         4  inv_mpu_dmp_motion_driver.o(.text.dmp_enable_feature)
    __arm_cp.18_7                            0x00002d04   Number         4  inv_mpu_dmp_motion_driver.o(.text.dmp_enable_feature)
    [Anonymous Symbol]                       0x00002d08   Section        0  inv_mpu_dmp_motion_driver.o(.text.dmp_load_motion_driver_firmware)
    __arm_cp.0_0                             0x00002d1c   Number         4  inv_mpu_dmp_motion_driver.o(.text.dmp_load_motion_driver_firmware)
    __arm_cp.0_1                             0x00002d20   Number         4  inv_mpu_dmp_motion_driver.o(.text.dmp_load_motion_driver_firmware)
    [Anonymous Symbol]                       0x00002d24   Section        0  inv_mpu_dmp_motion_driver.o(.text.dmp_read_fifo)
    __arm_cp.24_0                            0x00002eb8   Number         4  inv_mpu_dmp_motion_driver.o(.text.dmp_read_fifo)
    __arm_cp.24_1                            0x00002ebc   Number         4  inv_mpu_dmp_motion_driver.o(.text.dmp_read_fifo)
    __arm_cp.24_2                            0x00002ec0   Number         4  inv_mpu_dmp_motion_driver.o(.text.dmp_read_fifo)
    __arm_cp.24_3                            0x00002ec4   Number         4  inv_mpu_dmp_motion_driver.o(.text.dmp_read_fifo)
    [Anonymous Symbol]                       0x00002ec8   Section        0  inv_mpu_dmp_motion_driver.o(.text.dmp_set_fifo_rate)
    __arm_cp.4_0                             0x00002f1c   Number         4  inv_mpu_dmp_motion_driver.o(.text.dmp_set_fifo_rate)
    __arm_cp.4_1                             0x00002f20   Number         4  inv_mpu_dmp_motion_driver.o(.text.dmp_set_fifo_rate)
    __arm_cp.4_2                             0x00002f24   Number         4  inv_mpu_dmp_motion_driver.o(.text.dmp_set_fifo_rate)
    __arm_cp.4_3                             0x00002f28   Number         4  inv_mpu_dmp_motion_driver.o(.text.dmp_set_fifo_rate)
    __arm_cp.4_4                             0x00002f2c   Number         4  inv_mpu_dmp_motion_driver.o(.text.dmp_set_fifo_rate)
    __arm_cp.4_5                             0x00002f30   Number         4  inv_mpu_dmp_motion_driver.o(.text.dmp_set_fifo_rate)
    [Anonymous Symbol]                       0x00002f34   Section        0  inv_mpu_dmp_motion_driver.o(.text.dmp_set_orientation)
    __arm_cp.1_0                             0x00002ff4   Number         4  inv_mpu_dmp_motion_driver.o(.text.dmp_set_orientation)
    __arm_cp.1_1                             0x00002ff8   Number         4  inv_mpu_dmp_motion_driver.o(.text.dmp_set_orientation)
    __arm_cp.1_2                             0x00002ffc   Number         4  inv_mpu_dmp_motion_driver.o(.text.dmp_set_orientation)
    __arm_cp.1_3                             0x00003000   Number         4  inv_mpu_dmp_motion_driver.o(.text.dmp_set_orientation)
    __arm_cp.1_4                             0x00003004   Number         4  inv_mpu_dmp_motion_driver.o(.text.dmp_set_orientation)
    __arm_cp.1_5                             0x00003008   Number         4  inv_mpu_dmp_motion_driver.o(.text.dmp_set_orientation)
    [Anonymous Symbol]                       0x0000300c   Section        0  inv_mpu_dmp_motion_driver.o(.text.dmp_set_tap_thresh)
    __arm_cp.6_0                             0x0000312c   Number         4  inv_mpu_dmp_motion_driver.o(.text.dmp_set_tap_thresh)
    __arm_cp.6_1                             0x00003130   Number         4  inv_mpu_dmp_motion_driver.o(.text.dmp_set_tap_thresh)
    __arm_cp.6_2                             0x00003134   Number         4  inv_mpu_dmp_motion_driver.o(.text.dmp_set_tap_thresh)
    __arm_cp.6_3                             0x00003138   Number         4  inv_mpu_dmp_motion_driver.o(.text.dmp_set_tap_thresh)
    __arm_cp.6_4                             0x0000313c   Number         4  inv_mpu_dmp_motion_driver.o(.text.dmp_set_tap_thresh)
    [Anonymous Symbol]                       0x00003140   Section        0  board.o(.text.fputc)
    __arm_cp.8_0                             0x00003160   Number         4  board.o(.text.fputc)
    [Anonymous Symbol]                       0x00003164   Section        0  inv_mpu.o(.text.inv_orientation_matrix_to_scalar)
    [Anonymous Symbol]                       0x00003220   Section        0  empty.o(.text.main)
    __arm_cp.3_0                             0x000032c8   Number         4  empty.o(.text.main)
    __arm_cp.3_4                             0x0000330c   Number         4  empty.o(.text.main)
    __arm_cp.3_5                             0x00003310   Number         4  empty.o(.text.main)
    __arm_cp.3_6                             0x00003314   Number         4  empty.o(.text.main)
    __arm_cp.3_7                             0x00003318   Number         4  empty.o(.text.main)
    [Anonymous Symbol]                       0x00003354   Section        0  inv_mpu.o(.text.mget_ms)
    [Anonymous Symbol]                       0x00003358   Section        0  inv_mpu.o(.text.mpu_configure_fifo)
    [Anonymous Symbol]                       0x000033fc   Section        0  inv_mpu.o(.text.mpu_dmp_get_data)
    __arm_cp.47_0                            0x000035bc   Number         4  inv_mpu.o(.text.mpu_dmp_get_data)
    __arm_cp.47_1                            0x000035c0   Number         4  inv_mpu.o(.text.mpu_dmp_get_data)
    [Anonymous Symbol]                       0x000035c4   Section        0  inv_mpu.o(.text.mpu_dmp_init)
    __arm_cp.46_1                            0x000036a8   Number         4  inv_mpu.o(.text.mpu_dmp_init)
    [Anonymous Symbol]                       0x000036ac   Section        0  inv_mpu.o(.text.mpu_get_accel_fsr)
    __arm_cp.19_0                            0x000036d4   Number         4  inv_mpu.o(.text.mpu_get_accel_fsr)
    __arm_cp.19_1                            0x000036d8   Number         4  inv_mpu.o(.text.mpu_get_accel_fsr)
    __arm_cp.19_2                            0x000036dc   Number         4  inv_mpu.o(.text.mpu_get_accel_fsr)
    [Anonymous Symbol]                       0x000036e0   Section        0  inv_mpu.o(.text.mpu_init)
    __arm_cp.2_0                             0x00003824   Number         4  inv_mpu.o(.text.mpu_init)
    __arm_cp.2_2                             0x00003848   Number         4  inv_mpu.o(.text.mpu_init)
    __arm_cp.2_3                             0x0000384c   Number         4  inv_mpu.o(.text.mpu_init)
    [Anonymous Symbol]                       0x00003878   Section        0  inv_mpu.o(.text.mpu_load_firmware)
    __arm_cp.37_0                            0x0000399c   Number         4  inv_mpu.o(.text.mpu_load_firmware)
    [Anonymous Symbol]                       0x000039a0   Section        0  inv_mpu.o(.text.mpu_lp_accel_mode)
    [Anonymous Symbol]                       0x00003b84   Section        0  inv_mpu.o(.text.mpu_read_fifo_stream)
    __arm_cp.30_0                            0x00003c24   Number         4  inv_mpu.o(.text.mpu_read_fifo_stream)
    [Anonymous Symbol]                       0x00003c28   Section        0  inv_mpu.o(.text.mpu_reset_fifo)
    __arm_cp.17_0                            0x00003d70   Number         4  inv_mpu.o(.text.mpu_reset_fifo)
    [Anonymous Symbol]                       0x00003d74   Section        0  inv_mpu.o(.text.mpu_set_accel_fsr)
    [Anonymous Symbol]                       0x00003df8   Section        0  inv_mpu.o(.text.mpu_set_bypass)
    __arm_cp.8_0                             0x00003efc   Number         4  inv_mpu.o(.text.mpu_set_bypass)
    [Anonymous Symbol]                       0x00003f00   Section        0  inv_mpu.o(.text.mpu_set_dmp_state)
    __arm_cp.33_0                            0x00003fcc   Number         4  inv_mpu.o(.text.mpu_set_dmp_state)
    [Anonymous Symbol]                       0x00003fd0   Section        0  inv_mpu.o(.text.mpu_set_lpf)
    [Anonymous Symbol]                       0x00004040   Section        0  inv_mpu.o(.text.mpu_set_sample_rate)
    __arm_cp.6_0                             0x00004120   Number         4  inv_mpu.o(.text.mpu_set_sample_rate)
    [Anonymous Symbol]                       0x00004124   Section        0  inv_mpu.o(.text.mpu_set_sensors)
    [Anonymous Symbol]                       0x000041fc   Section        0  inv_mpu.o(.text.mpu_write_mem)
    __arm_cp.35_0                            0x00004264   Number         4  inv_mpu.o(.text.mpu_write_mem)
    [Anonymous Symbol]                       0x00004268   Section        0  motor.o(.text.set_motor_rotateL)
    __arm_cp.13_0                            0x000042d0   Number         4  motor.o(.text.set_motor_rotateL)
    [Anonymous Symbol]                       0x000042d4   Section        0  motor.o(.text.set_motor_rotateR)
    __arm_cp.14_0                            0x00004330   Number         4  motor.o(.text.set_motor_rotateR)
    __arm_cp.14_1                            0x00004334   Number         4  motor.o(.text.set_motor_rotateR)
    __arm_cp.14_2                            0x00004338   Number         4  motor.o(.text.set_motor_rotateR)
    __arm_cp.14_3                            0x0000433c   Number         4  motor.o(.text.set_motor_rotateR)
    .text_divfast                            0x00004340   Section      502  aeabi_sdivfast.o(.text_divfast)
    i.__ARM_fpclassify                       0x00004538   Section        0  fpclassify.o(i.__ARM_fpclassify)
    i.__kernel_poly                          0x00004564   Section        0  poly.o(i.__kernel_poly)
    i.__mathlib_dbl_infnan                   0x00004610   Section        0  dunder.o(i.__mathlib_dbl_infnan)
    i.__mathlib_dbl_infnan2                  0x0000461a   Section        0  dunder.o(i.__mathlib_dbl_infnan2)
    i.__mathlib_dbl_invalid                  0x00004622   Section        0  dunder.o(i.__mathlib_dbl_invalid)
    i.__mathlib_dbl_underflow                0x00004634   Section        0  dunder.o(i.__mathlib_dbl_underflow)
    i._is_digit                              0x00004648   Section        0  __printf_wp.o(i._is_digit)
    i.asin                                   0x00004658   Section        0  asin.o(i.asin)
    i.atan                                   0x000048cc   Section        0  atan.o(i.atan)
    i.atan2                                  0x00004ae8   Section        0  atan2.o(i.atan2)
    i.sqrt                                   0x00004c84   Section        0  sqrt.o(i.sqrt)
    x$fpl$deqf                               0x00004ccc   Section      100  deqf.o(x$fpl$deqf)
    x$fpl$fadd                               0x00004d30   Section      140  faddsub.o(x$fpl$fadd)
    _fadd1                                   0x00004d3d   Thumb Code     0  faddsub.o(x$fpl$fadd)
    x$fpl$fmul                               0x00004dbc   Section      176  fmul.o(x$fpl$fmul)
    x$fpl$fsub                               0x00004e6c   Section      208  faddsub.o(x$fpl$fsub)
    _fsub1                                   0x00004e79   Thumb Code     0  faddsub.o(x$fpl$fsub)
    uc_hextab                                0x00004f3c   Data          20  _printf_hex_int.o(.constdata)
    .constdata                               0x00004f3c   Section       40  _printf_hex_int.o(.constdata)
    x$fpl$usenofp                            0x00004f3c   Section        0  usenofp.o(x$fpl$usenofp)
    lc_hextab                                0x00004f50   Data          20  _printf_hex_int.o(.constdata)
    maptable                                 0x00004f64   Data          17  __printf_flags_wp.o(.constdata)
    .constdata                               0x00004f64   Section       17  __printf_flags_wp.o(.constdata)
    ddiv_reciptbl                            0x00004f75   Data         128  ddiv.o(.constdata)
    .constdata                               0x00004f75   Section      128  ddiv.o(.constdata)
    fdiv_tab                                 0x00004ff5   Data          64  fdiv.o(.constdata)
    .constdata                               0x00004ff5   Section       64  fdiv.o(.constdata)
    pS                                       0x00005038   Data          48  asin.o(.constdata)
    .constdata                               0x00005038   Section       80  asin.o(.constdata)
    qS                                       0x00005068   Data          32  asin.o(.constdata)
    atanhi                                   0x00005088   Data          32  atan.o(.constdata)
    .constdata                               0x00005088   Section      152  atan.o(.constdata)
    atanlo                                   0x000050a8   Data          32  atan.o(.constdata)
    aTodd                                    0x000050c8   Data          40  atan.o(.constdata)
    aTeven                                   0x000050f0   Data          48  atan.o(.constdata)
    .constdata                               0x00005120   Section        8  qnan.o(.constdata)
    [Anonymous Symbol]                       0x00005128   Section        0  inv_mpu_dmp_motion_driver.o(.rodata..L__const.dmp_set_orientation.accel_axes)
    [Anonymous Symbol]                       0x0000512b   Section        0  inv_mpu_dmp_motion_driver.o(.rodata..L__const.dmp_set_orientation.gyro_axes)
    dmp_memory                               0x0000512e   Data        3062  inv_mpu_dmp_motion_driver.o(.rodata.dmp_memory)
    [Anonymous Symbol]                       0x0000512e   Section        0  inv_mpu_dmp_motion_driver.o(.rodata.dmp_memory)
    gPWM_ABClockConfig                       0x00005d24   Data           3  ti_msp_dl_config.o(.rodata.gPWM_ABClockConfig)
    [Anonymous Symbol]                       0x00005d24   Section        0  ti_msp_dl_config.o(.rodata.gPWM_ABClockConfig)
    gPWM_ABConfig                            0x00005d28   Data           8  ti_msp_dl_config.o(.rodata.gPWM_ABConfig)
    [Anonymous Symbol]                       0x00005d28   Section        0  ti_msp_dl_config.o(.rodata.gPWM_ABConfig)
    gTIMER_10msClockConfig                   0x00005d30   Data           3  ti_msp_dl_config.o(.rodata.gTIMER_10msClockConfig)
    [Anonymous Symbol]                       0x00005d30   Section        0  ti_msp_dl_config.o(.rodata.gTIMER_10msClockConfig)
    gTIMER_10msTimerConfig                   0x00005d34   Data          20  ti_msp_dl_config.o(.rodata.gTIMER_10msTimerConfig)
    [Anonymous Symbol]                       0x00005d34   Section        0  ti_msp_dl_config.o(.rodata.gTIMER_10msTimerConfig)
    gUART_0ClockConfig                       0x00005d48   Data           2  ti_msp_dl_config.o(.rodata.gUART_0ClockConfig)
    [Anonymous Symbol]                       0x00005d48   Section        0  ti_msp_dl_config.o(.rodata.gUART_0ClockConfig)
    gUART_0Config                            0x00005d4a   Data          10  ti_msp_dl_config.o(.rodata.gUART_0Config)
    [Anonymous Symbol]                       0x00005d4a   Section        0  ti_msp_dl_config.o(.rodata.gUART_0Config)
    [Anonymous Symbol]                       0x00005d7b   Section        0  empty.o(.rodata.str1.1)
    [Anonymous Symbol]                       0x00005d7f   Section        0  motor.o(.rodata.str1.1)
    [Anonymous Symbol]                       0x00005d90   Section        0  bsp_mpu6050.o(.rodata.str1.1)
    [Anonymous Symbol]                       0x00005dbe   Section        0  inv_mpu.o(.rodata.str1.1)
    gyro_orientation                         0x20200000   Data           9  inv_mpu.o(.data.gyro_orientation)
    [Anonymous Symbol]                       0x20200000   Section        0  inv_mpu.o(.data.gyro_orientation)
    st                                       0x20200014   Data          44  inv_mpu.o(.data.st)
    [Anonymous Symbol]                       0x20200014   Section        0  inv_mpu.o(.data.st)
    .bss                                     0x20200040   Section       96  libspace.o(.bss)
    dmp.0                                    0x20200114   Data           4  inv_mpu_dmp_motion_driver.o(.bss.dmp.0)
    [Anonymous Symbol]                       0x20200114   Section        0  inv_mpu_dmp_motion_driver.o(.bss.dmp.0)
    dmp.1                                    0x20200118   Data           4  inv_mpu_dmp_motion_driver.o(.bss.dmp.1)
    [Anonymous Symbol]                       0x20200118   Section        0  inv_mpu_dmp_motion_driver.o(.bss.dmp.1)
    dmp.2                                    0x2020011c   Data           2  inv_mpu_dmp_motion_driver.o(.bss.dmp.2)
    [Anonymous Symbol]                       0x2020011c   Section        0  inv_mpu_dmp_motion_driver.o(.bss.dmp.2)
    dmp.3                                    0x20200120   Data           2  inv_mpu_dmp_motion_driver.o(.bss.dmp.3)
    [Anonymous Symbol]                       0x20200120   Section        0  inv_mpu_dmp_motion_driver.o(.bss.dmp.3)
    dmp.4                                    0x20200124   Data           2  inv_mpu_dmp_motion_driver.o(.bss.dmp.4)
    [Anonymous Symbol]                       0x20200124   Section        0  inv_mpu_dmp_motion_driver.o(.bss.dmp.4)
    dmp.5                                    0x20200126   Data           1  inv_mpu_dmp_motion_driver.o(.bss.dmp.5)
    [Anonymous Symbol]                       0x20200126   Section        0  inv_mpu_dmp_motion_driver.o(.bss.dmp.5)
    Heap_Mem                                 0x20200348   Data        1024  startup_mspm0g350x_uvision.o(HEAP)
    HEAP                                     0x20200348   Section     1024  startup_mspm0g350x_uvision.o(HEAP)
    Stack_Mem                                0x20200748   Data         512  startup_mspm0g350x_uvision.o(STACK)
    STACK                                    0x20200748   Section      512  startup_mspm0g350x_uvision.o(STACK)
    __initial_sp                             0x20200948   Data           0  startup_mspm0g350x_uvision.o(STACK)

    Global Symbols

    Symbol Name                              Value     Ov Type        Size  Object(Section)

    BuildAttributes$$THM_ISAv3M$S$PE$A:L22$X:L11$S22$IEEE1$IW$~IW$USESV6$~STKCKD$USESV7$~SHL$OTIME$ROPI$IEEEX$EBA8$UX$STANDARDLIB$REQ8$PRES8$EABIv2 0x00000000   Number         0  anon$$obj.o ABSOLUTE
    __Vectors                                0x00000000   Data           4  startup_mspm0g350x_uvision.o(RESET)
    _printf_flags                            0x00000000   Number         0  printf_stubs.o ABSOLUTE
    _printf_return_value                     0x00000000   Number         0  printf_stubs.o ABSOLUTE
    _printf_sizespec                         0x00000000   Number         0  printf_stubs.o ABSOLUTE
    _printf_widthprec                        0x00000000   Number         0  printf_stubs.o ABSOLUTE
    __ARM_exceptions_init                     - Undefined Weak Reference
    __alloca_initialize                       - Undefined Weak Reference
    __arm_preinit_                            - Undefined Weak Reference
    __arm_relocate_pie_                       - Undefined Weak Reference
    __cpp_initialize__aeabi_                  - Undefined Weak Reference
    __cxa_finalize                            - Undefined Weak Reference
    __rt_locale                               - Undefined Weak Reference
    __sigvec_lookup                           - Undefined Weak Reference
    _atexit_init                              - Undefined Weak Reference
    _call_atexit_fns                          - Undefined Weak Reference
    _clock_init                               - Undefined Weak Reference
    _fp_trap_init                             - Undefined Weak Reference
    _fp_trap_shutdown                         - Undefined Weak Reference
    _get_lc_collate                           - Undefined Weak Reference
    _get_lc_ctype                             - Undefined Weak Reference
    _get_lc_monetary                          - Undefined Weak Reference
    _get_lc_numeric                           - Undefined Weak Reference
    _get_lc_time                              - Undefined Weak Reference
    _getenv_init                              - Undefined Weak Reference
    _handle_redirection                       - Undefined Weak Reference
    _init_alloc                               - Undefined Weak Reference
    _init_user_alloc                          - Undefined Weak Reference
    _initio                                   - Undefined Weak Reference
    _mutex_acquire                            - Undefined Weak Reference
    _mutex_release                            - Undefined Weak Reference
    _printf_truncate_signed                   - Undefined Weak Reference
    _printf_truncate_unsigned                 - Undefined Weak Reference
    _rand_init                                - Undefined Weak Reference
    _signal_finish                            - Undefined Weak Reference
    _signal_init                              - Undefined Weak Reference
    _terminate_alloc                          - Undefined Weak Reference
    _terminate_user_alloc                     - Undefined Weak Reference
    _terminateio                              - Undefined Weak Reference
    __Vectors_End                            0x000000c0   Data           0  startup_mspm0g350x_uvision.o(RESET)
    __Vectors_Size                           0x000000c0   Number         0  startup_mspm0g350x_uvision.o ABSOLUTE
    __main                                   0x000000c1   Thumb Code     8  __main.o(!!!main)
    __scatterload                            0x000000c9   Thumb Code     0  __scatter.o(!!!scatter)
    __scatterload_rt2                        0x000000c9   Thumb Code    74  __scatter.o(!!!scatter)
    __scatterload_rt2_thumb_only             0x000000c9   Thumb Code     0  __scatter.o(!!!scatter)
    __scatterload_loop                       0x000000d3   Thumb Code     0  __scatter.o(!!!scatter)
    __scatterload_copy                       0x00000121   Thumb Code    26  __scatter_copy.o(!!handler_copy)
    __scatterload_null                       0x00000141   Thumb Code     2  __scatter.o(!!handler_null)
    __scatterload_zeroinit                   0x00000149   Thumb Code    28  __scatter_zi.o(!!handler_zi)
    _printf_percent                          0x00000165   Thumb Code     0  _printf_percent.o(.ARM.Collect$$_printf_percent$$00000000)
    _printf_d                                0x00000167   Thumb Code     0  _printf_d.o(.ARM.Collect$$_printf_percent$$00000009)
    _printf_x                                0x00000171   Thumb Code     0  _printf_x.o(.ARM.Collect$$_printf_percent$$0000000C)
    _printf_percent_end                      0x0000017b   Thumb Code     0  _printf_percent_end.o(.ARM.Collect$$_printf_percent$$00000017)
    __rt_lib_init                            0x0000017f   Thumb Code     0  libinit.o(.ARM.Collect$$libinit$$00000000)
    __rt_lib_init_alloca_1                   0x00000181   Thumb Code     0  libinit2.o(.ARM.Collect$$libinit$$00000030)
    __rt_lib_init_argv_1                     0x00000181   Thumb Code     0  libinit2.o(.ARM.Collect$$libinit$$0000002E)
    __rt_lib_init_atexit_1                   0x00000181   Thumb Code     0  libinit2.o(.ARM.Collect$$libinit$$0000001D)
    __rt_lib_init_clock_1                    0x00000181   Thumb Code     0  libinit2.o(.ARM.Collect$$libinit$$00000023)
    __rt_lib_init_cpp_1                      0x00000181   Thumb Code     0  libinit2.o(.ARM.Collect$$libinit$$00000034)
    __rt_lib_init_exceptions_1               0x00000181   Thumb Code     0  libinit2.o(.ARM.Collect$$libinit$$00000032)
    __rt_lib_init_fp_1                       0x00000181   Thumb Code     0  libinit2.o(.ARM.Collect$$libinit$$00000002)
    __rt_lib_init_fp_trap_1                  0x00000181   Thumb Code     0  libinit2.o(.ARM.Collect$$libinit$$00000021)
    __rt_lib_init_getenv_1                   0x00000181   Thumb Code     0  libinit2.o(.ARM.Collect$$libinit$$00000025)
    __rt_lib_init_heap_1                     0x00000181   Thumb Code     0  libinit2.o(.ARM.Collect$$libinit$$0000000C)
    __rt_lib_init_lc_collate_1               0x00000181   Thumb Code     0  libinit2.o(.ARM.Collect$$libinit$$00000013)
    __rt_lib_init_lc_ctype_1                 0x00000181   Thumb Code     0  libinit2.o(.ARM.Collect$$libinit$$00000015)
    __rt_lib_init_lc_monetary_1              0x00000181   Thumb Code     0  libinit2.o(.ARM.Collect$$libinit$$00000017)
    __rt_lib_init_lc_numeric_1               0x00000181   Thumb Code     0  libinit2.o(.ARM.Collect$$libinit$$00000019)
    __rt_lib_init_lc_time_1                  0x00000181   Thumb Code     0  libinit2.o(.ARM.Collect$$libinit$$0000001B)
    __rt_lib_init_preinit_1                  0x00000181   Thumb Code     0  libinit2.o(.ARM.Collect$$libinit$$00000006)
    __rt_lib_init_rand_1                     0x00000181   Thumb Code     0  libinit2.o(.ARM.Collect$$libinit$$00000010)
    __rt_lib_init_relocate_pie_1             0x00000181   Thumb Code     0  libinit2.o(.ARM.Collect$$libinit$$00000004)
    __rt_lib_init_return                     0x00000181   Thumb Code     0  libinit2.o(.ARM.Collect$$libinit$$00000035)
    __rt_lib_init_signal_1                   0x00000181   Thumb Code     0  libinit2.o(.ARM.Collect$$libinit$$0000001F)
    __rt_lib_init_stdio_1                    0x00000181   Thumb Code     0  libinit2.o(.ARM.Collect$$libinit$$00000027)
    __rt_lib_init_user_alloc_1               0x00000181   Thumb Code     0  libinit2.o(.ARM.Collect$$libinit$$0000000E)
    __rt_lib_shutdown                        0x00000183   Thumb Code     0  libshutdown.o(.ARM.Collect$$libshutdown$$00000000)
    __rt_lib_shutdown_cpp_1                  0x00000185   Thumb Code     0  libshutdown2.o(.ARM.Collect$$libshutdown$$00000002)
    __rt_lib_shutdown_fp_trap_1              0x00000185   Thumb Code     0  libshutdown2.o(.ARM.Collect$$libshutdown$$00000007)
    __rt_lib_shutdown_heap_1                 0x00000185   Thumb Code     0  libshutdown2.o(.ARM.Collect$$libshutdown$$0000000F)
    __rt_lib_shutdown_return                 0x00000185   Thumb Code     0  libshutdown2.o(.ARM.Collect$$libshutdown$$00000010)
    __rt_lib_shutdown_signal_1               0x00000185   Thumb Code     0  libshutdown2.o(.ARM.Collect$$libshutdown$$0000000A)
    __rt_lib_shutdown_stdio_1                0x00000185   Thumb Code     0  libshutdown2.o(.ARM.Collect$$libshutdown$$00000004)
    __rt_lib_shutdown_user_alloc_1           0x00000185   Thumb Code     0  libshutdown2.o(.ARM.Collect$$libshutdown$$0000000C)
    __rt_entry                               0x00000187   Thumb Code     0  __rtentry.o(.ARM.Collect$$rtentry$$00000000)
    __rt_entry_presh_1                       0x00000187   Thumb Code     0  __rtentry2.o(.ARM.Collect$$rtentry$$00000002)
    __rt_entry_sh                            0x00000187   Thumb Code     0  __rtentry4.o(.ARM.Collect$$rtentry$$00000004)
    __rt_entry_li                            0x0000018d   Thumb Code     0  __rtentry2.o(.ARM.Collect$$rtentry$$0000000A)
    __rt_entry_postsh_1                      0x0000018d   Thumb Code     0  __rtentry2.o(.ARM.Collect$$rtentry$$00000009)
    __rt_entry_main                          0x00000191   Thumb Code     0  __rtentry2.o(.ARM.Collect$$rtentry$$0000000D)
    __rt_entry_postli_1                      0x00000191   Thumb Code     0  __rtentry2.o(.ARM.Collect$$rtentry$$0000000C)
    __rt_exit                                0x00000199   Thumb Code     0  rtexit.o(.ARM.Collect$$rtexit$$00000000)
    __rt_exit_ls                             0x0000019b   Thumb Code     0  rtexit2.o(.ARM.Collect$$rtexit$$00000003)
    __rt_exit_prels_1                        0x0000019b   Thumb Code     0  rtexit2.o(.ARM.Collect$$rtexit$$00000002)
    __rt_exit_exit                           0x0000019f   Thumb Code     0  rtexit2.o(.ARM.Collect$$rtexit$$00000004)
    Reset_Handler                            0x000001a5   Thumb Code     4  startup_mspm0g350x_uvision.o(.text)
    NMI_Handler                              0x000001a9   Thumb Code     2  startup_mspm0g350x_uvision.o(.text)
    HardFault_Handler                        0x000001ab   Thumb Code     2  startup_mspm0g350x_uvision.o(.text)
    SVC_Handler                              0x000001ad   Thumb Code     2  startup_mspm0g350x_uvision.o(.text)
    PendSV_Handler                           0x000001af   Thumb Code     2  startup_mspm0g350x_uvision.o(.text)
    SysTick_Handler                          0x000001b1   Thumb Code     2  startup_mspm0g350x_uvision.o(.text)
    ADC0_IRQHandler                          0x000001b3   Thumb Code     0  startup_mspm0g350x_uvision.o(.text)
    ADC1_IRQHandler                          0x000001b3   Thumb Code     0  startup_mspm0g350x_uvision.o(.text)
    AES_IRQHandler                           0x000001b3   Thumb Code     0  startup_mspm0g350x_uvision.o(.text)
    CANFD0_IRQHandler                        0x000001b3   Thumb Code     0  startup_mspm0g350x_uvision.o(.text)
    DAC0_IRQHandler                          0x000001b3   Thumb Code     0  startup_mspm0g350x_uvision.o(.text)
    DMA_IRQHandler                           0x000001b3   Thumb Code     0  startup_mspm0g350x_uvision.o(.text)
    Default_Handler                          0x000001b3   Thumb Code     2  startup_mspm0g350x_uvision.o(.text)
    GROUP0_IRQHandler                        0x000001b3   Thumb Code     0  startup_mspm0g350x_uvision.o(.text)
    GROUP1_IRQHandler                        0x000001b3   Thumb Code     0  startup_mspm0g350x_uvision.o(.text)
    I2C0_IRQHandler                          0x000001b3   Thumb Code     0  startup_mspm0g350x_uvision.o(.text)
    I2C1_IRQHandler                          0x000001b3   Thumb Code     0  startup_mspm0g350x_uvision.o(.text)
    RTC_IRQHandler                           0x000001b3   Thumb Code     0  startup_mspm0g350x_uvision.o(.text)
    SPI0_IRQHandler                          0x000001b3   Thumb Code     0  startup_mspm0g350x_uvision.o(.text)
    SPI1_IRQHandler                          0x000001b3   Thumb Code     0  startup_mspm0g350x_uvision.o(.text)
    TIMA0_IRQHandler                         0x000001b3   Thumb Code     0  startup_mspm0g350x_uvision.o(.text)
    TIMA1_IRQHandler                         0x000001b3   Thumb Code     0  startup_mspm0g350x_uvision.o(.text)
    TIMG0_IRQHandler                         0x000001b3   Thumb Code     0  startup_mspm0g350x_uvision.o(.text)
    TIMG12_IRQHandler                        0x000001b3   Thumb Code     0  startup_mspm0g350x_uvision.o(.text)
    TIMG6_IRQHandler                         0x000001b3   Thumb Code     0  startup_mspm0g350x_uvision.o(.text)
    TIMG7_IRQHandler                         0x000001b3   Thumb Code     0  startup_mspm0g350x_uvision.o(.text)
    TIMG8_IRQHandler                         0x000001b3   Thumb Code     0  startup_mspm0g350x_uvision.o(.text)
    UART1_IRQHandler                         0x000001b3   Thumb Code     0  startup_mspm0g350x_uvision.o(.text)
    UART2_IRQHandler                         0x000001b3   Thumb Code     0  startup_mspm0g350x_uvision.o(.text)
    UART3_IRQHandler                         0x000001b3   Thumb Code     0  startup_mspm0g350x_uvision.o(.text)
    __user_initial_stackheap                 0x000001b5   Thumb Code    10  startup_mspm0g350x_uvision.o(.text)
    __2printf                                0x000001d5   Thumb Code    22  noretval__2printf.o(.text)
    _printf_pre_padding                      0x000001f1   Thumb Code    44  _printf_pad.o(.text)
    _printf_post_padding                     0x0000021d   Thumb Code    34  _printf_pad.o(.text)
    _printf_int_dec                          0x00000241   Thumb Code    90  _printf_dec.o(.text)
    _printf_int_hex                          0x000002ad   Thumb Code    84  _printf_hex_int.o(.text)
    _printf_longlong_hex                     0x000002ad   Thumb Code     0  _printf_hex_int.o(.text)
    __printf                                 0x00000305   Thumb Code   306  __printf_flags_wp.o(.text)
    puts                                     0x0000043d   Thumb Code    38  puts.o(.text)
    memcmp                                   0x00000469   Thumb Code    90  memcmp.o(.text)
    __use_two_region_memory                  0x000004c3   Thumb Code     2  heapauxi.o(.text)
    __rt_heap_escrow$2region                 0x000004c5   Thumb Code     2  heapauxi.o(.text)
    __rt_heap_expand$2region                 0x000004c7   Thumb Code     2  heapauxi.o(.text)
    __aeabi_d2f                              0x000004c9   Thumb Code     0  d2f.o(.text)
    __truncdfsf2                             0x000004c9   Thumb Code     0  d2f.o(.text)
    _d2f                                     0x000004c9   Thumb Code   120  d2f.o(.text)
    __adddf3                                 0x0000083d   Thumb Code     0  daddsub.o(.text)
    __aeabi_dadd                             0x0000083d   Thumb Code     0  daddsub.o(.text)
    _dadd                                    0x0000083d   Thumb Code    26  daddsub.o(.text)
    __aeabi_dsub                             0x00000857   Thumb Code     0  daddsub.o(.text)
    __subdf3                                 0x00000857   Thumb Code     0  daddsub.o(.text)
    _dsub                                    0x00000857   Thumb Code    22  daddsub.o(.text)
    __aeabi_drsub                            0x0000086d   Thumb Code     0  daddsub.o(.text)
    _drsb                                    0x0000086d   Thumb Code    28  daddsub.o(.text)
    __aeabi_ddiv                             0x0000089d   Thumb Code     0  ddiv.o(.text)
    __divdf3                                 0x0000089d   Thumb Code     0  ddiv.o(.text)
    _ddiv                                    0x0000089d   Thumb Code  1072  ddiv.o(.text)
    _drdiv                                   0x00000ccd   Thumb Code    20  ddiv.o(.text)
    __aeabi_dmul                             0x00000ce5   Thumb Code     0  dmul.o(.text)
    __muldf3                                 0x00000ce5   Thumb Code     0  dmul.o(.text)
    _dmul                                    0x00000ce5   Thumb Code   558  dmul.o(.text)
    __aeabi_f2d                              0x00000f2d   Thumb Code     0  f2d.o(.text)
    __extendsfdf2                            0x00000f2d   Thumb Code     0  f2d.o(.text)
    _f2d                                     0x00000f2d   Thumb Code    80  f2d.o(.text)
    __aeabi_fdiv                             0x00000f81   Thumb Code     0  fdiv.o(.text)
    __divsf3                                 0x00000f81   Thumb Code     0  fdiv.o(.text)
    _fdiv                                    0x00000f81   Thumb Code   334  fdiv.o(.text)
    _frdiv                                   0x000010cf   Thumb Code     8  fdiv.o(.text)
    __aeabi_f2iz                             0x000010e1   Thumb Code     0  ffixi.o(.text)
    _ffix                                    0x000010e1   Thumb Code    76  ffixi.o(.text)
    __aeabi_i2f_normalise                    0x0000112d   Thumb Code    72  fflti.o(.text)
    __aeabi_i2f                              0x00001175   Thumb Code    16  fflti.o(.text)
    _fflt                                    0x00001175   Thumb Code     0  fflti.o(.text)
    __aeabi_ui2f                             0x00001185   Thumb Code     6  fflti.o(.text)
    _ffltu                                   0x00001185   Thumb Code     0  fflti.o(.text)
    __read_errno                             0x0000118b   Thumb Code    10  _rserrno.o(.text)
    __set_errno                              0x00001195   Thumb Code    12  _rserrno.o(.text)
    _printf_int_common                       0x000011a1   Thumb Code   176  _printf_intcommon.o(.text)
    _printf_char_file                        0x00001251   Thumb Code    34  _printf_char_file.o(.text)
    __rt_udiv10                              0x00001279   Thumb Code    40  rtudiv10.o(.text)
    __ARM_scalbn                             0x000012a1   Thumb Code    84  dscalbn.o(.text)
    __aeabi_errno_addr                       0x00001301   Thumb Code     8  rt_errno_addr_intlibspace.o(.text)
    __errno$intlibspace                      0x00001301   Thumb Code     0  rt_errno_addr_intlibspace.o(.text)
    __rt_errno_addr$intlibspace              0x00001301   Thumb Code     0  rt_errno_addr_intlibspace.o(.text)
    _printf_char_common                      0x00001313   Thumb Code    32  _printf_char_common.o(.text)
    ferror                                   0x00001339   Thumb Code     8  ferror.o(.text)
    __fpl_dcmp_InfNaN                        0x00001341   Thumb Code   154  dcmpin.o(.text)
    _dsqrt                                   0x000013e1   Thumb Code   248  dsqrt.o(.text)
    __user_libspace                          0x000014e1   Thumb Code     8  libspace.o(.text)
    __user_perproc_libspace                  0x000014e1   Thumb Code     0  libspace.o(.text)
    __user_perthread_libspace                0x000014e1   Thumb Code     0  libspace.o(.text)
    __user_setup_stackheap                   0x000014e9   Thumb Code    62  sys_stackheap_outer.o(.text)
    exit                                     0x00001527   Thumb Code    16  exit.o(.text)
    __fpl_cmpreturn                          0x00001537   Thumb Code    46  cmpret.o(.text)
    __fpl_dcheck_NaN2                        0x00001565   Thumb Code    14  dnan2.o(.text)
    __fpl_return_NaN                         0x00001579   Thumb Code    94  retnan.o(.text)
    DL_Common_delayCycles                    0x000015d7   Thumb Code    10  dl_common.o(.text.DL_Common_delayCycles)
    DL_TimerA_initPWMMode                    0x000015e1   Thumb Code   120  dl_timer.o(.text.DL_TimerA_initPWMMode)
    DL_Timer_initPWMMode                     0x00001665   Thumb Code   188  dl_timer.o(.text.DL_Timer_initPWMMode)
    DL_Timer_initTimerMode                   0x00001739   Thumb Code   224  dl_timer.o(.text.DL_Timer_initTimerMode)
    DL_Timer_setCaptCompUpdateMethod         0x00001825   Thumb Code    24  dl_timer.o(.text.DL_Timer_setCaptCompUpdateMethod)
    DL_Timer_setCaptureCompareOutCtl         0x00001841   Thumb Code    20  dl_timer.o(.text.DL_Timer_setCaptureCompareOutCtl)
    DL_Timer_setCaptureCompareValue          0x00001859   Thumb Code    12  dl_timer.o(.text.DL_Timer_setCaptureCompareValue)
    DL_Timer_setClockConfig                  0x00001869   Thumb Code    24  dl_timer.o(.text.DL_Timer_setClockConfig)
    DL_UART_init                             0x00001885   Thumb Code    64  dl_uart.o(.text.DL_UART_init)
    DL_UART_setClockConfig                   0x000018cd   Thumb Code    18  dl_uart.o(.text.DL_UART_setClockConfig)
    MPU6050_Init                             0x000018e1   Thumb Code   284  bsp_mpu6050.o(.text.MPU6050_Init)
    MPU6050_ReadData                         0x00001a11   Thumb Code   880  bsp_mpu6050.o(.text.MPU6050_ReadData)
    MPU6050_WriteReg                         0x00001d91   Thumb Code   824  bsp_mpu6050.o(.text.MPU6050_WriteReg)
    Motor_Back                               0x000020d5   Thumb Code    24  motor.o(.text.Motor_Back)
    Motor_Stop                               0x000020f5   Thumb Code    24  motor.o(.text.Motor_Stop)
    Read_Byte                                0x00002111   Thumb Code   316  bsp_mpu6050.o(.text.Read_Byte)
    SYSCFG_DL_GPIO_init                      0x0000225d   Thumb Code    96  ti_msp_dl_config.o(.text.SYSCFG_DL_GPIO_init)
    SYSCFG_DL_PWM_AB_init                    0x000022e1   Thumb Code   112  ti_msp_dl_config.o(.text.SYSCFG_DL_PWM_AB_init)
    SYSCFG_DL_SYSCTL_init                    0x00002361   Thumb Code    52  ti_msp_dl_config.o(.text.SYSCFG_DL_SYSCTL_init)
    SYSCFG_DL_SYSTICK_init                   0x0000239d   Thumb Code    24  ti_msp_dl_config.o(.text.SYSCFG_DL_SYSTICK_init)
    SYSCFG_DL_TIMER_10ms_init                0x000023b9   Thumb Code    36  ti_msp_dl_config.o(.text.SYSCFG_DL_TIMER_10ms_init)
    SYSCFG_DL_UART_0_init                    0x000023f1   Thumb Code    84  ti_msp_dl_config.o(.text.SYSCFG_DL_UART_0_init)
    SYSCFG_DL_init                           0x0000245d   Thumb Code    44  ti_msp_dl_config.o(.text.SYSCFG_DL_init)
    SYSCFG_DL_initPower                      0x00002491   Thumb Code    44  ti_msp_dl_config.o(.text.SYSCFG_DL_initPower)
    Send_Byte                                0x000024d9   Thumb Code   324  bsp_mpu6050.o(.text.Send_Byte)
    Task1                                    0x00002625   Thumb Code   176  empty.o(.text.Task1)
    Task2                                    0x000026ed   Thumb Code   552  empty.o(.text.Task2)
    UART0_IRQHandler                         0x00002979   Thumb Code    76  board.o(.text.UART0_IRQHandler)
    _sys_exit                                0x000029d9   Thumb Code     2  board.o(.text._sys_exit)
    delay_ms                                 0x000029dd   Thumb Code    68  board.o(.text.delay_ms)
    delay_us                                 0x00002a21   Thumb Code    64  board.o(.text.delay_us)
    dmp_enable_feature                       0x00002a65   Thumb Code   644  inv_mpu_dmp_motion_driver.o(.text.dmp_enable_feature)
    dmp_load_motion_driver_firmware          0x00002d09   Thumb Code    20  inv_mpu_dmp_motion_driver.o(.text.dmp_load_motion_driver_firmware)
    dmp_read_fifo                            0x00002d25   Thumb Code   404  inv_mpu_dmp_motion_driver.o(.text.dmp_read_fifo)
    dmp_set_fifo_rate                        0x00002ec9   Thumb Code    84  inv_mpu_dmp_motion_driver.o(.text.dmp_set_fifo_rate)
    dmp_set_orientation                      0x00002f35   Thumb Code   192  inv_mpu_dmp_motion_driver.o(.text.dmp_set_orientation)
    dmp_set_tap_thresh                       0x0000300d   Thumb Code   288  inv_mpu_dmp_motion_driver.o(.text.dmp_set_tap_thresh)
    fputc                                    0x00003141   Thumb Code    32  board.o(.text.fputc)
    inv_orientation_matrix_to_scalar         0x00003165   Thumb Code   188  inv_mpu.o(.text.inv_orientation_matrix_to_scalar)
    main                                     0x00003221   Thumb Code   168  empty.o(.text.main)
    mget_ms                                  0x00003355   Thumb Code     2  inv_mpu.o(.text.mget_ms)
    mpu_configure_fifo                       0x00003359   Thumb Code   164  inv_mpu.o(.text.mpu_configure_fifo)
    mpu_dmp_get_data                         0x000033fd   Thumb Code   448  inv_mpu.o(.text.mpu_dmp_get_data)
    mpu_dmp_init                             0x000035c5   Thumb Code   228  inv_mpu.o(.text.mpu_dmp_init)
    mpu_get_accel_fsr                        0x000036ad   Thumb Code    40  inv_mpu.o(.text.mpu_get_accel_fsr)
    mpu_init                                 0x000036e1   Thumb Code   324  inv_mpu.o(.text.mpu_init)
    mpu_load_firmware                        0x00003879   Thumb Code   292  inv_mpu.o(.text.mpu_load_firmware)
    mpu_lp_accel_mode                        0x000039a1   Thumb Code   484  inv_mpu.o(.text.mpu_lp_accel_mode)
    mpu_read_fifo_stream                     0x00003b85   Thumb Code   160  inv_mpu.o(.text.mpu_read_fifo_stream)
    mpu_reset_fifo                           0x00003c29   Thumb Code   328  inv_mpu.o(.text.mpu_reset_fifo)
    mpu_set_accel_fsr                        0x00003d75   Thumb Code   132  inv_mpu.o(.text.mpu_set_accel_fsr)
    mpu_set_bypass                           0x00003df9   Thumb Code   260  inv_mpu.o(.text.mpu_set_bypass)
    mpu_set_dmp_state                        0x00003f01   Thumb Code   204  inv_mpu.o(.text.mpu_set_dmp_state)
    mpu_set_lpf                              0x00003fd1   Thumb Code   112  inv_mpu.o(.text.mpu_set_lpf)
    mpu_set_sample_rate                      0x00004041   Thumb Code   224  inv_mpu.o(.text.mpu_set_sample_rate)
    mpu_set_sensors                          0x00004125   Thumb Code   216  inv_mpu.o(.text.mpu_set_sensors)
    mpu_write_mem                            0x000041fd   Thumb Code   104  inv_mpu.o(.text.mpu_write_mem)
    set_motor_rotateL                        0x00004269   Thumb Code   104  motor.o(.text.set_motor_rotateL)
    set_motor_rotateR                        0x000042d5   Thumb Code    92  motor.o(.text.set_motor_rotateR)
    __aeabi_uidiv                            0x00004341   Thumb Code    68  aeabi_sdivfast.o(.text_divfast)
    __aeabi_idiv                             0x00004385   Thumb Code   434  aeabi_sdivfast.o(.text_divfast)
    __ARM_fpclassify                         0x00004539   Thumb Code    40  fpclassify.o(i.__ARM_fpclassify)
    __kernel_poly                            0x00004565   Thumb Code   172  poly.o(i.__kernel_poly)
    __mathlib_dbl_infnan                     0x00004611   Thumb Code    10  dunder.o(i.__mathlib_dbl_infnan)
    __mathlib_dbl_infnan2                    0x0000461b   Thumb Code     8  dunder.o(i.__mathlib_dbl_infnan2)
    __mathlib_dbl_invalid                    0x00004623   Thumb Code    16  dunder.o(i.__mathlib_dbl_invalid)
    __mathlib_dbl_underflow                  0x00004635   Thumb Code    14  dunder.o(i.__mathlib_dbl_underflow)
    _is_digit                                0x00004649   Thumb Code    14  __printf_wp.o(i._is_digit)
    asin                                     0x00004659   Thumb Code   574  asin.o(i.asin)
    atan                                     0x000048cd   Thumb Code   472  atan.o(i.atan)
    atan2                                    0x00004ae9   Thumb Code   372  atan2.o(i.atan2)
    sqrt                                     0x00004c85   Thumb Code    66  sqrt.o(i.sqrt)
    __aeabi_cdcmpeq                          0x00004ccd   Thumb Code     0  deqf.o(x$fpl$deqf)
    _dcmpeq                                  0x00004ccd   Thumb Code    94  deqf.o(x$fpl$deqf)
    __aeabi_fadd                             0x00004d31   Thumb Code     0  faddsub.o(x$fpl$fadd)
    _fadd                                    0x00004d31   Thumb Code   134  faddsub.o(x$fpl$fadd)
    __aeabi_fmul                             0x00004dbd   Thumb Code     0  fmul.o(x$fpl$fmul)
    _fmul                                    0x00004dbd   Thumb Code   172  fmul.o(x$fpl$fmul)
    __aeabi_fsub                             0x00004e6d   Thumb Code     0  faddsub.o(x$fpl$fsub)
    _fsub                                    0x00004e6d   Thumb Code   204  faddsub.o(x$fpl$fsub)
    __I$use$fp                               0x00004f3c   Number         0  usenofp.o(x$fpl$usenofp)
    __mathlib_zero                           0x00005120   Data           8  qnan.o(.constdata)
    hw                                       0x00005d54   Data          12  inv_mpu.o(.rodata.hw)
    reg                                      0x00005d60   Data          27  inv_mpu.o(.rodata.reg)
    test                                     0x00005e0c   Data          40  inv_mpu.o(.rodata.test)
    Region$$Table$$Base                      0x00005e38   Number         0  anon$$obj.o(Region$$Table)
    Region$$Table$$Limit                     0x00005e58   Number         0  anon$$obj.o(Region$$Table)
    pR                                       0x2020000c   Data           4  empty.o(.data.pR)
    sensor4                                  0x20200010   Data           4  empty.o(.data.sensor4)
    __libspace_start                         0x20200040   Data          96  libspace.o(.bss)
    BeepS                                    0x202000a0   Data           4  empty.o(.bss.BeepS)
    __temporary_stack_top$libspace           0x202000a0   Data           0  libspace.o(.bss)
    BlankTimes                               0x202000a4   Data           4  empty.o(.bss.BlankTimes)
    DelayTime                                0x202000a8   Data           4  empty.o(.bss.DelayTime)
    InTrace                                  0x202000ac   Data           1  empty.o(.bss.InTrace)
    RtSum                                    0x202000b0   Data           4  empty.o(.bss.RtSum)
    __stdout                                 0x202000b4   Data          84  board.o(.bss.__stdout)
    a                                        0x20200108   Data           4  empty.o(.bss.a)
    boot1                                    0x2020010c   Data           4  empty.o(.bss.boot1)
    boot2                                    0x20200110   Data           4  empty.o(.bss.boot2)
    flag                                     0x20200128   Data           4  empty.o(.bss.flag)
    gPWM_ABBackup                            0x2020012c   Data         188  ti_msp_dl_config.o(.bss.gPWM_ABBackup)
    gTIMER_10msBackup                        0x202001e8   Data         188  ti_msp_dl_config.o(.bss.gTIMER_10msBackup)
    inTrace                                  0x202002a4   Data           1  empty.o(.bss.inTrace)
    pL                                       0x202002a8   Data           4  empty.o(.bss.pL)
    pitch                                    0x202002ac   Data           4  empty.o(.bss.pitch)
    recv0_buff                               0x202002b0   Data         128  board.o(.bss.recv0_buff)
    recv0_flag                               0x20200330   Data           1  board.o(.bss.recv0_flag)
    recv0_length                             0x20200332   Data           2  board.o(.bss.recv0_length)
    roll                                     0x20200334   Data           4  empty.o(.bss.roll)
    sensor1                                  0x20200338   Data           4  empty.o(.bss.sensor1)
    sensor2                                  0x2020033c   Data           4  empty.o(.bss.sensor2)
    sensor3                                  0x20200340   Data           4  empty.o(.bss.sensor3)
    yaw                                      0x20200344   Data           4  empty.o(.bss.yaw)



==============================================================================

Memory Map of the image

  Image Entry point : 0x000000c1

  Load Region LR_IROM1 (Base: 0x00000000, Size: 0x00005e98, Max: 0x00020000, ABSOLUTE)

    Execution Region ER_IROM1 (Exec base: 0x00000000, Load base: 0x00000000, Size: 0x00005e58, Max: 0x00020000, ABSOLUTE)

    Exec Addr    Load Addr    Size         Type   Attr      Idx    E Section Name        Object

    0x00000000   0x00000000   0x000000c0   Data   RO           47    RESET               startup_mspm0g350x_uvision.o
    0x000000c0   0x000000c0   0x00000008   Code   RO         1186  * !!!main             c_p.l(__main.o)
    0x000000c8   0x000000c8   0x00000054   Code   RO         1501    !!!scatter          c_p.l(__scatter.o)
    0x0000011c   0x0000011c   0x00000004   PAD
    0x00000120   0x00000120   0x0000001a   Code   RO         1505    !!handler_copy      c_p.l(__scatter_copy.o)
    0x0000013a   0x0000013a   0x00000006   PAD
    0x00000140   0x00000140   0x00000002   Code   RO         1502    !!handler_null      c_p.l(__scatter.o)
    0x00000142   0x00000142   0x00000006   PAD
    0x00000148   0x00000148   0x0000001c   Code   RO         1507    !!handler_zi        c_p.l(__scatter_zi.o)
    0x00000164   0x00000164   0x00000002   Code   RO         1171    .ARM.Collect$$_printf_percent$$00000000  c_p.l(_printf_percent.o)
    0x00000166   0x00000166   0x0000000a   Code   RO         1170    .ARM.Collect$$_printf_percent$$00000009  c_p.l(_printf_d.o)
    0x00000170   0x00000170   0x0000000a   Code   RO         1169    .ARM.Collect$$_printf_percent$$0000000C  c_p.l(_printf_x.o)
    0x0000017a   0x0000017a   0x00000004   Code   RO         1266    .ARM.Collect$$_printf_percent$$00000017  c_p.l(_printf_percent_end.o)
    0x0000017e   0x0000017e   0x00000002   Code   RO         1361    .ARM.Collect$$libinit$$00000000  c_p.l(libinit.o)
    0x00000180   0x00000180   0x00000000   Code   RO         1378    .ARM.Collect$$libinit$$00000002  c_p.l(libinit2.o)
    0x00000180   0x00000180   0x00000000   Code   RO         1380    .ARM.Collect$$libinit$$00000004  c_p.l(libinit2.o)
    0x00000180   0x00000180   0x00000000   Code   RO         1382    .ARM.Collect$$libinit$$00000006  c_p.l(libinit2.o)
    0x00000180   0x00000180   0x00000000   Code   RO         1385    .ARM.Collect$$libinit$$0000000C  c_p.l(libinit2.o)
    0x00000180   0x00000180   0x00000000   Code   RO         1387    .ARM.Collect$$libinit$$0000000E  c_p.l(libinit2.o)
    0x00000180   0x00000180   0x00000000   Code   RO         1389    .ARM.Collect$$libinit$$00000010  c_p.l(libinit2.o)
    0x00000180   0x00000180   0x00000000   Code   RO         1392    .ARM.Collect$$libinit$$00000013  c_p.l(libinit2.o)
    0x00000180   0x00000180   0x00000000   Code   RO         1394    .ARM.Collect$$libinit$$00000015  c_p.l(libinit2.o)
    0x00000180   0x00000180   0x00000000   Code   RO         1396    .ARM.Collect$$libinit$$00000017  c_p.l(libinit2.o)
    0x00000180   0x00000180   0x00000000   Code   RO         1398    .ARM.Collect$$libinit$$00000019  c_p.l(libinit2.o)
    0x00000180   0x00000180   0x00000000   Code   RO         1400    .ARM.Collect$$libinit$$0000001B  c_p.l(libinit2.o)
    0x00000180   0x00000180   0x00000000   Code   RO         1402    .ARM.Collect$$libinit$$0000001D  c_p.l(libinit2.o)
    0x00000180   0x00000180   0x00000000   Code   RO         1404    .ARM.Collect$$libinit$$0000001F  c_p.l(libinit2.o)
    0x00000180   0x00000180   0x00000000   Code   RO         1406    .ARM.Collect$$libinit$$00000021  c_p.l(libinit2.o)
    0x00000180   0x00000180   0x00000000   Code   RO         1408    .ARM.Collect$$libinit$$00000023  c_p.l(libinit2.o)
    0x00000180   0x00000180   0x00000000   Code   RO         1410    .ARM.Collect$$libinit$$00000025  c_p.l(libinit2.o)
    0x00000180   0x00000180   0x00000000   Code   RO         1412    .ARM.Collect$$libinit$$00000027  c_p.l(libinit2.o)
    0x00000180   0x00000180   0x00000000   Code   RO         1416    .ARM.Collect$$libinit$$0000002E  c_p.l(libinit2.o)
    0x00000180   0x00000180   0x00000000   Code   RO         1418    .ARM.Collect$$libinit$$00000030  c_p.l(libinit2.o)
    0x00000180   0x00000180   0x00000000   Code   RO         1420    .ARM.Collect$$libinit$$00000032  c_p.l(libinit2.o)
    0x00000180   0x00000180   0x00000000   Code   RO         1422    .ARM.Collect$$libinit$$00000034  c_p.l(libinit2.o)
    0x00000180   0x00000180   0x00000002   Code   RO         1423    .ARM.Collect$$libinit$$00000035  c_p.l(libinit2.o)
    0x00000182   0x00000182   0x00000002   Code   RO         1453    .ARM.Collect$$libshutdown$$00000000  c_p.l(libshutdown.o)
    0x00000184   0x00000184   0x00000000   Code   RO         1484    .ARM.Collect$$libshutdown$$00000002  c_p.l(libshutdown2.o)
    0x00000184   0x00000184   0x00000000   Code   RO         1486    .ARM.Collect$$libshutdown$$00000004  c_p.l(libshutdown2.o)
    0x00000184   0x00000184   0x00000000   Code   RO         1489    .ARM.Collect$$libshutdown$$00000007  c_p.l(libshutdown2.o)
    0x00000184   0x00000184   0x00000000   Code   RO         1492    .ARM.Collect$$libshutdown$$0000000A  c_p.l(libshutdown2.o)
    0x00000184   0x00000184   0x00000000   Code   RO         1494    .ARM.Collect$$libshutdown$$0000000C  c_p.l(libshutdown2.o)
    0x00000184   0x00000184   0x00000000   Code   RO         1497    .ARM.Collect$$libshutdown$$0000000F  c_p.l(libshutdown2.o)
    0x00000184   0x00000184   0x00000002   Code   RO         1498    .ARM.Collect$$libshutdown$$00000010  c_p.l(libshutdown2.o)
    0x00000186   0x00000186   0x00000000   Code   RO         1249    .ARM.Collect$$rtentry$$00000000  c_p.l(__rtentry.o)
    0x00000186   0x00000186   0x00000000   Code   RO         1309    .ARM.Collect$$rtentry$$00000002  c_p.l(__rtentry2.o)
    0x00000186   0x00000186   0x00000006   Code   RO         1321    .ARM.Collect$$rtentry$$00000004  c_p.l(__rtentry4.o)
    0x0000018c   0x0000018c   0x00000000   Code   RO         1311    .ARM.Collect$$rtentry$$00000009  c_p.l(__rtentry2.o)
    0x0000018c   0x0000018c   0x00000004   Code   RO         1312    .ARM.Collect$$rtentry$$0000000A  c_p.l(__rtentry2.o)
    0x00000190   0x00000190   0x00000000   Code   RO         1314    .ARM.Collect$$rtentry$$0000000C  c_p.l(__rtentry2.o)
    0x00000190   0x00000190   0x00000008   Code   RO         1315    .ARM.Collect$$rtentry$$0000000D  c_p.l(__rtentry2.o)
    0x00000198   0x00000198   0x00000002   Code   RO         1369    .ARM.Collect$$rtexit$$00000000  c_p.l(rtexit.o)
    0x0000019a   0x0000019a   0x00000000   Code   RO         1427    .ARM.Collect$$rtexit$$00000002  c_p.l(rtexit2.o)
    0x0000019a   0x0000019a   0x00000004   Code   RO         1428    .ARM.Collect$$rtexit$$00000003  c_p.l(rtexit2.o)
    0x0000019e   0x0000019e   0x00000006   Code   RO         1429    .ARM.Collect$$rtexit$$00000004  c_p.l(rtexit2.o)
    0x000001a4   0x000001a4   0x00000030   Code   RO           48    .text               startup_mspm0g350x_uvision.o
    0x000001d4   0x000001d4   0x0000001c   Code   RO         1120    .text               c_p.l(noretval__2printf.o)
    0x000001f0   0x000001f0   0x0000004e   Code   RO         1124    .text               c_p.l(_printf_pad.o)
    0x0000023e   0x0000023e   0x00000002   PAD
    0x00000240   0x00000240   0x0000006c   Code   RO         1126    .text               c_p.l(_printf_dec.o)
    0x000002ac   0x000002ac   0x00000058   Code   RO         1131    .text               c_p.l(_printf_hex_int.o)
    0x00000304   0x00000304   0x00000138   Code   RO         1161    .text               c_p.l(__printf_flags_wp.o)
    0x0000043c   0x0000043c   0x0000002c   Code   RO         1172    .text               c_p.l(puts.o)
    0x00000468   0x00000468   0x0000005a   Code   RO         1174    .text               c_p.l(memcmp.o)
    0x000004c2   0x000004c2   0x00000006   Code   RO         1184    .text               c_p.l(heapauxi.o)
    0x000004c8   0x000004c8   0x0000007c   Code   RO         1188    .text               fz_ps.l(d2f.o)
    0x00000544   0x00000544   0x00000358   Code   RO         1190    .text               fz_ps.l(daddsub.o)
    0x0000089c   0x0000089c   0x00000448   Code   RO         1192    .text               fz_ps.l(ddiv.o)
    0x00000ce4   0x00000ce4   0x00000248   Code   RO         1197    .text               fz_ps.l(dmul.o)
    0x00000f2c   0x00000f2c   0x00000054   Code   RO         1199    .text               fz_ps.l(f2d.o)
    0x00000f80   0x00000f80   0x00000160   Code   RO         1231    .text               fz_ps.l(fdiv.o)
    0x000010e0   0x000010e0   0x0000004c   Code   RO         1234    .text               fz_ps.l(ffixi.o)
    0x0000112c   0x0000112c   0x0000005e   Code   RO         1236    .text               fz_ps.l(fflti.o)
    0x0000118a   0x0000118a   0x00000016   Code   RO         1260    .text               c_p.l(_rserrno.o)
    0x000011a0   0x000011a0   0x000000b0   Code   RO         1262    .text               c_p.l(_printf_intcommon.o)
    0x00001250   0x00001250   0x00000028   Code   RO         1264    .text               c_p.l(_printf_char_file.o)
    0x00001278   0x00001278   0x00000028   Code   RO         1267    .text               c_p.l(rtudiv10.o)
    0x000012a0   0x000012a0   0x00000060   Code   RO         1271    .text               fz_ps.l(dscalbn.o)
    0x00001300   0x00001300   0x00000008   Code   RO         1328    .text               c_p.l(rt_errno_addr_intlibspace.o)
    0x00001308   0x00001308   0x00000030   Code   RO         1330    .text               c_p.l(_printf_char_common.o)
    0x00001338   0x00001338   0x00000008   Code   RO         1332    .text               c_p.l(ferror.o)
    0x00001340   0x00001340   0x000000a0   Code   RO         1336    .text               fz_ps.l(dcmpin.o)
    0x000013e0   0x000013e0   0x00000100   Code   RO         1338    .text               fz_ps.l(dsqrt.o)
    0x000014e0   0x000014e0   0x00000008   Code   RO         1342    .text               c_p.l(libspace.o)
    0x000014e8   0x000014e8   0x0000003e   Code   RO         1345    .text               c_p.l(sys_stackheap_outer.o)
    0x00001526   0x00001526   0x00000010   Code   RO         1350    .text               c_p.l(exit.o)
    0x00001536   0x00001536   0x0000002e   Code   RO         1362    .text               fz_ps.l(cmpret.o)
    0x00001564   0x00001564   0x00000014   Code   RO         1364    .text               fz_ps.l(dnan2.o)
    0x00001578   0x00001578   0x0000005e   Code   RO         1424    .text               fz_ps.l(retnan.o)
    0x000015d6   0x000015d6   0x0000000a   Code   RO         1055    .text.DL_Common_delayCycles  dl_common.o
    0x000015e0   0x000015e0   0x00000084   Code   RO          529    .text.DL_TimerA_initPWMMode  dl_timer.o
    0x00001664   0x00001664   0x000000d4   Code   RO          489    .text.DL_Timer_initPWMMode  dl_timer.o
    0x00001738   0x00001738   0x000000ec   Code   RO          471    .text.DL_Timer_initTimerMode  dl_timer.o
    0x00001824   0x00001824   0x0000001c   Code   RO          503    .text.DL_Timer_setCaptCompUpdateMethod  dl_timer.o
    0x00001840   0x00001840   0x00000018   Code   RO          493    .text.DL_Timer_setCaptureCompareOutCtl  dl_timer.o
    0x00001858   0x00001858   0x00000010   Code   RO          473    .text.DL_Timer_setCaptureCompareValue  dl_timer.o
    0x00001868   0x00001868   0x0000001c   Code   RO          467    .text.DL_Timer_setClockConfig  dl_timer.o
    0x00001884   0x00001884   0x00000048   Code   RO          415    .text.DL_UART_init  dl_uart.o
    0x000018cc   0x000018cc   0x00000012   Code   RO          417    .text.DL_UART_setClockConfig  dl_uart.o
    0x000018de   0x000018de   0x00000002   PAD
    0x000018e0   0x000018e0   0x00000130   Code   RO          203    .text.MPU6050_Init  bsp_mpu6050.o
    0x00001a10   0x00001a10   0x00000380   Code   RO          185    .text.MPU6050_ReadData  bsp_mpu6050.o
    0x00001d90   0x00001d90   0x00000344   Code   RO          183    .text.MPU6050_WriteReg  bsp_mpu6050.o
    0x000020d4   0x000020d4   0x00000020   Code   RO          125    .text.Motor_Back    motor.o
    0x000020f4   0x000020f4   0x0000001c   Code   RO          127    .text.Motor_Stop    motor.o
    0x00002110   0x00002110   0x0000014c   Code   RO          181    .text.Read_Byte     bsp_mpu6050.o
    0x0000225c   0x0000225c   0x00000084   Code   RO           59    .text.SYSCFG_DL_GPIO_init  ti_msp_dl_config.o
    0x000022e0   0x000022e0   0x00000080   Code   RO           63    .text.SYSCFG_DL_PWM_AB_init  ti_msp_dl_config.o
    0x00002360   0x00002360   0x0000003c   Code   RO           61    .text.SYSCFG_DL_SYSCTL_init  ti_msp_dl_config.o
    0x0000239c   0x0000239c   0x0000001c   Code   RO           69    .text.SYSCFG_DL_SYSTICK_init  ti_msp_dl_config.o
    0x000023b8   0x000023b8   0x00000038   Code   RO           65    .text.SYSCFG_DL_TIMER_10ms_init  ti_msp_dl_config.o
    0x000023f0   0x000023f0   0x0000006c   Code   RO           67    .text.SYSCFG_DL_UART_0_init  ti_msp_dl_config.o
    0x0000245c   0x0000245c   0x00000034   Code   RO           55    .text.SYSCFG_DL_init  ti_msp_dl_config.o
    0x00002490   0x00002490   0x00000048   Code   RO           57    .text.SYSCFG_DL_initPower  ti_msp_dl_config.o
    0x000024d8   0x000024d8   0x0000014c   Code   RO          179    .text.Send_Byte     bsp_mpu6050.o
    0x00002624   0x00002624   0x000000c8   Code   RO            2    .text.Task1         empty.o
    0x000026ec   0x000026ec   0x0000028c   Code   RO            6    .text.Task2         empty.o
    0x00002978   0x00002978   0x00000060   Code   RO          109    .text.UART0_IRQHandler  board.o
    0x000029d8   0x000029d8   0x00000002   Code   RO          105    .text._sys_exit     board.o
    0x000029da   0x000029da   0x00000002   PAD
    0x000029dc   0x000029dc   0x00000044   Code   RO           95    .text.delay_ms      board.o
    0x00002a20   0x00002a20   0x00000044   Code   RO           93    .text.delay_us      board.o
    0x00002a64   0x00002a64   0x000002a4   Code   RO          362    .text.dmp_enable_feature  inv_mpu_dmp_motion_driver.o
    0x00002d08   0x00002d08   0x0000001c   Code   RO          326    .text.dmp_load_motion_driver_firmware  inv_mpu_dmp_motion_driver.o
    0x00002d24   0x00002d24   0x000001a4   Code   RO          374    .text.dmp_read_fifo  inv_mpu_dmp_motion_driver.o
    0x00002ec8   0x00002ec8   0x0000006c   Code   RO          334    .text.dmp_set_fifo_rate  inv_mpu_dmp_motion_driver.o
    0x00002f34   0x00002f34   0x000000d8   Code   RO          328    .text.dmp_set_orientation  inv_mpu_dmp_motion_driver.o
    0x0000300c   0x0000300c   0x00000134   Code   RO          338    .text.dmp_set_tap_thresh  inv_mpu_dmp_motion_driver.o
    0x00003140   0x00003140   0x00000024   Code   RO          107    .text.fputc         board.o
    0x00003164   0x00003164   0x000000bc   Code   RO          302    .text.inv_orientation_matrix_to_scalar  inv_mpu.o
    0x00003220   0x00003220   0x00000134   Code   RO            8    .text.main          empty.o
    0x00003354   0x00003354   0x00000002   Code   RO          240    .text.mget_ms       inv_mpu.o
    0x00003356   0x00003356   0x00000002   PAD
    0x00003358   0x00003358   0x000000a4   Code   RO          228    .text.mpu_configure_fifo  inv_mpu.o
    0x000033fc   0x000033fc   0x000001c8   Code   RO          308    .text.mpu_dmp_get_data  inv_mpu.o
    0x000035c4   0x000035c4   0x000000e8   Code   RO          306    .text.mpu_dmp_init  inv_mpu.o
    0x000036ac   0x000036ac   0x00000034   Code   RO          252    .text.mpu_get_accel_fsr  inv_mpu.o
    0x000036e0   0x000036e0   0x00000198   Code   RO          218    .text.mpu_init      inv_mpu.o
    0x00003878   0x00003878   0x00000128   Code   RO          288    .text.mpu_load_firmware  inv_mpu.o
    0x000039a0   0x000039a0   0x000001e4   Code   RO          234    .text.mpu_lp_accel_mode  inv_mpu.o
    0x00003b84   0x00003b84   0x000000a4   Code   RO          274    .text.mpu_read_fifo_stream  inv_mpu.o
    0x00003c28   0x00003c28   0x0000014c   Code   RO          248    .text.mpu_reset_fifo  inv_mpu.o
    0x00003d74   0x00003d74   0x00000084   Code   RO          222    .text.mpu_set_accel_fsr  inv_mpu.o
    0x00003df8   0x00003df8   0x00000108   Code   RO          230    .text.mpu_set_bypass  inv_mpu.o
    0x00003f00   0x00003f00   0x000000d0   Code   RO          280    .text.mpu_set_dmp_state  inv_mpu.o
    0x00003fd0   0x00003fd0   0x00000070   Code   RO          224    .text.mpu_set_lpf   inv_mpu.o
    0x00004040   0x00004040   0x000000e4   Code   RO          226    .text.mpu_set_sample_rate  inv_mpu.o
    0x00004124   0x00004124   0x000000d8   Code   RO          232    .text.mpu_set_sensors  inv_mpu.o
    0x000041fc   0x000041fc   0x0000006c   Code   RO          284    .text.mpu_write_mem  inv_mpu.o
    0x00004268   0x00004268   0x0000006c   Code   RO          149    .text.set_motor_rotateL  motor.o
    0x000042d4   0x000042d4   0x0000006c   Code   RO          151    .text.set_motor_rotateR  motor.o
    0x00004340   0x00004340   0x000001f6   Code   RO         1177    .text_divfast       c_p.l(aeabi_sdivfast.o)
    0x00004536   0x00004536   0x00000002   PAD
    0x00004538   0x00004538   0x0000002c   Code   RO         1299    i.__ARM_fpclassify  m_ps.l(fpclassify.o)
    0x00004564   0x00004564   0x000000ac   Code   RO         1301    i.__kernel_poly     m_ps.l(poly.o)
    0x00004610   0x00004610   0x0000000a   Code   RO         1286    i.__mathlib_dbl_infnan  m_ps.l(dunder.o)
    0x0000461a   0x0000461a   0x00000008   Code   RO         1287    i.__mathlib_dbl_infnan2  m_ps.l(dunder.o)
    0x00004622   0x00004622   0x00000010   Code   RO         1288    i.__mathlib_dbl_invalid  m_ps.l(dunder.o)
    0x00004632   0x00004632   0x00000002   PAD
    0x00004634   0x00004634   0x00000014   Code   RO         1291    i.__mathlib_dbl_underflow  m_ps.l(dunder.o)
    0x00004648   0x00004648   0x0000000e   Code   RO         1159    i._is_digit         c_p.l(__printf_wp.o)
    0x00004656   0x00004656   0x00000002   PAD
    0x00004658   0x00004658   0x00000274   Code   RO         1241    i.asin              m_ps.l(asin.o)
    0x000048cc   0x000048cc   0x0000021c   Code   RO         1281    i.atan              m_ps.l(atan.o)
    0x00004ae8   0x00004ae8   0x0000019c   Code   RO         1246    i.atan2             m_ps.l(atan2.o)
    0x00004c84   0x00004c84   0x00000048   Code   RO         1305    i.sqrt              m_ps.l(sqrt.o)
    0x00004ccc   0x00004ccc   0x00000064   Code   RO         1269    x$fpl$deqf          fz_ps.l(deqf.o)
    0x00004d30   0x00004d30   0x0000008c   Code   RO         1201    x$fpl$fadd          fz_ps.l(faddsub.o)
    0x00004dbc   0x00004dbc   0x000000b0   Code   RO         1238    x$fpl$fmul          fz_ps.l(fmul.o)
    0x00004e6c   0x00004e6c   0x000000d0   Code   RO         1203    x$fpl$fsub          fz_ps.l(faddsub.o)
    0x00004f3c   0x00004f3c   0x00000000   Code   RO         1279    x$fpl$usenofp       fz_ps.l(usenofp.o)
    0x00004f3c   0x00004f3c   0x00000028   Data   RO         1132    .constdata          c_p.l(_printf_hex_int.o)
    0x00004f64   0x00004f64   0x00000011   Data   RO         1162    .constdata          c_p.l(__printf_flags_wp.o)
    0x00004f75   0x00004f75   0x00000080   Data   RO         1193    .constdata          fz_ps.l(ddiv.o)
    0x00004ff5   0x00004ff5   0x00000040   Data   RO         1232    .constdata          fz_ps.l(fdiv.o)
    0x00005035   0x00005035   0x00000003   PAD
    0x00005038   0x00005038   0x00000050   Data   RO         1242    .constdata          m_ps.l(asin.o)
    0x00005088   0x00005088   0x00000098   Data   RO         1282    .constdata          m_ps.l(atan.o)
    0x00005120   0x00005120   0x00000008   Data   RO         1303    .constdata          m_ps.l(qnan.o)
    0x00005128   0x00005128   0x00000003   Data   RO          382    .rodata..L__const.dmp_set_orientation.accel_axes  inv_mpu_dmp_motion_driver.o
    0x0000512b   0x0000512b   0x00000003   Data   RO          381    .rodata..L__const.dmp_set_orientation.gyro_axes  inv_mpu_dmp_motion_driver.o
    0x0000512e   0x0000512e   0x00000bf6   Data   RO          380    .rodata.dmp_memory  inv_mpu_dmp_motion_driver.o
    0x00005d24   0x00005d24   0x00000003   Data   RO           77    .rodata.gPWM_ABClockConfig  ti_msp_dl_config.o
    0x00005d27   0x00005d27   0x00000001   PAD
    0x00005d28   0x00005d28   0x00000008   Data   RO           78    .rodata.gPWM_ABConfig  ti_msp_dl_config.o
    0x00005d30   0x00005d30   0x00000003   Data   RO           79    .rodata.gTIMER_10msClockConfig  ti_msp_dl_config.o
    0x00005d33   0x00005d33   0x00000001   PAD
    0x00005d34   0x00005d34   0x00000014   Data   RO           80    .rodata.gTIMER_10msTimerConfig  ti_msp_dl_config.o
    0x00005d48   0x00005d48   0x00000002   Data   RO           81    .rodata.gUART_0ClockConfig  ti_msp_dl_config.o
    0x00005d4a   0x00005d4a   0x0000000a   Data   RO           82    .rodata.gUART_0Config  ti_msp_dl_config.o
    0x00005d54   0x00005d54   0x0000000c   Data   RO          311    .rodata.hw          inv_mpu.o
    0x00005d60   0x00005d60   0x0000001b   Data   RO          310    .rodata.reg         inv_mpu.o
    0x00005d7b   0x00005d7b   0x00000004   Data   RO           28    .rodata.str1.1      empty.o
    0x00005d7f   0x00005d7f   0x00000011   Data   RO          162    .rodata.str1.1      motor.o
    0x00005d90   0x00005d90   0x0000002e   Data   RO          205    .rodata.str1.1      bsp_mpu6050.o
    0x00005dbe   0x00005dbe   0x0000004c   Data   RO          315    .rodata.str1.1      inv_mpu.o
    0x00005e0a   0x00005e0a   0x00000002   PAD
    0x00005e0c   0x00005e0c   0x00000028   Data   RO          312    .rodata.test        inv_mpu.o
    0x00005e34   0x00005e34   0x00000004   PAD
    0x00005e38   0x00005e38   0x00000020   Data   RO         1500    Region$$Table       anon$$obj.o


    Execution Region RW_IRAM2 (Exec base: 0x20200000, Load base: 0x00005e58, Size: 0x00000948, Max: 0x00008000, ABSOLUTE)

    Exec Addr    Load Addr    Size         Type   Attr      Idx    E Section Name        Object

    0x20200000   0x00005e58   0x00000009   Data   RW          314    .data.gyro_orientation  inv_mpu.o
    0x20200009   0x00005e61   0x00000003   PAD
    0x2020000c   0x00005e64   0x00000004   Data   RW           17    .data.pR            empty.o
    0x20200010   0x00005e68   0x00000004   Data   RW           16    .data.sensor4       empty.o
    0x20200014   0x00005e6c   0x0000002c   Data   RW          313    .data.st            inv_mpu.o
    0x20200040        -       0x00000060   Zero   RW         1343    .bss                c_p.l(libspace.o)
    0x202000a0        -       0x00000004   Zero   RW           27    .bss.BeepS          empty.o
    0x202000a4        -       0x00000004   Zero   RW           26    .bss.BlankTimes     empty.o
    0x202000a8        -       0x00000004   Zero   RW           34    .bss.DelayTime      empty.o
    0x202000ac        -       0x00000001   Zero   RW           25    .bss.InTrace        empty.o
    0x202000ad   0x00005e98   0x00000003   PAD
    0x202000b0        -       0x00000004   Zero   RW           18    .bss.RtSum          empty.o
    0x202000b4        -       0x00000054   Zero   RW          114    .bss.__stdout       board.o
    0x20200108        -       0x00000004   Zero   RW           32    .bss.a              empty.o
    0x2020010c        -       0x00000004   Zero   RW           35    .bss.boot1          empty.o
    0x20200110        -       0x00000004   Zero   RW           15    .bss.boot2          empty.o
    0x20200114        -       0x00000004   Zero   RW          383    .bss.dmp.0          inv_mpu_dmp_motion_driver.o
    0x20200118        -       0x00000004   Zero   RW          384    .bss.dmp.1          inv_mpu_dmp_motion_driver.o
    0x2020011c        -       0x00000002   Zero   RW          385    .bss.dmp.2          inv_mpu_dmp_motion_driver.o
    0x2020011e   0x00005e98   0x00000002   PAD
    0x20200120        -       0x00000002   Zero   RW          386    .bss.dmp.3          inv_mpu_dmp_motion_driver.o
    0x20200122   0x00005e98   0x00000002   PAD
    0x20200124        -       0x00000002   Zero   RW          387    .bss.dmp.4          inv_mpu_dmp_motion_driver.o
    0x20200126        -       0x00000001   Zero   RW          388    .bss.dmp.5          inv_mpu_dmp_motion_driver.o
    0x20200127   0x00005e98   0x00000001   PAD
    0x20200128        -       0x00000004   Zero   RW           10    .bss.flag           empty.o
    0x2020012c        -       0x000000bc   Zero   RW           75    .bss.gPWM_ABBackup  ti_msp_dl_config.o
    0x202001e8        -       0x000000bc   Zero   RW           76    .bss.gTIMER_10msBackup  ti_msp_dl_config.o
    0x202002a4        -       0x00000001   Zero   RW           24    .bss.inTrace        empty.o
    0x202002a5   0x00005e98   0x00000003   PAD
    0x202002a8        -       0x00000004   Zero   RW           33    .bss.pL             empty.o
    0x202002ac        -       0x00000004   Zero   RW           12    .bss.pitch          empty.o
    0x202002b0        -       0x00000080   Zero   RW          111    .bss.recv0_buff     board.o
    0x20200330        -       0x00000001   Zero   RW          113    .bss.recv0_flag     board.o
    0x20200331   0x00005e98   0x00000001   PAD
    0x20200332        -       0x00000002   Zero   RW          112    .bss.recv0_length   board.o
    0x20200334        -       0x00000004   Zero   RW           13    .bss.roll           empty.o
    0x20200338        -       0x00000004   Zero   RW           29    .bss.sensor1        empty.o
    0x2020033c        -       0x00000004   Zero   RW           30    .bss.sensor2        empty.o
    0x20200340        -       0x00000004   Zero   RW           31    .bss.sensor3        empty.o
    0x20200344        -       0x00000004   Zero   RW           14    .bss.yaw            empty.o
    0x20200348        -       0x00000400   Zero   RW           46    HEAP                startup_mspm0g350x_uvision.o
    0x20200748        -       0x00000200   Zero   RW           45    STACK               startup_mspm0g350x_uvision.o



  Load Region LR_BCR (Base: 0x41c00000, Size: 0x00000000, Max: 0x00000100, ABSOLUTE)

    Execution Region BCR_CONFIG (Exec base: 0x41c00000, Load base: 0x41c00000, Size: 0x00000000, Max: 0x00000080, ABSOLUTE)

    **** No section assigned to this execution region ****



  Load Region LR_BSL (Base: 0x41c00100, Size: 0x00000000, Max: 0x00000100, ABSOLUTE)

    Execution Region BSL_CONFIG (Exec base: 0x41c00100, Load base: 0x41c00100, Size: 0x00000000, Max: 0x00000080, ABSOLUTE)

    **** No section assigned to this execution region ****


==============================================================================

Image component sizes


      Code (inc. data)   RO Data    RW Data    ZI Data      Debug   Object Name

       270         28          0          0        215       9612   board.o
      2700         72         46          0          0      27941   bsp_mpu6050.o
        10          0          0          0          0        618   dl_common.o
       676        204          0          0          0      32050   dl_timer.o
        90          8          0          0          0      14580   dl_uart.o
      1160        280          4          8         62       8525   empty.o
      4046        144        155         53          0      30914   inv_mpu.o
      1756        132       3068          0         15      12179   inv_mpu_dmp_motion_driver.o
       276         32         17          0          0      10192   motor.o
        48         22        192          0       1536        724   startup_mspm0g350x_uvision.o
       636        144         46          0        376      27600   ti_msp_dl_config.o

    ----------------------------------------------------------------------
     11674       1066       3568         64       2216     174935   Object Totals
         0          0         32          0          0          0   (incl. Generated)
         6          0          8          3         12          0   (incl. Padding)

    ----------------------------------------------------------------------

      Code (inc. data)   RO Data    RW Data    ZI Data      Debug   Library Member Name

         8          0          0          0          0         68   __main.o
       312          6         17          0          0         76   __printf_flags_wp.o
        14          0          0          0          0         60   __printf_wp.o
         0          0          0          0          0          0   __rtentry.o
        12          0          0          0          0          0   __rtentry2.o
         6          0          0          0          0          0   __rtentry4.o
        86         10          0          0          0          0   __scatter.o
        26          0          0          0          0          0   __scatter_copy.o
        28          0          0          0          0          0   __scatter_zi.o
        48          6          0          0          0         88   _printf_char_common.o
        40          6          0          0          0         72   _printf_char_file.o
        10          0          0          0          0          0   _printf_d.o
       108         18          0          0          0         76   _printf_dec.o
        88          4         40          0          0         72   _printf_hex_int.o
       176          0          0          0          0         84   _printf_intcommon.o
        78          0          0          0          0        100   _printf_pad.o
         2          0          0          0          0          0   _printf_percent.o
         4          0          0          0          0          0   _printf_percent_end.o
        10          0          0          0          0          0   _printf_x.o
        22          0          0          0          0         92   _rserrno.o
       502          0          0          0          0         92   aeabi_sdivfast.o
        16          0          0          0          0         68   exit.o
         8          0          0          0          0         60   ferror.o
         6          0          0          0          0        136   heapauxi.o
         2          0          0          0          0          0   libinit.o
         2          0          0          0          0          0   libinit2.o
         2          0          0          0          0          0   libshutdown.o
         2          0          0          0          0          0   libshutdown2.o
         8          4          0          0         96         68   libspace.o
        90          0          0          0          0         68   memcmp.o
        28          6          0          0          0         84   noretval__2printf.o
        44          6          0          0          0         68   puts.o
         8          4          0          0          0         68   rt_errno_addr_intlibspace.o
         2          0          0          0          0          0   rtexit.o
        10          0          0          0          0          0   rtexit2.o
        40          0          0          0          0         60   rtudiv10.o
        62          0          0          0          0         80   sys_stackheap_outer.o
        46          0          0          0          0         60   cmpret.o
       124          4          0          0          0         72   d2f.o
       856         20          0          0          0        208   daddsub.o
       160          6          0          0          0         76   dcmpin.o
      1096         26        128          0          0        112   ddiv.o
       100          4          0          0          0         92   deqf.o
       584         26          0          0          0         84   dmul.o
        20          6          0          0          0         68   dnan2.o
        96         12          0          0          0         72   dscalbn.o
       256          8          0          0          0         76   dsqrt.o
        84          4          0          0          0         60   f2d.o
       348          8          0          0          0        160   faddsub.o
       352         10         64          0          0         92   fdiv.o
        76          0          0          0          0         68   ffixi.o
        94          0          0          0          0         92   fflti.o
       176          4          0          0          0         80   fmul.o
        94          0          0          0          0         68   retnan.o
         0          0          0          0          0          0   usenofp.o
       628         54         80          0          0        104   asin.o
       540         68        152          0          0        112   atan.o
       412         40          0          0          0        144   atan2.o
        54          6          0          0          0        272   dunder.o
        44          4          0          0          0         60   fpclassify.o
       172          0          0          0          0         76   poly.o
         0          0          8          0          0          0   qnan.o
        72          6          0          0          0         76   sqrt.o

    ----------------------------------------------------------------------
      8418        390        492          0         96       4024   Library Totals
        24          4          3          0          0          0   (incl. Padding)

    ----------------------------------------------------------------------

      Code (inc. data)   RO Data    RW Data    ZI Data      Debug   Library Name

      1910         70         57          0         96       1640   c_p.l
      4562        138        192          0          0       1540   fz_ps.l
      1922        178        240          0          0        844   m_ps.l

    ----------------------------------------------------------------------
      8418        390        492          0         96       4024   Library Totals

    ----------------------------------------------------------------------

==============================================================================


      Code (inc. data)   RO Data    RW Data    ZI Data      Debug   

     20092       1456       4060         64       2312     176867   Grand Totals
     20092       1456       4060         64       2312     176867   ELF Image Totals
     20092       1456       4060         64          0          0   ROM Totals

==============================================================================

    Total RO  Size (Code + RO Data)                24152 (  23.59kB)
    Total RW  Size (RW Data + ZI Data)              2376 (   2.32kB)
    Total ROM Size (Code + RO Data + RW Data)      24216 (  23.65kB)

==============================================================================

